-- Found ament_cmake: 1.3.12 (/opt/ros/humble/share/ament_cmake/cmake)
-- Found rclcpp: 16.0.15 (/opt/ros/humble/share/rclcpp/cmake)
-- Found rosidl_generator_c: 3.1.7 (/opt/ros/humble/share/rosidl_generator_c/cmake)
-- Found rosidl_adapter: 3.1.7 (/opt/ros/humble/share/rosidl_adapter/cmake)
-- Found rosidl_generator_cpp: 3.1.7 (/opt/ros/humble/share/rosidl_generator_cpp/cmake)
-- Using all available rosidl_typesupport_c: rosidl_typesupport_fastrtps_c;rosidl_typesupport_introspection_c
-- Using all available rosidl_typesupport_cpp: rosidl_typesupport_fastrtps_cpp;rosidl_typesupport_introspection_cpp
-- Found rmw_implementation_cmake: 6.1.2 (/opt/ros/humble/share/rmw_implementation_cmake/cmake)
-- Found rmw_fastrtps_cpp: 6.2.9 (/opt/ros/humble/share/rmw_fastrtps_cpp/cmake)
-- Using RMW implementation 'rmw_fastrtps_cpp' as default
-- Found ament_lint_auto: 0.12.14 (/opt/ros/humble/share/ament_lint_auto/cmake)
-- Added test 'cppcheck' to perform static code analysis on C / C++ code
-- Configured cppcheck include dirs: 
-- Configured cppcheck exclude dirs and/or files: 
-- Added test 'lint_cmake' to check CMake code style
-- Added test 'uncrustify' to check C / C++ code style
-- Configured uncrustify additional arguments: 
-- Added test 'xmllint' to check XML markup files
-- Configuring done
-- Generating done
-- Build files have been written to: /home/wublabdubdub/Learn/DFG/Ros2_WS/build/topic
[ 50%] [32mBuilding CXX object CMakeFiles/TopicPublisher.dir/src/Topic_Publisher.cpp.o[0m
[100%] [32m[1mLinking CXX executable TopicPublisher[0m
[100%] Built target TopicPublisher
-- Install configuration: ""
-- Up-to-date: /home/wublabdubdub/Learn/DFG/Ros2_WS/install/topic/share/ament_index/resource_index/package_run_dependencies/topic
-- Installing: /home/wublabdubdub/Learn/DFG/Ros2_WS/install/topic/share/ament_index/resource_index/parent_prefix_path/topic
-- Up-to-date: /home/wublabdubdub/Learn/DFG/Ros2_WS/install/topic/share/topic/environment/ament_prefix_path.sh
-- Installing: /home/wublabdubdub/Learn/DFG/Ros2_WS/install/topic/share/topic/environment/ament_prefix_path.dsv
-- Up-to-date: /home/wublabdubdub/Learn/DFG/Ros2_WS/install/topic/share/topic/environment/path.sh
-- Installing: /home/wublabdubdub/Learn/DFG/Ros2_WS/install/topic/share/topic/environment/path.dsv
-- Up-to-date: /home/wublabdubdub/Learn/DFG/Ros2_WS/install/topic/share/topic/local_setup.bash
-- Up-to-date: /home/wublabdubdub/Learn/DFG/Ros2_WS/install/topic/share/topic/local_setup.sh
-- Up-to-date: /home/wublabdubdub/Learn/DFG/Ros2_WS/install/topic/share/topic/local_setup.zsh
-- Installing: /home/wublabdubdub/Learn/DFG/Ros2_WS/install/topic/share/topic/local_setup.dsv
-- Installing: /home/wublabdubdub/Learn/DFG/Ros2_WS/install/topic/share/topic/package.dsv
-- Up-to-date: /home/wublabdubdub/Learn/DFG/Ros2_WS/install/topic/share/ament_index/resource_index/packages/topic
-- Up-to-date: /home/wublabdubdub/Learn/DFG/Ros2_WS/install/topic/share/topic/cmake/topicConfig.cmake
-- Up-to-date: /home/wublabdubdub/Learn/DFG/Ros2_WS/install/topic/share/topic/cmake/topicConfig-version.cmake
-- Up-to-date: /home/wublabdubdub/Learn/DFG/Ros2_WS/install/topic/share/topic/package.xml
-- Installing: /home/wublabdubdub/Learn/DFG/Ros2_WS/install/topic/lib/topic/TopicPublisher
-- Set runtime path of "/home/wublabdubdub/Learn/DFG/Ros2_WS/install/topic/lib/topic/TopicPublisher" to ""
