[0.055s] Invoking command in '/home/wublabdubdub/Learn/DFG/Ros2_WS/build/demo_tf': CMAKE_PREFIX_PATH=${CMAKE_PREFIX_PATH}:/opt/ros/humble /usr/bin/cmake --build /home/wublabdubdub/Learn/DFG/Ros2_WS/build/demo_tf -- -j2 -l2
[0.454s] [ 33%] Built target dynamic_tf_broadcaster
[0.493s] [ 66%] Built target static_tf_broadcaster
[0.546s] [100%] Built target tf_listener
[0.594s] Invoked command in '/home/wublabdubdub/Learn/DFG/Ros2_WS/build/demo_tf' returned '0': CMAKE_PREFIX_PATH=${CMAKE_PREFIX_PATH}:/opt/ros/humble /usr/bin/cmake --build /home/wublabdubdub/Learn/DFG/Ros2_WS/build/demo_tf -- -j2 -l2
[0.646s] Invoking command in '/home/wublabdubdub/Learn/DFG/Ros2_WS/build/demo_tf': CMAKE_PREFIX_PATH=${CMAKE_PREFIX_PATH}:/opt/ros/humble /usr/bin/cmake --install /home/wublabdubdub/Learn/DFG/Ros2_WS/build/demo_tf
[0.682s] -- Install configuration: ""
[0.687s] -- Up-to-date: /home/wublabdubdub/Learn/DFG/Ros2_WS/install/demo_tf/lib/demo_tf/static_tf_broadcaster
[0.691s] -- Up-to-date: /home/wublabdubdub/Learn/DFG/Ros2_WS/install/demo_tf/lib/demo_tf/dynamic_tf_broadcaster
[0.695s] -- Up-to-date: /home/wublabdubdub/Learn/DFG/Ros2_WS/install/demo_tf/lib/demo_tf/tf_listener
[0.698s] -- Up-to-date: /home/wublabdubdub/Learn/DFG/Ros2_WS/install/demo_tf/share/demo_tf/launch
[0.700s] -- Installing: /home/wublabdubdub/Learn/DFG/Ros2_WS/install/demo_tf/share/demo_tf/launch/tf.launch.py
[0.700s] -- Up-to-date: /home/wublabdubdub/Learn/DFG/Ros2_WS/install/demo_tf/share/ament_index/resource_index/package_run_dependencies/demo_tf
[0.700s] -- Up-to-date: /home/wublabdubdub/Learn/DFG/Ros2_WS/install/demo_tf/share/ament_index/resource_index/parent_prefix_path/demo_tf
[0.700s] -- Up-to-date: /home/wublabdubdub/Learn/DFG/Ros2_WS/install/demo_tf/share/demo_tf/environment/ament_prefix_path.sh
[0.700s] -- Up-to-date: /home/wublabdubdub/Learn/DFG/Ros2_WS/install/demo_tf/share/demo_tf/environment/ament_prefix_path.dsv
[0.700s] -- Up-to-date: /home/wublabdubdub/Learn/DFG/Ros2_WS/install/demo_tf/share/demo_tf/environment/path.sh
[0.700s] -- Up-to-date: /home/wublabdubdub/Learn/DFG/Ros2_WS/install/demo_tf/share/demo_tf/environment/path.dsv
[0.702s] -- Up-to-date: /home/wublabdubdub/Learn/DFG/Ros2_WS/install/demo_tf/share/demo_tf/local_setup.bash
[0.702s] -- Up-to-date: /home/wublabdubdub/Learn/DFG/Ros2_WS/install/demo_tf/share/demo_tf/local_setup.sh
[0.704s] -- Up-to-date: /home/wublabdubdub/Learn/DFG/Ros2_WS/install/demo_tf/share/demo_tf/local_setup.zsh
[0.704s] -- Up-to-date: /home/wublabdubdub/Learn/DFG/Ros2_WS/install/demo_tf/share/demo_tf/local_setup.dsv
[0.704s] -- Installing: /home/wublabdubdub/Learn/DFG/Ros2_WS/install/demo_tf/share/demo_tf/package.dsv
[0.705s] -- Up-to-date: /home/wublabdubdub/Learn/DFG/Ros2_WS/install/demo_tf/share/ament_index/resource_index/packages/demo_tf
[0.705s] -- Up-to-date: /home/wublabdubdub/Learn/DFG/Ros2_WS/install/demo_tf/share/demo_tf/cmake/demo_tfConfig.cmake
[0.705s] -- Up-to-date: /home/wublabdubdub/Learn/DFG/Ros2_WS/install/demo_tf/share/demo_tf/cmake/demo_tfConfig-version.cmake
[0.708s] -- Up-to-date: /home/wublabdubdub/Learn/DFG/Ros2_WS/install/demo_tf/share/demo_tf/package.xml
[0.712s] Invoked command in '/home/wublabdubdub/Learn/DFG/Ros2_WS/build/demo_tf' returned '0': CMAKE_PREFIX_PATH=${CMAKE_PREFIX_PATH}:/opt/ros/humble /usr/bin/cmake --install /home/wublabdubdub/Learn/DFG/Ros2_WS/build/demo_tf
