[0.088s] Invoking command in '/home/wublabdubdub/Learn/DFG/Ros2_WS/build/robot_description': CMAKE_PREFIX_PATH=${CMAKE_PREFIX_PATH}:/opt/ros/humble /usr/bin/cmake --build /home/wublabdubdub/Learn/DFG/Ros2_WS/build/robot_description -- -j2 -l2
[0.303s] Invoked command in '/home/wublabdubdub/Learn/DFG/Ros2_WS/build/robot_description' returned '0': CMAKE_PREFIX_PATH=${CMAKE_PREFIX_PATH}:/opt/ros/humble /usr/bin/cmake --build /home/wublabdubdub/Learn/DFG/Ros2_WS/build/robot_description -- -j2 -l2
[0.342s] Invoking command in '/home/wublabdubdub/Learn/DFG/Ros2_WS/build/robot_description': CMAKE_PREFIX_PATH=${CMAKE_PREFIX_PATH}:/opt/ros/humble /usr/bin/cmake --install /home/wublabdubdub/Learn/DFG/Ros2_WS/build/robot_description
[0.383s] -- Install configuration: ""
[0.383s] -- Up-to-date: /home/wublabdubdub/Learn/DFG/Ros2_WS/install/robot_description/share/robot_description/launch
[0.385s] -- Up-to-date: /home/wublabdubdub/Learn/DFG/Ros2_WS/install/robot_description/share/robot_description/launch/display_robot.launch.py
[0.385s] -- Up-to-date: /home/wublabdubdub/Learn/DFG/Ros2_WS/install/robot_description/share/robot_description/urdf
[0.385s] -- Up-to-date: /home/wublabdubdub/Learn/DFG/Ros2_WS/install/robot_description/share/robot_description/urdf/first_robot.urdf
[0.386s] -- Up-to-date: /home/wublabdubdub/Learn/DFG/Ros2_WS/install/robot_description/share/robot_description/urdf/fishbot
[0.386s] -- Up-to-date: /home/wublabdubdub/Learn/DFG/Ros2_WS/install/robot_description/share/robot_description/urdf/fishbot/sensor
[0.386s] -- Installing: /home/wublabdubdub/Learn/DFG/Ros2_WS/install/robot_description/share/robot_description/urdf/fishbot/sensor/camera.urdf.xacro
[0.386s] -- Up-to-date: /home/wublabdubdub/Learn/DFG/Ros2_WS/install/robot_description/share/robot_description/urdf/fishbot/sensor/imu.urdf.xacro
[0.386s] -- Installing: /home/wublabdubdub/Learn/DFG/Ros2_WS/install/robot_description/share/robot_description/urdf/fishbot/sensor/laser.urdf.xacro
[0.386s] -- Up-to-date: /home/wublabdubdub/Learn/DFG/Ros2_WS/install/robot_description/share/robot_description/urdf/fishbot/base.urdf.xacro
[0.386s] -- Up-to-date: /home/wublabdubdub/Learn/DFG/Ros2_WS/install/robot_description/share/robot_description/urdf/fishbot/actuator
[0.386s] -- Up-to-date: /home/wublabdubdub/Learn/DFG/Ros2_WS/install/robot_description/share/robot_description/urdf/fishbot/actuator/wheel.urdf.xacro
[0.386s] -- Up-to-date: /home/wublabdubdub/Learn/DFG/Ros2_WS/install/robot_description/share/robot_description/urdf/fishbot/fishbot.urdf.xacro
[0.386s] -- Up-to-date: /home/wublabdubdub/Learn/DFG/Ros2_WS/install/robot_description/share/robot_description/urdf/first_robot.gv
[0.386s] -- Up-to-date: /home/wublabdubdub/Learn/DFG/Ros2_WS/install/robot_description/share/robot_description/urdf/first_robot.xacro
[0.386s] -- Up-to-date: /home/wublabdubdub/Learn/DFG/Ros2_WS/install/robot_description/share/robot_description/urdf/first_robot.pdf
[0.386s] -- Up-to-date: /home/wublabdubdub/Learn/DFG/Ros2_WS/install/robot_description/share/ament_index/resource_index/package_run_dependencies/robot_description
[0.386s] -- Up-to-date: /home/wublabdubdub/Learn/DFG/Ros2_WS/install/robot_description/share/ament_index/resource_index/parent_prefix_path/robot_description
[0.387s] -- Up-to-date: /home/wublabdubdub/Learn/DFG/Ros2_WS/install/robot_description/share/robot_description/environment/ament_prefix_path.sh
[0.387s] -- Up-to-date: /home/wublabdubdub/Learn/DFG/Ros2_WS/install/robot_description/share/robot_description/environment/ament_prefix_path.dsv
[0.387s] -- Up-to-date: /home/wublabdubdub/Learn/DFG/Ros2_WS/install/robot_description/share/robot_description/environment/path.sh
[0.388s] -- Up-to-date: /home/wublabdubdub/Learn/DFG/Ros2_WS/install/robot_description/share/robot_description/environment/path.dsv
[0.388s] -- Up-to-date: /home/wublabdubdub/Learn/DFG/Ros2_WS/install/robot_description/share/robot_description/local_setup.bash
[0.388s] -- Up-to-date: /home/wublabdubdub/Learn/DFG/Ros2_WS/install/robot_description/share/robot_description/local_setup.sh
[0.388s] -- Up-to-date: /home/wublabdubdub/Learn/DFG/Ros2_WS/install/robot_description/share/robot_description/local_setup.zsh
[0.388s] -- Up-to-date: /home/wublabdubdub/Learn/DFG/Ros2_WS/install/robot_description/share/robot_description/local_setup.dsv
[0.388s] -- Installing: /home/wublabdubdub/Learn/DFG/Ros2_WS/install/robot_description/share/robot_description/package.dsv
[0.388s] -- Up-to-date: /home/wublabdubdub/Learn/DFG/Ros2_WS/install/robot_description/share/ament_index/resource_index/packages/robot_description
[0.389s] -- Up-to-date: /home/wublabdubdub/Learn/DFG/Ros2_WS/install/robot_description/share/robot_description/cmake/robot_descriptionConfig.cmake
[0.390s] -- Up-to-date: /home/wublabdubdub/Learn/DFG/Ros2_WS/install/robot_description/share/robot_description/cmake/robot_descriptionConfig-version.cmake
[0.390s] -- Up-to-date: /home/wublabdubdub/Learn/DFG/Ros2_WS/install/robot_description/share/robot_description/package.xml
[0.395s] Invoked command in '/home/wublabdubdub/Learn/DFG/Ros2_WS/build/robot_description' returned '0': CMAKE_PREFIX_PATH=${CMAKE_PREFIX_PATH}:/opt/ros/humble /usr/bin/cmake --install /home/wublabdubdub/Learn/DFG/Ros2_WS/build/robot_description
