[ 50%] Built target dynamic_tf_broadcaster
[ 66%] Built target static_tf_broadcaster
[100%] Built target tf_listener
-- Install configuration: ""
-- Up-to-date: /home/wublabdubdub/Learn/DFG/Ros2_WS/install/demo_tf/lib/demo_tf/static_tf_broadcaster
-- Up-to-date: /home/wublabdubdub/Learn/DFG/Ros2_WS/install/demo_tf/lib/demo_tf/dynamic_tf_broadcaster
-- Up-to-date: /home/wublabdubdub/Learn/DFG/Ros2_WS/install/demo_tf/lib/demo_tf/tf_listener
-- Up-to-date: /home/wublabdubdub/Learn/DFG/Ros2_WS/install/demo_tf/share/demo_tf/launch
-- Installing: /home/wublabdubdub/Learn/DFG/Ros2_WS/install/demo_tf/share/demo_tf/launch/tf.launch.py
-- Up-to-date: /home/wublabdubdub/Learn/DFG/Ros2_WS/install/demo_tf/share/ament_index/resource_index/package_run_dependencies/demo_tf
-- Up-to-date: /home/wublabdubdub/Learn/DFG/Ros2_WS/install/demo_tf/share/ament_index/resource_index/parent_prefix_path/demo_tf
-- Up-to-date: /home/wublabdubdub/Learn/DFG/Ros2_WS/install/demo_tf/share/demo_tf/environment/ament_prefix_path.sh
-- Up-to-date: /home/wublabdubdub/Learn/DFG/Ros2_WS/install/demo_tf/share/demo_tf/environment/ament_prefix_path.dsv
-- Up-to-date: /home/wublabdubdub/Learn/DFG/Ros2_WS/install/demo_tf/share/demo_tf/environment/path.sh
-- Up-to-date: /home/wublabdubdub/Learn/DFG/Ros2_WS/install/demo_tf/share/demo_tf/environment/path.dsv
-- Up-to-date: /home/wublabdubdub/Learn/DFG/Ros2_WS/install/demo_tf/share/demo_tf/local_setup.bash
-- Up-to-date: /home/wublabdubdub/Learn/DFG/Ros2_WS/install/demo_tf/share/demo_tf/local_setup.sh
-- Up-to-date: /home/wublabdubdub/Learn/DFG/Ros2_WS/install/demo_tf/share/demo_tf/local_setup.zsh
-- Up-to-date: /home/wublabdubdub/Learn/DFG/Ros2_WS/install/demo_tf/share/demo_tf/local_setup.dsv
-- Installing: /home/wublabdubdub/Learn/DFG/Ros2_WS/install/demo_tf/share/demo_tf/package.dsv
-- Up-to-date: /home/wublabdubdub/Learn/DFG/Ros2_WS/install/demo_tf/share/ament_index/resource_index/packages/demo_tf
-- Up-to-date: /home/wublabdubdub/Learn/DFG/Ros2_WS/install/demo_tf/share/demo_tf/cmake/demo_tfConfig.cmake
-- Up-to-date: /home/wublabdubdub/Learn/DFG/Ros2_WS/install/demo_tf/share/demo_tf/cmake/demo_tfConfig-version.cmake
-- Up-to-date: /home/wublabdubdub/Learn/DFG/Ros2_WS/install/demo_tf/share/demo_tf/package.xml
