[0.015s] Invoking command in '/home/wublabdubdub/Learn/DFG/Ros2_WS/build/demo_tf': CMAKE_PREFIX_PATH=${CMAKE_PREFIX_PATH}:/opt/ros/humble /usr/bin/cmake --build /home/wublabdubdub/Learn/DFG/Ros2_WS/build/demo_tf -- -j2 -l2
[0.113s] [ 50%] Built target dynamic_tf_broadcaster
[0.113s] [ 66%] Built target static_tf_broadcaster
[0.158s] [100%] Built target tf_listener
[0.174s] Invoked command in '/home/wublabdubdub/Learn/DFG/Ros2_WS/build/demo_tf' returned '0': CMAKE_PREFIX_PATH=${CMAKE_PREFIX_PATH}:/opt/ros/humble /usr/bin/cmake --build /home/wublabdubdub/Learn/DFG/Ros2_WS/build/demo_tf -- -j2 -l2
[0.192s] Invoking command in '/home/wublabdubdub/Learn/DFG/Ros2_WS/build/demo_tf': CMAKE_PREFIX_PATH=${CMAKE_PREFIX_PATH}:/opt/ros/humble /usr/bin/cmake --install /home/wublabdubdub/Learn/DFG/Ros2_WS/build/demo_tf
[0.201s] -- Install configuration: ""
[0.201s] -- Up-to-date: /home/wublabdubdub/Learn/DFG/Ros2_WS/install/demo_tf/lib/demo_tf/static_tf_broadcaster
[0.201s] -- Up-to-date: /home/wublabdubdub/Learn/DFG/Ros2_WS/install/demo_tf/lib/demo_tf/dynamic_tf_broadcaster
[0.204s] -- Up-to-date: /home/wublabdubdub/Learn/DFG/Ros2_WS/install/demo_tf/lib/demo_tf/tf_listener
[0.207s] -- Up-to-date: /home/wublabdubdub/Learn/DFG/Ros2_WS/install/demo_tf/share/demo_tf/launch
[0.208s] -- Installing: /home/wublabdubdub/Learn/DFG/Ros2_WS/install/demo_tf/share/demo_tf/launch/tf.launch.py
[0.209s] -- Up-to-date: /home/wublabdubdub/Learn/DFG/Ros2_WS/install/demo_tf/share/ament_index/resource_index/package_run_dependencies/demo_tf
[0.209s] -- Up-to-date: /home/wublabdubdub/Learn/DFG/Ros2_WS/install/demo_tf/share/ament_index/resource_index/parent_prefix_path/demo_tf
[0.209s] -- Up-to-date: /home/wublabdubdub/Learn/DFG/Ros2_WS/install/demo_tf/share/demo_tf/environment/ament_prefix_path.sh
[0.209s] -- Up-to-date: /home/wublabdubdub/Learn/DFG/Ros2_WS/install/demo_tf/share/demo_tf/environment/ament_prefix_path.dsv
[0.209s] -- Up-to-date: /home/wublabdubdub/Learn/DFG/Ros2_WS/install/demo_tf/share/demo_tf/environment/path.sh
[0.209s] -- Up-to-date: /home/wublabdubdub/Learn/DFG/Ros2_WS/install/demo_tf/share/demo_tf/environment/path.dsv
[0.209s] -- Up-to-date: /home/wublabdubdub/Learn/DFG/Ros2_WS/install/demo_tf/share/demo_tf/local_setup.bash
[0.209s] -- Up-to-date: /home/wublabdubdub/Learn/DFG/Ros2_WS/install/demo_tf/share/demo_tf/local_setup.sh
[0.209s] -- Up-to-date: /home/wublabdubdub/Learn/DFG/Ros2_WS/install/demo_tf/share/demo_tf/local_setup.zsh
[0.210s] -- Up-to-date: /home/wublabdubdub/Learn/DFG/Ros2_WS/install/demo_tf/share/demo_tf/local_setup.dsv
[0.210s] -- Installing: /home/wublabdubdub/Learn/DFG/Ros2_WS/install/demo_tf/share/demo_tf/package.dsv
[0.210s] -- Up-to-date: /home/wublabdubdub/Learn/DFG/Ros2_WS/install/demo_tf/share/ament_index/resource_index/packages/demo_tf
[0.210s] -- Up-to-date: /home/wublabdubdub/Learn/DFG/Ros2_WS/install/demo_tf/share/demo_tf/cmake/demo_tfConfig.cmake
[0.210s] -- Up-to-date: /home/wublabdubdub/Learn/DFG/Ros2_WS/install/demo_tf/share/demo_tf/cmake/demo_tfConfig-version.cmake
[0.210s] -- Up-to-date: /home/wublabdubdub/Learn/DFG/Ros2_WS/install/demo_tf/share/demo_tf/package.xml
[0.214s] Invoked command in '/home/wublabdubdub/Learn/DFG/Ros2_WS/build/demo_tf' returned '0': CMAKE_PREFIX_PATH=${CMAKE_PREFIX_PATH}:/opt/ros/humble /usr/bin/cmake --install /home/wublabdubdub/Learn/DFG/Ros2_WS/build/demo_tf
