[35m[1mConsolidate compiler generated dependencies of target ServiceClient[0m
[ 50%] Built target ServiceServer
[ 75%] [32mBuilding CXX object CMakeFiles/ServiceClient.dir/src/Service_Client.cpp.o[0m
In file included from [01m[K/opt/ros/humble/include/rclcpp/rclcpp/logging.hpp:24[m[K,
                 from [01m[K/opt/ros/humble/include/rclcpp/rclcpp/client.hpp:40[m[K,
                 from [01m[K/opt/ros/humble/include/rclcpp/rclcpp/callback_group.hpp:24[m[K,
                 from [01m[K/opt/ros/humble/include/rclcpp/rclcpp/any_executable.hpp:20[m[K,
                 from [01m[K/opt/ros/humble/include/rclcpp/rclcpp/memory_strategy.hpp:25[m[K,
                 from [01m[K/opt/ros/humble/include/rclcpp/rclcpp/memory_strategies.hpp:18[m[K,
                 from [01m[K/opt/ros/humble/include/rclcpp/rclcpp/executor_options.hpp:20[m[K,
                 from [01m[K/opt/ros/humble/include/rclcpp/rclcpp/executor.hpp:37[m[K,
                 from [01m[K/opt/ros/humble/include/rclcpp/rclcpp/executors/multi_threaded_executor.hpp:25[m[K,
                 from [01m[K/opt/ros/humble/include/rclcpp/rclcpp/executors.hpp:21[m[K,
                 from [01m[K/opt/ros/humble/include/rclcpp/rclcpp/rclcpp.hpp:155[m[K,
                 from [01m[K/home/wublabdubdub/Learn/DFG/Ros2_WS/src/service/src/Service_Client.cpp:1[m[K:
[01m[K/home/wublabdubdub/Learn/DFG/Ros2_WS/src/service/src/Service_Client.cpp:[m[K In member function ‘[01m[Kvoid ServiceClient::result_callback_(rclcpp::Client<example_interfaces::srv::AddTwoInts>::SharedFuture)[m[K’:
[01m[K/home/wublabdubdub/Learn/DFG/Ros2_WS/src/service/src/Service_Client.cpp:34:40:[m[K [01;35m[Kwarning: [m[Kformat ‘[01m[K%d[m[K’ expects argument of type ‘[01m[Kint[m[K’, but argument 5 has type ‘[01m[Kexample_interfaces::srv::AddTwoInts_Response_<std::allocator<void> >::_sum_type[m[K’ {aka ‘[01m[Klong int[m[K’} [[01;35m[K]8;;https://gcc.gnu.org/onlinedocs/gcc/Warning-Options.html#index-Wformat=-Wformat=]8;;[m[K]
   34 |         RCLCPP_INFO(this->get_logger(),[01;35m[K"结果%d"[m[K,[32m[Kresponse->sum[m[K);
      |                                        [01;35m[K^~~~~~~~[m[K [32m[K~~~~~~~~~~~~~[m[K
      |                                                           [32m[K|[m[K
      |                                                           [32m[Kexample_interfaces::srv::AddTwoInts_Response_<std::allocator<void> >::_sum_type {aka long int}[m[K
[01m[K/home/wublabdubdub/Learn/DFG/Ros2_WS/src/service/src/Service_Client.cpp:34:46:[m[K [01;36m[Knote: [m[Kformat string is defined here
   34 |         RCLCPP_INFO(this->get_logger(),"结果[01;36m[K%d[m[K",response->sum);
      |                                             [01;36m[K~^[m[K
      |                                              [01;36m[K|[m[K
      |                                              [01;36m[Kint[m[K
      |                                             [32m[K%ld[m[K
[100%] [32m[1mLinking CXX executable ServiceClient[0m
[100%] Built target ServiceClient
-- Install configuration: ""
-- Up-to-date: /home/wublabdubdub/Learn/DFG/Ros2_WS/install/service/share/ament_index/resource_index/package_run_dependencies/service
-- Up-to-date: /home/wublabdubdub/Learn/DFG/Ros2_WS/install/service/share/ament_index/resource_index/parent_prefix_path/service
-- Up-to-date: /home/wublabdubdub/Learn/DFG/Ros2_WS/install/service/share/service/environment/ament_prefix_path.sh
-- Up-to-date: /home/wublabdubdub/Learn/DFG/Ros2_WS/install/service/share/service/environment/ament_prefix_path.dsv
-- Up-to-date: /home/wublabdubdub/Learn/DFG/Ros2_WS/install/service/share/service/environment/path.sh
-- Up-to-date: /home/wublabdubdub/Learn/DFG/Ros2_WS/install/service/share/service/environment/path.dsv
-- Up-to-date: /home/wublabdubdub/Learn/DFG/Ros2_WS/install/service/share/service/local_setup.bash
-- Up-to-date: /home/wublabdubdub/Learn/DFG/Ros2_WS/install/service/share/service/local_setup.sh
-- Up-to-date: /home/wublabdubdub/Learn/DFG/Ros2_WS/install/service/share/service/local_setup.zsh
-- Up-to-date: /home/wublabdubdub/Learn/DFG/Ros2_WS/install/service/share/service/local_setup.dsv
-- Installing: /home/wublabdubdub/Learn/DFG/Ros2_WS/install/service/share/service/package.dsv
-- Up-to-date: /home/wublabdubdub/Learn/DFG/Ros2_WS/install/service/share/ament_index/resource_index/packages/service
-- Up-to-date: /home/wublabdubdub/Learn/DFG/Ros2_WS/install/service/share/service/cmake/serviceConfig.cmake
-- Up-to-date: /home/wublabdubdub/Learn/DFG/Ros2_WS/install/service/share/service/cmake/serviceConfig-version.cmake
-- Up-to-date: /home/wublabdubdub/Learn/DFG/Ros2_WS/install/service/share/service/package.xml
-- Up-to-date: /home/wublabdubdub/Learn/DFG/Ros2_WS/install/service/lib/service/ServiceServer
-- Installing: /home/wublabdubdub/Learn/DFG/Ros2_WS/install/service/lib/service/ServiceClient
-- Set runtime path of "/home/wublabdubdub/Learn/DFG/Ros2_WS/install/service/lib/service/ServiceClient" to ""
