[0.027s] Invoking command in '/home/wublabdubdub/Learn/DFG/Ros2_WS/build/service': CMAKE_PREFIX_PATH=${CMAKE_PREFIX_PATH}:/opt/ros/humble /usr/bin/cmake /home/wublabdubdub/Learn/DFG/Ros2_WS/src/service -DCMAKE_INSTALL_PREFIX=/home/wublabdubdub/Learn/DFG/Ros2_WS/install/service
[0.074s] -- Found ament_cmake: 1.3.12 (/opt/ros/humble/share/ament_cmake/cmake)
[0.468s] -- Found rclcpp: 16.0.15 (/opt/ros/humble/share/rclcpp/cmake)
[0.536s] -- Found rosidl_generator_c: 3.1.7 (/opt/ros/humble/share/rosidl_generator_c/cmake)
[0.545s] -- Found rosidl_adapter: 3.1.7 (/opt/ros/humble/share/rosidl_adapter/cmake)
[0.559s] -- Found rosidl_generator_cpp: 3.1.7 (/opt/ros/humble/share/rosidl_generator_cpp/cmake)
[0.570s] -- Using all available rosidl_typesupport_c: rosidl_typesupport_fastrtps_c;rosidl_typesupport_introspection_c
[0.586s] -- Using all available rosidl_typesupport_cpp: rosidl_typesupport_fastrtps_cpp;rosidl_typesupport_introspection_cpp
[0.626s] -- Found rmw_implementation_cmake: 6.1.2 (/opt/ros/humble/share/rmw_implementation_cmake/cmake)
[0.629s] -- Found rmw_fastrtps_cpp: 6.2.9 (/opt/ros/humble/share/rmw_fastrtps_cpp/cmake)
[0.754s] -- Using RMW implementation 'rmw_fastrtps_cpp' as default
[0.844s] -- Found ament_lint_auto: 0.12.14 (/opt/ros/humble/share/ament_lint_auto/cmake)
[1.010s] -- Added test 'cppcheck' to perform static code analysis on C / C++ code
[1.010s] -- Configured cppcheck include dirs: 
[1.010s] -- Configured cppcheck exclude dirs and/or files: 
[1.011s] -- Added test 'lint_cmake' to check CMake code style
[1.012s] -- Added test 'uncrustify' to check C / C++ code style
[1.013s] -- Configured uncrustify additional arguments: 
[1.014s] -- Added test 'xmllint' to check XML markup files
[1.018s] -- Configuring done
[1.038s] -- Generating done
[1.045s] -- Build files have been written to: /home/wublabdubdub/Learn/DFG/Ros2_WS/build/service
[1.076s] Invoked command in '/home/wublabdubdub/Learn/DFG/Ros2_WS/build/service' returned '0': CMAKE_PREFIX_PATH=${CMAKE_PREFIX_PATH}:/opt/ros/humble /usr/bin/cmake /home/wublabdubdub/Learn/DFG/Ros2_WS/src/service -DCMAKE_INSTALL_PREFIX=/home/wublabdubdub/Learn/DFG/Ros2_WS/install/service
[1.077s] Invoking command in '/home/wublabdubdub/Learn/DFG/Ros2_WS/build/service': CMAKE_PREFIX_PATH=${CMAKE_PREFIX_PATH}:/opt/ros/humble /usr/bin/cmake --build /home/wublabdubdub/Learn/DFG/Ros2_WS/build/service -- -j2 -l2
[1.265s] [ 50%] [32mBuilding CXX object CMakeFiles/ServiceServer.dir/src/Service_Server.cpp.o[0m
[9.734s] [100%] [32m[1mLinking CXX executable ServiceServer[0m
[9.990s] [100%] Built target ServiceServer
[10.025s] Invoked command in '/home/wublabdubdub/Learn/DFG/Ros2_WS/build/service' returned '0': CMAKE_PREFIX_PATH=${CMAKE_PREFIX_PATH}:/opt/ros/humble /usr/bin/cmake --build /home/wublabdubdub/Learn/DFG/Ros2_WS/build/service -- -j2 -l2
[10.055s] Invoking command in '/home/wublabdubdub/Learn/DFG/Ros2_WS/build/service': CMAKE_PREFIX_PATH=${CMAKE_PREFIX_PATH}:/opt/ros/humble /usr/bin/cmake --install /home/wublabdubdub/Learn/DFG/Ros2_WS/build/service
[10.085s] -- Install configuration: ""
[10.087s] -- Installing: /home/wublabdubdub/Learn/DFG/Ros2_WS/install/service/share/ament_index/resource_index/package_run_dependencies/service
[10.087s] -- Installing: /home/wublabdubdub/Learn/DFG/Ros2_WS/install/service/share/ament_index/resource_index/parent_prefix_path/service
[10.088s] -- Installing: /home/wublabdubdub/Learn/DFG/Ros2_WS/install/service/share/service/environment/ament_prefix_path.sh
[10.089s] -- Installing: /home/wublabdubdub/Learn/DFG/Ros2_WS/install/service/share/service/environment/ament_prefix_path.dsv
[10.089s] -- Installing: /home/wublabdubdub/Learn/DFG/Ros2_WS/install/service/share/service/environment/path.sh
[10.091s] -- Installing: /home/wublabdubdub/Learn/DFG/Ros2_WS/install/service/share/service/environment/path.dsv
[10.091s] -- Installing: /home/wublabdubdub/Learn/DFG/Ros2_WS/install/service/share/service/local_setup.bash
[10.091s] -- Installing: /home/wublabdubdub/Learn/DFG/Ros2_WS/install/service/share/service/local_setup.sh
[10.092s] -- Installing: /home/wublabdubdub/Learn/DFG/Ros2_WS/install/service/share/service/local_setup.zsh
[10.095s] -- Installing: /home/wublabdubdub/Learn/DFG/Ros2_WS/install/service/share/service/local_setup.dsv
[10.095s] -- Installing: /home/wublabdubdub/Learn/DFG/Ros2_WS/install/service/share/service/package.dsv
[10.095s] -- Installing: /home/wublabdubdub/Learn/DFG/Ros2_WS/install/service/share/ament_index/resource_index/packages/service
[10.095s] -- Installing: /home/wublabdubdub/Learn/DFG/Ros2_WS/install/service/share/service/cmake/serviceConfig.cmake
[10.095s] -- Installing: /home/wublabdubdub/Learn/DFG/Ros2_WS/install/service/share/service/cmake/serviceConfig-version.cmake
[10.095s] -- Installing: /home/wublabdubdub/Learn/DFG/Ros2_WS/install/service/share/service/package.xml
[10.095s] -- Installing: /home/wublabdubdub/Learn/DFG/Ros2_WS/install/service/lib/service/ServiceServer
[10.103s] -- Set runtime path of "/home/wublabdubdub/Learn/DFG/Ros2_WS/install/service/lib/service/ServiceServer" to ""
[10.108s] Invoked command in '/home/wublabdubdub/Learn/DFG/Ros2_WS/build/service' returned '0': CMAKE_PREFIX_PATH=${CMAKE_PREFIX_PATH}:/opt/ros/humble /usr/bin/cmake --install /home/wublabdubdub/Learn/DFG/Ros2_WS/build/service
