[0.028s] Invoking command in '/home/wublabdubdub/Learn/DFG/Ros2_WS/build/interfaces': CMAKE_PREFIX_PATH=/opt/ros/humble /usr/bin/cmake /home/wublabdubdub/Learn/DFG/Ros2_WS/src/interfaces -DCMAKE_INSTALL_PREFIX=/home/wublabdubdub/Learn/DFG/Ros2_WS/install/interfaces
[0.287s] -- The C compiler identification is GNU 11.4.0
[0.491s] -- The CXX compiler identification is GNU 11.4.0
[0.517s] -- Detecting C compiler ABI info
[0.891s] -- Detecting C compiler ABI info - done
[0.929s] -- Check for working C compiler: /usr/bin/cc - skipped
[0.931s] -- Detecting C compile features
[0.932s] -- Detecting C compile features - done
[0.941s] -- Detecting CXX compiler ABI info
[1.195s] -- Detecting CXX compiler ABI info - done
[1.229s] -- Check for working CXX compiler: /usr/bin/c++ - skipped
[1.229s] -- Detecting CXX compile features
[1.229s] -- Detecting CXX compile features - done
[1.237s] -- Found ament_cmake: 1.3.12 (/opt/ros/humble/share/ament_cmake/cmake)
[1.944s] -- Found Python3: /usr/bin/python3 (found version "3.10.12") found components: Interpreter 
[2.056s] -- Found rosidl_default_generators: 1.2.0 (/opt/ros/humble/share/rosidl_default_generators/cmake)
[2.062s] -- Using all available rosidl_typesupport_c: rosidl_typesupport_fastrtps_c;rosidl_typesupport_introspection_c
[2.065s] -- Found rosidl_adapter: 3.1.7 (/opt/ros/humble/share/rosidl_adapter/cmake)
[2.097s] -- Using all available rosidl_typesupport_cpp: rosidl_typesupport_fastrtps_cpp;rosidl_typesupport_introspection_cpp
[2.143s] -- Found ament_lint_auto: 0.12.14 (/opt/ros/humble/share/ament_lint_auto/cmake)
[2.271s] [31mCMake Error at CMakeLists.txt:24 (rosidl_default_generators):
[2.271s]   Unknown CMake command "rosidl_default_generators".
[2.271s] 
[2.271s] [0m
[2.271s] -- Configuring incomplete, errors occurred!
[2.271s] See also "/home/wublabdubdub/Learn/DFG/Ros2_WS/build/interfaces/CMakeFiles/CMakeOutput.log".
[2.281s] Invoked command in '/home/wublabdubdub/Learn/DFG/Ros2_WS/build/interfaces' returned '1': CMAKE_PREFIX_PATH=/opt/ros/humble /usr/bin/cmake /home/wublabdubdub/Learn/DFG/Ros2_WS/src/interfaces -DCMAKE_INSTALL_PREFIX=/home/wublabdubdub/Learn/DFG/Ros2_WS/install/interfaces
