[ 50%] Built target TopicPublisher
[ 75%] [32mBuilding CXX object CMakeFiles/TopicSubscriber.dir/src/Topic_Subscriber.cpp.o[0m
In file included from [01m[K/opt/ros/humble/include/rclcpp/rclcpp/logging.hpp:24[m[K,
                 from [01m[K/opt/ros/humble/include/rclcpp/rclcpp/client.hpp:40[m[K,
                 from [01m[K/opt/ros/humble/include/rclcpp/rclcpp/callback_group.hpp:24[m[K,
                 from [01m[K/opt/ros/humble/include/rclcpp/rclcpp/any_executable.hpp:20[m[K,
                 from [01m[K/opt/ros/humble/include/rclcpp/rclcpp/memory_strategy.hpp:25[m[K,
                 from [01m[K/opt/ros/humble/include/rclcpp/rclcpp/memory_strategies.hpp:18[m[K,
                 from [01m[K/opt/ros/humble/include/rclcpp/rclcpp/executor_options.hpp:20[m[K,
                 from [01m[K/opt/ros/humble/include/rclcpp/rclcpp/executor.hpp:37[m[K,
                 from [01m[K/opt/ros/humble/include/rclcpp/rclcpp/executors/multi_threaded_executor.hpp:25[m[K,
                 from [01m[K/opt/ros/humble/include/rclcpp/rclcpp/executors.hpp:21[m[K,
                 from [01m[K/opt/ros/humble/include/rclcpp/rclcpp/rclcpp.hpp:155[m[K,
                 from [01m[K/home/wublabdubdub/Learn/DFG/Ros2_WS/src/topic/src/Topic_Subscriber.cpp:2[m[K:
[01m[K/home/wublabdubdub/Learn/DFG/Ros2_WS/src/topic/src/Topic_Subscriber.cpp:[m[K In member function ‘[01m[Kvoid TopicSubscriber::command_callback(my_interface::msg::Example_<std::allocator<void> >::SharedPtr)[m[K’:
[01m[K/home/wublabdubdub/Learn/DFG/Ros2_WS/src/topic/src/Topic_Subscriber.cpp:15:40:[m[K [01;35m[Kwarning: [m[Kformat ‘[01m[K%d[m[K’ expects argument of type ‘[01m[Kint[m[K’, but argument 6 has type ‘[01m[Kmy_interface::msg::Example_<std::allocator<void> >::_data2_type[m[K’ {aka ‘[01m[Klong int[m[K’} [[01;35m[K]8;;https://gcc.gnu.org/onlinedocs/gcc/Warning-Options.html#index-Wformat=-Wformat=]8;;[m[K]
   15 |         RCLCPP_INFO(this->get_logger(),[01;35m[K"%d %d"[m[K,msg->data1,[32m[Kmsg->data2[m[K);
      |                                        [01;35m[K^~~~~~~[m[K            [32m[K~~~~~~~~~~[m[K
      |                                                                [32m[K|[m[K
      |                                                                [32m[Kmy_interface::msg::Example_<std::allocator<void> >::_data2_type {aka long int}[m[K
[01m[K/home/wublabdubdub/Learn/DFG/Ros2_WS/src/topic/src/Topic_Subscriber.cpp:15:45:[m[K [01;36m[Knote: [m[Kformat string is defined here
   15 |         RCLCPP_INFO(this->get_logger(),"%d [01;36m[K%d[m[K",msg->data1,msg->data2);
      |                                            [01;36m[K~^[m[K
      |                                             [01;36m[K|[m[K
      |                                             [01;36m[Kint[m[K
      |                                            [32m[K%ld[m[K
[100%] [32m[1mLinking CXX executable TopicSubscriber[0m
[100%] Built target TopicSubscriber
-- Install configuration: ""
-- Up-to-date: /home/wublabdubdub/Learn/DFG/Ros2_WS/install/topic/share/ament_index/resource_index/package_run_dependencies/topic
-- Up-to-date: /home/wublabdubdub/Learn/DFG/Ros2_WS/install/topic/share/ament_index/resource_index/parent_prefix_path/topic
-- Up-to-date: /home/wublabdubdub/Learn/DFG/Ros2_WS/install/topic/share/topic/environment/ament_prefix_path.sh
-- Up-to-date: /home/wublabdubdub/Learn/DFG/Ros2_WS/install/topic/share/topic/environment/ament_prefix_path.dsv
-- Up-to-date: /home/wublabdubdub/Learn/DFG/Ros2_WS/install/topic/share/topic/environment/path.sh
-- Up-to-date: /home/wublabdubdub/Learn/DFG/Ros2_WS/install/topic/share/topic/environment/path.dsv
-- Up-to-date: /home/wublabdubdub/Learn/DFG/Ros2_WS/install/topic/share/topic/local_setup.bash
-- Up-to-date: /home/wublabdubdub/Learn/DFG/Ros2_WS/install/topic/share/topic/local_setup.sh
-- Up-to-date: /home/wublabdubdub/Learn/DFG/Ros2_WS/install/topic/share/topic/local_setup.zsh
-- Up-to-date: /home/wublabdubdub/Learn/DFG/Ros2_WS/install/topic/share/topic/local_setup.dsv
-- Installing: /home/wublabdubdub/Learn/DFG/Ros2_WS/install/topic/share/topic/package.dsv
-- Up-to-date: /home/wublabdubdub/Learn/DFG/Ros2_WS/install/topic/share/ament_index/resource_index/packages/topic
-- Up-to-date: /home/wublabdubdub/Learn/DFG/Ros2_WS/install/topic/share/topic/cmake/topicConfig.cmake
-- Up-to-date: /home/wublabdubdub/Learn/DFG/Ros2_WS/install/topic/share/topic/cmake/topicConfig-version.cmake
-- Up-to-date: /home/wublabdubdub/Learn/DFG/Ros2_WS/install/topic/share/topic/package.xml
-- Up-to-date: /home/wublabdubdub/Learn/DFG/Ros2_WS/install/topic/lib/topic/TopicPublisher
-- Installing: /home/wublabdubdub/Learn/DFG/Ros2_WS/install/topic/lib/topic/TopicSubscriber
-- Set runtime path of "/home/wublabdubdub/Learn/DFG/Ros2_WS/install/topic/lib/topic/TopicSubscriber" to ""
