[0.056s] Invoking command in '/home/wublabdubdub/Learn/DFG/Ros2_WS/build/topic': CMAKE_PREFIX_PATH=/home/wublabdubdub/Learn/DFG/Ros2_WS/install/my_interface:/home/wublabdubdub/Learn/DFG/Ros2_WS/install/topic:/home/wublabdubdub/Learn/DFG/Ros2_WS/install/service:/opt/ros/humble /usr/bin/cmake --build /home/wublabdubdub/Learn/DFG/Ros2_WS/build/topic -- -j2 -l2
[0.260s] [ 50%] Built target TopicPublisher
[0.391s] [ 75%] [32mBuilding CXX object CMakeFiles/TopicSubscriber.dir/src/Topic_Subscriber.cpp.o[0m
[6.097s] In file included from [01m[K/opt/ros/humble/include/rclcpp/rclcpp/logging.hpp:24[m[K,
[6.097s]                  from [01m[K/opt/ros/humble/include/rclcpp/rclcpp/client.hpp:40[m[K,
[6.097s]                  from [01m[K/opt/ros/humble/include/rclcpp/rclcpp/callback_group.hpp:24[m[K,
[6.097s]                  from [01m[K/opt/ros/humble/include/rclcpp/rclcpp/any_executable.hpp:20[m[K,
[6.097s]                  from [01m[K/opt/ros/humble/include/rclcpp/rclcpp/memory_strategy.hpp:25[m[K,
[6.097s]                  from [01m[K/opt/ros/humble/include/rclcpp/rclcpp/memory_strategies.hpp:18[m[K,
[6.098s]                  from [01m[K/opt/ros/humble/include/rclcpp/rclcpp/executor_options.hpp:20[m[K,
[6.098s]                  from [01m[K/opt/ros/humble/include/rclcpp/rclcpp/executor.hpp:37[m[K,
[6.098s]                  from [01m[K/opt/ros/humble/include/rclcpp/rclcpp/executors/multi_threaded_executor.hpp:25[m[K,
[6.098s]                  from [01m[K/opt/ros/humble/include/rclcpp/rclcpp/executors.hpp:21[m[K,
[6.098s]                  from [01m[K/opt/ros/humble/include/rclcpp/rclcpp/rclcpp.hpp:155[m[K,
[6.098s]                  from [01m[K/home/wublabdubdub/Learn/DFG/Ros2_WS/src/topic/src/Topic_Subscriber.cpp:2[m[K:
[6.098s] [01m[K/home/wublabdubdub/Learn/DFG/Ros2_WS/src/topic/src/Topic_Subscriber.cpp:[m[K In member function ‘[01m[Kvoid TopicSubscriber::command_callback(my_interface::msg::Example_<std::allocator<void> >::SharedPtr)[m[K’:
[6.098s] [01m[K/home/wublabdubdub/Learn/DFG/Ros2_WS/src/topic/src/Topic_Subscriber.cpp:15:40:[m[K [01;35m[Kwarning: [m[Kformat ‘[01m[K%d[m[K’ expects argument of type ‘[01m[Kint[m[K’, but argument 6 has type ‘[01m[Kmy_interface::msg::Example_<std::allocator<void> >::_data2_type[m[K’ {aka ‘[01m[Klong int[m[K’} [[01;35m[K]8;;https://gcc.gnu.org/onlinedocs/gcc/Warning-Options.html#index-Wformat=-Wformat=]8;;[m[K]
[6.098s]    15 |         RCLCPP_INFO(this->get_logger(),[01;35m[K"%d %d"[m[K,msg->data1,[32m[Kmsg->data2[m[K);
[6.098s]       |                                        [01;35m[K^~~~~~~[m[K            [32m[K~~~~~~~~~~[m[K
[6.098s]       |                                                                [32m[K|[m[K
[6.098s]       |                                                                [32m[Kmy_interface::msg::Example_<std::allocator<void> >::_data2_type {aka long int}[m[K
[6.102s] [01m[K/home/wublabdubdub/Learn/DFG/Ros2_WS/src/topic/src/Topic_Subscriber.cpp:15:45:[m[K [01;36m[Knote: [m[Kformat string is defined here
[6.102s]    15 |         RCLCPP_INFO(this->get_logger(),"%d [01;36m[K%d[m[K",msg->data1,msg->data2);
[6.102s]       |                                            [01;36m[K~^[m[K
[6.102s]       |                                             [01;36m[K|[m[K
[6.102s]       |                                             [01;36m[Kint[m[K
[6.102s]       |                                            [32m[K%ld[m[K
[16.689s] [100%] [32m[1mLinking CXX executable TopicSubscriber[0m
[17.292s] [100%] Built target TopicSubscriber
[17.326s] Invoked command in '/home/wublabdubdub/Learn/DFG/Ros2_WS/build/topic' returned '0': CMAKE_PREFIX_PATH=/home/wublabdubdub/Learn/DFG/Ros2_WS/install/my_interface:/home/wublabdubdub/Learn/DFG/Ros2_WS/install/topic:/home/wublabdubdub/Learn/DFG/Ros2_WS/install/service:/opt/ros/humble /usr/bin/cmake --build /home/wublabdubdub/Learn/DFG/Ros2_WS/build/topic -- -j2 -l2
[17.358s] Invoking command in '/home/wublabdubdub/Learn/DFG/Ros2_WS/build/topic': CMAKE_PREFIX_PATH=/home/wublabdubdub/Learn/DFG/Ros2_WS/install/my_interface:/home/wublabdubdub/Learn/DFG/Ros2_WS/install/topic:/home/wublabdubdub/Learn/DFG/Ros2_WS/install/service:/opt/ros/humble /usr/bin/cmake --install /home/wublabdubdub/Learn/DFG/Ros2_WS/build/topic
[17.382s] -- Install configuration: ""
[17.382s] -- Up-to-date: /home/wublabdubdub/Learn/DFG/Ros2_WS/install/topic/share/ament_index/resource_index/package_run_dependencies/topic
[17.383s] -- Up-to-date: /home/wublabdubdub/Learn/DFG/Ros2_WS/install/topic/share/ament_index/resource_index/parent_prefix_path/topic
[17.383s] -- Up-to-date: /home/wublabdubdub/Learn/DFG/Ros2_WS/install/topic/share/topic/environment/ament_prefix_path.sh
[17.384s] -- Up-to-date: /home/wublabdubdub/Learn/DFG/Ros2_WS/install/topic/share/topic/environment/ament_prefix_path.dsv
[17.384s] -- Up-to-date: /home/wublabdubdub/Learn/DFG/Ros2_WS/install/topic/share/topic/environment/path.sh
[17.384s] -- Up-to-date: /home/wublabdubdub/Learn/DFG/Ros2_WS/install/topic/share/topic/environment/path.dsv
[17.384s] -- Up-to-date: /home/wublabdubdub/Learn/DFG/Ros2_WS/install/topic/share/topic/local_setup.bash
[17.385s] -- Up-to-date: /home/wublabdubdub/Learn/DFG/Ros2_WS/install/topic/share/topic/local_setup.sh
[17.385s] -- Up-to-date: /home/wublabdubdub/Learn/DFG/Ros2_WS/install/topic/share/topic/local_setup.zsh
[17.387s] -- Up-to-date: /home/wublabdubdub/Learn/DFG/Ros2_WS/install/topic/share/topic/local_setup.dsv
[17.387s] -- Installing: /home/wublabdubdub/Learn/DFG/Ros2_WS/install/topic/share/topic/package.dsv
[17.387s] -- Up-to-date: /home/wublabdubdub/Learn/DFG/Ros2_WS/install/topic/share/ament_index/resource_index/packages/topic
[17.387s] -- Up-to-date: /home/wublabdubdub/Learn/DFG/Ros2_WS/install/topic/share/topic/cmake/topicConfig.cmake
[17.387s] -- Up-to-date: /home/wublabdubdub/Learn/DFG/Ros2_WS/install/topic/share/topic/cmake/topicConfig-version.cmake
[17.388s] -- Up-to-date: /home/wublabdubdub/Learn/DFG/Ros2_WS/install/topic/share/topic/package.xml
[17.389s] -- Up-to-date: /home/wublabdubdub/Learn/DFG/Ros2_WS/install/topic/lib/topic/TopicPublisher
[17.391s] -- Installing: /home/wublabdubdub/Learn/DFG/Ros2_WS/install/topic/lib/topic/TopicSubscriber
[17.394s] -- Set runtime path of "/home/wublabdubdub/Learn/DFG/Ros2_WS/install/topic/lib/topic/TopicSubscriber" to ""
[17.398s] Invoked command in '/home/wublabdubdub/Learn/DFG/Ros2_WS/build/topic' returned '0': CMAKE_PREFIX_PATH=/home/wublabdubdub/Learn/DFG/Ros2_WS/install/my_interface:/home/wublabdubdub/Learn/DFG/Ros2_WS/install/topic:/home/wublabdubdub/Learn/DFG/Ros2_WS/install/service:/opt/ros/humble /usr/bin/cmake --install /home/wublabdubdub/Learn/DFG/Ros2_WS/build/topic
