[0.024s] Invoking command in '/home/wublabdubdub/Learn/DFG/Ros2_WS/build/interfaces': CMAKE_PREFIX_PATH=/opt/ros/humble /usr/bin/cmake /home/wublabdubdub/Learn/DFG/Ros2_WS/src/interfaces -DCMAKE_INSTALL_PREFIX=/home/wublabdubdub/Learn/DFG/Ros2_WS/install/interfaces
[0.047s] -- Found ament_cmake: 1.3.12 (/opt/ros/humble/share/ament_cmake/cmake)
[0.348s] -- Found rosidl_default_generators: 1.2.0 (/opt/ros/humble/share/rosidl_default_generators/cmake)
[0.350s] -- Using all available rosidl_typesupport_c: rosidl_typesupport_fastrtps_c;rosidl_typesupport_introspection_c
[0.354s] -- Found rosidl_adapter: 3.1.7 (/opt/ros/humble/share/rosidl_adapter/cmake)
[0.451s] -- Using all available rosidl_typesupport_cpp: rosidl_typesupport_fastrtps_cpp;rosidl_typesupport_introspection_cpp
[0.506s] -- Found ament_lint_auto: 0.12.14 (/opt/ros/humble/share/ament_lint_auto/cmake)
[1.057s] -- Found ament_cmake_ros: 0.10.0 (/opt/ros/humble/share/ament_cmake_ros/cmake)
[1.566s] -- Using all available rosidl_typesupport_c: rosidl_typesupport_fastrtps_c;rosidl_typesupport_introspection_c
[2.005s] -- Using all available rosidl_typesupport_cpp: rosidl_typesupport_fastrtps_cpp;rosidl_typesupport_introspection_cpp
[2.088s] -- Found PythonInterp: /usr/bin/python3 (found suitable version "3.10.12", minimum required is "3.6") 
[2.098s] -- Found python_cmake_module: 0.10.0 (/opt/ros/humble/share/python_cmake_module/cmake)
[2.171s] -- Found PythonLibs: /usr/lib/x86_64-linux-gnu/libpython3.10.so (found suitable version "3.10.12", minimum required is "3.5") 
[2.171s] -- Using PYTHON_EXECUTABLE: /usr/bin/python3
[2.171s] -- Using PYTHON_INCLUDE_DIRS: /usr/include/python3.10
[2.171s] -- Using PYTHON_LIBRARIES: /usr/lib/x86_64-linux-gnu/libpython3.10.so
[2.210s] -- Found PythonExtra: .so  
[2.287s] -- Added test 'lint_cmake' to check CMake code style
[2.287s] -- Added test 'xmllint' to check XML markup files
[2.318s] -- Configuring done
[2.365s] -- Generating done
[2.380s] -- Build files have been written to: /home/wublabdubdub/Learn/DFG/Ros2_WS/build/interfaces
[2.387s] Invoked command in '/home/wublabdubdub/Learn/DFG/Ros2_WS/build/interfaces' returned '0': CMAKE_PREFIX_PATH=/opt/ros/humble /usr/bin/cmake /home/wublabdubdub/Learn/DFG/Ros2_WS/src/interfaces -DCMAKE_INSTALL_PREFIX=/home/wublabdubdub/Learn/DFG/Ros2_WS/install/interfaces
[2.396s] Invoking command in '/home/wublabdubdub/Learn/DFG/Ros2_WS/build/interfaces': CMAKE_PREFIX_PATH=/opt/ros/humble /usr/bin/cmake --build /home/wublabdubdub/Learn/DFG/Ros2_WS/build/interfaces -- -j2 -l2
[2.511s] [  3%] [34m[1mGenerating C code for ROS interfaces[0m
[2.538s] [  6%] [34m[1mGenerating C++ code for ROS interfaces[0m
[2.944s] [  9%] [32mBuilding C object CMakeFiles/interfaces__rosidl_generator_c.dir/rosidl_generator_c/interfaces/msg/detail/my__functions.c.o[0m
[2.983s] [  9%] Built target interfaces__cpp
[3.015s] [ 12%] [32m[1mLinking C shared library libinterfaces__rosidl_generator_c.so[0m
[3.027s] [ 12%] Built target ament_cmake_python_copy_interfaces
[3.057s] [ 12%] Built target interfaces__rosidl_generator_c
[3.062s] [ 16%] [34m[1mGenerating C++ type support dispatch for ROS interfaces[0m
[3.069s] [ 19%] [34m[1mGenerating C++ type support for eProsima Fast-RTPS[0m
[3.282s] [ 22%] [32mBuilding CXX object CMakeFiles/interfaces__rosidl_typesupport_fastrtps_cpp.dir/rosidl_typesupport_fastrtps_cpp/interfaces/msg/detail/dds_fastrtps/my__type_support.cpp.o[0m
[3.392s] [ 25%] [32mBuilding CXX object CMakeFiles/interfaces__rosidl_typesupport_cpp.dir/rosidl_typesupport_cpp/interfaces/msg/my__type_support.cpp.o[0m
[3.832s] [ 29%] [32m[1mLinking CXX shared library libinterfaces__rosidl_typesupport_cpp.so[0m
[3.861s] [ 32%] [32m[1mLinking CXX shared library libinterfaces__rosidl_typesupport_fastrtps_cpp.so[0m
[3.939s] [ 32%] Built target interfaces__rosidl_typesupport_cpp
[3.970s] [ 35%] [34m[1mGenerating C++ introspection for ROS interfaces[0m
[4.057s] [ 35%] Built target interfaces__rosidl_typesupport_fastrtps_cpp
[4.398s] [ 38%] [32mBuilding CXX object CMakeFiles/interfaces__rosidl_typesupport_introspection_cpp.dir/rosidl_typesupport_introspection_cpp/interfaces/msg/detail/my__type_support.cpp.o[0m
[4.406s] running egg_info
[4.407s] creating interfaces.egg-info
[4.407s] writing interfaces.egg-info/PKG-INFO
[4.409s] writing dependency_links to interfaces.egg-info/dependency_links.txt
[4.409s] writing top-level names to interfaces.egg-info/top_level.txt
[4.409s] writing manifest file 'interfaces.egg-info/SOURCES.txt'
[4.414s] reading manifest file 'interfaces.egg-info/SOURCES.txt'
[4.414s] writing manifest file 'interfaces.egg-info/SOURCES.txt'
[4.476s] [ 38%] Built target ament_cmake_python_build_interfaces_egg
[4.505s] [ 41%] [34m[1mGenerating C type support for eProsima Fast-RTPS[0m
[4.934s] [ 45%] [32mBuilding CXX object CMakeFiles/interfaces__rosidl_typesupport_fastrtps_c.dir/rosidl_typesupport_fastrtps_c/interfaces/msg/detail/my__type_support_c.cpp.o[0m
[4.946s] [ 48%] [32m[1mLinking CXX shared library libinterfaces__rosidl_typesupport_introspection_cpp.so[0m
[4.989s] [ 48%] Built target interfaces__rosidl_typesupport_introspection_cpp
[5.001s] [ 51%] [34m[1mGenerating C introspection for ROS interfaces[0m
[5.388s] [ 54%] [32mBuilding C object CMakeFiles/interfaces__rosidl_typesupport_introspection_c.dir/rosidl_typesupport_introspection_c/interfaces/msg/detail/my__type_support.c.o[0m
[5.442s] [ 58%] [32m[1mLinking C shared library libinterfaces__rosidl_typesupport_introspection_c.so[0m
[5.482s] [ 58%] Built target interfaces__rosidl_typesupport_introspection_c
[5.500s] [ 61%] [34m[1mGenerating C type support dispatch for ROS interfaces[0m
[5.533s] [ 64%] [32m[1mLinking CXX shared library libinterfaces__rosidl_typesupport_fastrtps_c.so[0m
[5.661s] [ 64%] Built target interfaces__rosidl_typesupport_fastrtps_c
[5.761s] [ 67%] [32mBuilding CXX object CMakeFiles/interfaces__rosidl_typesupport_c.dir/rosidl_typesupport_c/interfaces/msg/my__type_support.cpp.o[0m
[5.823s] [ 70%] [32m[1mLinking CXX shared library libinterfaces__rosidl_typesupport_c.so[0m
[5.888s] [ 70%] Built target interfaces__rosidl_typesupport_c
[5.923s] [ 70%] Built target interfaces
[5.970s] [ 74%] [34m[1mGenerating Python code for ROS interfaces[0m
[6.313s] [ 74%] Built target interfaces__py
[6.343s] [ 77%] [32mBuilding C object CMakeFiles/interfaces__rosidl_generator_py.dir/rosidl_generator_py/interfaces/msg/_my_s.c.o[0m
[6.536s] [ 80%] [32m[1mLinking C shared library rosidl_generator_py/interfaces/libinterfaces__rosidl_generator_py.so[0m
[6.605s] [ 80%] Built target interfaces__rosidl_generator_py
[6.642s] [ 83%] [32mBuilding C object CMakeFiles/interfaces__rosidl_typesupport_introspection_c__pyext.dir/rosidl_generator_py/interfaces/_interfaces_s.ep.rosidl_typesupport_introspection_c.c.o[0m
[6.660s] [ 87%] [32mBuilding C object CMakeFiles/interfaces__rosidl_typesupport_fastrtps_c__pyext.dir/rosidl_generator_py/interfaces/_interfaces_s.ep.rosidl_typesupport_fastrtps_c.c.o[0m
[6.769s] [ 90%] [32m[1mLinking C shared library rosidl_generator_py/interfaces/interfaces_s__rosidl_typesupport_introspection_c.cpython-310-x86_64-linux-gnu.so[0m
[6.832s] [ 93%] [32m[1mLinking C shared library rosidl_generator_py/interfaces/interfaces_s__rosidl_typesupport_fastrtps_c.cpython-310-x86_64-linux-gnu.so[0m
[6.855s] [ 93%] Built target interfaces__rosidl_typesupport_introspection_c__pyext
[6.911s] [ 93%] Built target interfaces__rosidl_typesupport_fastrtps_c__pyext
[6.920s] [ 96%] [32mBuilding C object CMakeFiles/interfaces__rosidl_typesupport_c__pyext.dir/rosidl_generator_py/interfaces/_interfaces_s.ep.rosidl_typesupport_c.c.o[0m
[6.995s] [100%] [32m[1mLinking C shared library rosidl_generator_py/interfaces/interfaces_s__rosidl_typesupport_c.cpython-310-x86_64-linux-gnu.so[0m
[7.047s] [100%] Built target interfaces__rosidl_typesupport_c__pyext
[7.065s] Invoked command in '/home/wublabdubdub/Learn/DFG/Ros2_WS/build/interfaces' returned '0': CMAKE_PREFIX_PATH=/opt/ros/humble /usr/bin/cmake --build /home/wublabdubdub/Learn/DFG/Ros2_WS/build/interfaces -- -j2 -l2
[7.078s] Invoking command in '/home/wublabdubdub/Learn/DFG/Ros2_WS/build/interfaces': CMAKE_PREFIX_PATH=/opt/ros/humble /usr/bin/cmake --install /home/wublabdubdub/Learn/DFG/Ros2_WS/build/interfaces
[7.088s] -- Install configuration: ""
[7.089s] -- Installing: /home/wublabdubdub/Learn/DFG/Ros2_WS/install/interfaces/share/ament_index/resource_index/rosidl_interfaces/interfaces
[7.089s] -- Installing: /home/wublabdubdub/Learn/DFG/Ros2_WS/install/interfaces/include/interfaces/interfaces
[7.090s] -- Installing: /home/wublabdubdub/Learn/DFG/Ros2_WS/install/interfaces/include/interfaces/interfaces/msg
[7.090s] -- Installing: /home/wublabdubdub/Learn/DFG/Ros2_WS/install/interfaces/include/interfaces/interfaces/msg/my.h
[7.090s] -- Installing: /home/wublabdubdub/Learn/DFG/Ros2_WS/install/interfaces/include/interfaces/interfaces/msg/detail
[7.090s] -- Installing: /home/wublabdubdub/Learn/DFG/Ros2_WS/install/interfaces/include/interfaces/interfaces/msg/detail/my__functions.h
[7.091s] -- Installing: /home/wublabdubdub/Learn/DFG/Ros2_WS/install/interfaces/include/interfaces/interfaces/msg/detail/my__type_support.h
[7.091s] -- Installing: /home/wublabdubdub/Learn/DFG/Ros2_WS/install/interfaces/include/interfaces/interfaces/msg/detail/my__functions.c
[7.091s] -- Installing: /home/wublabdubdub/Learn/DFG/Ros2_WS/install/interfaces/include/interfaces/interfaces/msg/detail/my__struct.h
[7.091s] -- Installing: /home/wublabdubdub/Learn/DFG/Ros2_WS/install/interfaces/include/interfaces/interfaces/msg/rosidl_generator_c__visibility_control.h
[7.092s] -- Installing: /home/wublabdubdub/Learn/DFG/Ros2_WS/install/interfaces/share/interfaces/environment/library_path.sh
[7.092s] -- Installing: /home/wublabdubdub/Learn/DFG/Ros2_WS/install/interfaces/share/interfaces/environment/library_path.dsv
[7.092s] -- Installing: /home/wublabdubdub/Learn/DFG/Ros2_WS/install/interfaces/lib/libinterfaces__rosidl_generator_c.so
[7.094s] -- Set runtime path of "/home/wublabdubdub/Learn/DFG/Ros2_WS/install/interfaces/lib/libinterfaces__rosidl_generator_c.so" to ""
[7.094s] -- Up-to-date: /home/wublabdubdub/Learn/DFG/Ros2_WS/install/interfaces/include/interfaces/interfaces
[7.096s] -- Up-to-date: /home/wublabdubdub/Learn/DFG/Ros2_WS/install/interfaces/include/interfaces/interfaces/msg
[7.096s] -- Installing: /home/wublabdubdub/Learn/DFG/Ros2_WS/install/interfaces/include/interfaces/interfaces/msg/rosidl_typesupport_fastrtps_c__visibility_control.h
[7.096s] -- Up-to-date: /home/wublabdubdub/Learn/DFG/Ros2_WS/install/interfaces/include/interfaces/interfaces/msg/detail
[7.096s] -- Installing: /home/wublabdubdub/Learn/DFG/Ros2_WS/install/interfaces/include/interfaces/interfaces/msg/detail/my__rosidl_typesupport_fastrtps_c.h
[7.096s] -- Installing: /home/wublabdubdub/Learn/DFG/Ros2_WS/install/interfaces/lib/libinterfaces__rosidl_typesupport_fastrtps_c.so
[7.096s] -- Set runtime path of "/home/wublabdubdub/Learn/DFG/Ros2_WS/install/interfaces/lib/libinterfaces__rosidl_typesupport_fastrtps_c.so" to ""
[7.096s] -- Up-to-date: /home/wublabdubdub/Learn/DFG/Ros2_WS/install/interfaces/include/interfaces/interfaces
[7.096s] -- Up-to-date: /home/wublabdubdub/Learn/DFG/Ros2_WS/install/interfaces/include/interfaces/interfaces/msg
[7.096s] -- Installing: /home/wublabdubdub/Learn/DFG/Ros2_WS/install/interfaces/include/interfaces/interfaces/msg/rosidl_typesupport_introspection_c__visibility_control.h
[7.096s] -- Up-to-date: /home/wublabdubdub/Learn/DFG/Ros2_WS/install/interfaces/include/interfaces/interfaces/msg/detail
[7.096s] -- Installing: /home/wublabdubdub/Learn/DFG/Ros2_WS/install/interfaces/include/interfaces/interfaces/msg/detail/my__rosidl_typesupport_introspection_c.h
[7.096s] -- Installing: /home/wublabdubdub/Learn/DFG/Ros2_WS/install/interfaces/include/interfaces/interfaces/msg/detail/my__type_support.c
[7.096s] -- Installing: /home/wublabdubdub/Learn/DFG/Ros2_WS/install/interfaces/lib/libinterfaces__rosidl_typesupport_introspection_c.so
[7.099s] -- Set runtime path of "/home/wublabdubdub/Learn/DFG/Ros2_WS/install/interfaces/lib/libinterfaces__rosidl_typesupport_introspection_c.so" to ""
[7.099s] -- Installing: /home/wublabdubdub/Learn/DFG/Ros2_WS/install/interfaces/lib/libinterfaces__rosidl_typesupport_c.so
[7.100s] -- Set runtime path of "/home/wublabdubdub/Learn/DFG/Ros2_WS/install/interfaces/lib/libinterfaces__rosidl_typesupport_c.so" to ""
[7.100s] -- Up-to-date: /home/wublabdubdub/Learn/DFG/Ros2_WS/install/interfaces/include/interfaces/interfaces
[7.100s] -- Up-to-date: /home/wublabdubdub/Learn/DFG/Ros2_WS/install/interfaces/include/interfaces/interfaces/msg
[7.100s] -- Installing: /home/wublabdubdub/Learn/DFG/Ros2_WS/install/interfaces/include/interfaces/interfaces/msg/rosidl_generator_cpp__visibility_control.hpp
[7.100s] -- Up-to-date: /home/wublabdubdub/Learn/DFG/Ros2_WS/install/interfaces/include/interfaces/interfaces/msg/detail
[7.100s] -- Installing: /home/wublabdubdub/Learn/DFG/Ros2_WS/install/interfaces/include/interfaces/interfaces/msg/detail/my__builder.hpp
[7.100s] -- Installing: /home/wublabdubdub/Learn/DFG/Ros2_WS/install/interfaces/include/interfaces/interfaces/msg/detail/my__type_support.hpp
[7.100s] -- Installing: /home/wublabdubdub/Learn/DFG/Ros2_WS/install/interfaces/include/interfaces/interfaces/msg/detail/my__struct.hpp
[7.100s] -- Installing: /home/wublabdubdub/Learn/DFG/Ros2_WS/install/interfaces/include/interfaces/interfaces/msg/detail/my__traits.hpp
[7.100s] -- Installing: /home/wublabdubdub/Learn/DFG/Ros2_WS/install/interfaces/include/interfaces/interfaces/msg/my.hpp
[7.100s] -- Up-to-date: /home/wublabdubdub/Learn/DFG/Ros2_WS/install/interfaces/include/interfaces/interfaces
[7.100s] -- Up-to-date: /home/wublabdubdub/Learn/DFG/Ros2_WS/install/interfaces/include/interfaces/interfaces/msg
[7.100s] -- Installing: /home/wublabdubdub/Learn/DFG/Ros2_WS/install/interfaces/include/interfaces/interfaces/msg/rosidl_typesupport_fastrtps_cpp__visibility_control.h
[7.100s] -- Up-to-date: /home/wublabdubdub/Learn/DFG/Ros2_WS/install/interfaces/include/interfaces/interfaces/msg/detail
[7.100s] -- Installing: /home/wublabdubdub/Learn/DFG/Ros2_WS/install/interfaces/include/interfaces/interfaces/msg/detail/dds_fastrtps
[7.100s] -- Installing: /home/wublabdubdub/Learn/DFG/Ros2_WS/install/interfaces/include/interfaces/interfaces/msg/detail/my__rosidl_typesupport_fastrtps_cpp.hpp
[7.100s] -- Installing: /home/wublabdubdub/Learn/DFG/Ros2_WS/install/interfaces/lib/libinterfaces__rosidl_typesupport_fastrtps_cpp.so
[7.100s] -- Set runtime path of "/home/wublabdubdub/Learn/DFG/Ros2_WS/install/interfaces/lib/libinterfaces__rosidl_typesupport_fastrtps_cpp.so" to ""
[7.101s] -- Up-to-date: /home/wublabdubdub/Learn/DFG/Ros2_WS/install/interfaces/include/interfaces/interfaces
[7.103s] -- Up-to-date: /home/wublabdubdub/Learn/DFG/Ros2_WS/install/interfaces/include/interfaces/interfaces/msg
[7.103s] -- Up-to-date: /home/wublabdubdub/Learn/DFG/Ros2_WS/install/interfaces/include/interfaces/interfaces/msg/detail
[7.103s] -- Installing: /home/wublabdubdub/Learn/DFG/Ros2_WS/install/interfaces/include/interfaces/interfaces/msg/detail/my__type_support.cpp
[7.103s] -- Installing: /home/wublabdubdub/Learn/DFG/Ros2_WS/install/interfaces/include/interfaces/interfaces/msg/detail/my__rosidl_typesupport_introspection_cpp.hpp
[7.103s] -- Installing: /home/wublabdubdub/Learn/DFG/Ros2_WS/install/interfaces/lib/libinterfaces__rosidl_typesupport_introspection_cpp.so
[7.103s] -- Set runtime path of "/home/wublabdubdub/Learn/DFG/Ros2_WS/install/interfaces/lib/libinterfaces__rosidl_typesupport_introspection_cpp.so" to ""
[7.103s] -- Installing: /home/wublabdubdub/Learn/DFG/Ros2_WS/install/interfaces/lib/libinterfaces__rosidl_typesupport_cpp.so
[7.106s] -- Set runtime path of "/home/wublabdubdub/Learn/DFG/Ros2_WS/install/interfaces/lib/libinterfaces__rosidl_typesupport_cpp.so" to ""
[7.106s] -- Installing: /home/wublabdubdub/Learn/DFG/Ros2_WS/install/interfaces/share/interfaces/environment/pythonpath.sh
[7.106s] -- Installing: /home/wublabdubdub/Learn/DFG/Ros2_WS/install/interfaces/share/interfaces/environment/pythonpath.dsv
[7.106s] -- Installing: /home/wublabdubdub/Learn/DFG/Ros2_WS/install/interfaces/local/lib/python3.10/dist-packages/interfaces-0.0.0-py3.10.egg-info
[7.106s] -- Installing: /home/wublabdubdub/Learn/DFG/Ros2_WS/install/interfaces/local/lib/python3.10/dist-packages/interfaces-0.0.0-py3.10.egg-info/top_level.txt
[7.106s] -- Installing: /home/wublabdubdub/Learn/DFG/Ros2_WS/install/interfaces/local/lib/python3.10/dist-packages/interfaces-0.0.0-py3.10.egg-info/SOURCES.txt
[7.106s] -- Installing: /home/wublabdubdub/Learn/DFG/Ros2_WS/install/interfaces/local/lib/python3.10/dist-packages/interfaces-0.0.0-py3.10.egg-info/PKG-INFO
[7.106s] -- Installing: /home/wublabdubdub/Learn/DFG/Ros2_WS/install/interfaces/local/lib/python3.10/dist-packages/interfaces-0.0.0-py3.10.egg-info/dependency_links.txt
[7.106s] -- Installing: /home/wublabdubdub/Learn/DFG/Ros2_WS/install/interfaces/local/lib/python3.10/dist-packages/interfaces
[7.106s] -- Installing: /home/wublabdubdub/Learn/DFG/Ros2_WS/install/interfaces/local/lib/python3.10/dist-packages/interfaces/__init__.py
[7.106s] -- Installing: /home/wublabdubdub/Learn/DFG/Ros2_WS/install/interfaces/local/lib/python3.10/dist-packages/interfaces/_interfaces_s.ep.rosidl_typesupport_fastrtps_c.c
[7.106s] -- Installing: /home/wublabdubdub/Learn/DFG/Ros2_WS/install/interfaces/local/lib/python3.10/dist-packages/interfaces/interfaces_s__rosidl_typesupport_c.cpython-310-x86_64-linux-gnu.so
[7.106s] -- Installing: /home/wublabdubdub/Learn/DFG/Ros2_WS/install/interfaces/local/lib/python3.10/dist-packages/interfaces/msg
[7.106s] -- Installing: /home/wublabdubdub/Learn/DFG/Ros2_WS/install/interfaces/local/lib/python3.10/dist-packages/interfaces/msg/__init__.py
[7.106s] -- Installing: /home/wublabdubdub/Learn/DFG/Ros2_WS/install/interfaces/local/lib/python3.10/dist-packages/interfaces/msg/_my.py
[7.106s] -- Installing: /home/wublabdubdub/Learn/DFG/Ros2_WS/install/interfaces/local/lib/python3.10/dist-packages/interfaces/msg/_my_s.c
[7.106s] -- Installing: /home/wublabdubdub/Learn/DFG/Ros2_WS/install/interfaces/local/lib/python3.10/dist-packages/interfaces/interfaces_s__rosidl_typesupport_introspection_c.cpython-310-x86_64-linux-gnu.so
[7.106s] -- Installing: /home/wublabdubdub/Learn/DFG/Ros2_WS/install/interfaces/local/lib/python3.10/dist-packages/interfaces/interfaces_s__rosidl_typesupport_fastrtps_c.cpython-310-x86_64-linux-gnu.so
[7.106s] -- Installing: /home/wublabdubdub/Learn/DFG/Ros2_WS/install/interfaces/local/lib/python3.10/dist-packages/interfaces/_interfaces_s.ep.rosidl_typesupport_introspection_c.c
[7.106s] -- Installing: /home/wublabdubdub/Learn/DFG/Ros2_WS/install/interfaces/local/lib/python3.10/dist-packages/interfaces/libinterfaces__rosidl_generator_py.so
[7.106s] -- Installing: /home/wublabdubdub/Learn/DFG/Ros2_WS/install/interfaces/local/lib/python3.10/dist-packages/interfaces/_interfaces_s.ep.rosidl_typesupport_c.c
[7.139s] Listing '/home/wublabdubdub/Learn/DFG/Ros2_WS/install/interfaces/local/lib/python3.10/dist-packages/interfaces'...
[7.139s] Compiling '/home/wublabdubdub/Learn/DFG/Ros2_WS/install/interfaces/local/lib/python3.10/dist-packages/interfaces/__init__.py'...
[7.139s] Listing '/home/wublabdubdub/Learn/DFG/Ros2_WS/install/interfaces/local/lib/python3.10/dist-packages/interfaces/msg'...
[7.139s] Compiling '/home/wublabdubdub/Learn/DFG/Ros2_WS/install/interfaces/local/lib/python3.10/dist-packages/interfaces/msg/__init__.py'...
[7.140s] Compiling '/home/wublabdubdub/Learn/DFG/Ros2_WS/install/interfaces/local/lib/python3.10/dist-packages/interfaces/msg/_my.py'...
[7.145s] -- Installing: /home/wublabdubdub/Learn/DFG/Ros2_WS/install/interfaces/local/lib/python3.10/dist-packages/interfaces/interfaces_s__rosidl_typesupport_fastrtps_c.cpython-310-x86_64-linux-gnu.so
[7.145s] -- Set runtime path of "/home/wublabdubdub/Learn/DFG/Ros2_WS/install/interfaces/local/lib/python3.10/dist-packages/interfaces/interfaces_s__rosidl_typesupport_fastrtps_c.cpython-310-x86_64-linux-gnu.so" to ""
[7.145s] -- Installing: /home/wublabdubdub/Learn/DFG/Ros2_WS/install/interfaces/local/lib/python3.10/dist-packages/interfaces/interfaces_s__rosidl_typesupport_introspection_c.cpython-310-x86_64-linux-gnu.so
[7.146s] -- Set runtime path of "/home/wublabdubdub/Learn/DFG/Ros2_WS/install/interfaces/local/lib/python3.10/dist-packages/interfaces/interfaces_s__rosidl_typesupport_introspection_c.cpython-310-x86_64-linux-gnu.so" to ""
[7.146s] -- Installing: /home/wublabdubdub/Learn/DFG/Ros2_WS/install/interfaces/local/lib/python3.10/dist-packages/interfaces/interfaces_s__rosidl_typesupport_c.cpython-310-x86_64-linux-gnu.so
[7.147s] -- Set runtime path of "/home/wublabdubdub/Learn/DFG/Ros2_WS/install/interfaces/local/lib/python3.10/dist-packages/interfaces/interfaces_s__rosidl_typesupport_c.cpython-310-x86_64-linux-gnu.so" to ""
[7.147s] -- Installing: /home/wublabdubdub/Learn/DFG/Ros2_WS/install/interfaces/lib/libinterfaces__rosidl_generator_py.so
[7.147s] -- Set runtime path of "/home/wublabdubdub/Learn/DFG/Ros2_WS/install/interfaces/lib/libinterfaces__rosidl_generator_py.so" to ""
[7.147s] -- Installing: /home/wublabdubdub/Learn/DFG/Ros2_WS/install/interfaces/share/interfaces/msg/My.idl
[7.147s] -- Installing: /home/wublabdubdub/Learn/DFG/Ros2_WS/install/interfaces/share/interfaces/msg/My.msg
[7.147s] -- Installing: /home/wublabdubdub/Learn/DFG/Ros2_WS/install/interfaces/share/ament_index/resource_index/package_run_dependencies/interfaces
[7.147s] -- Installing: /home/wublabdubdub/Learn/DFG/Ros2_WS/install/interfaces/share/ament_index/resource_index/parent_prefix_path/interfaces
[7.148s] -- Installing: /home/wublabdubdub/Learn/DFG/Ros2_WS/install/interfaces/share/interfaces/environment/ament_prefix_path.sh
[7.150s] -- Installing: /home/wublabdubdub/Learn/DFG/Ros2_WS/install/interfaces/share/interfaces/environment/ament_prefix_path.dsv
[7.151s] -- Installing: /home/wublabdubdub/Learn/DFG/Ros2_WS/install/interfaces/share/interfaces/environment/path.sh
[7.151s] -- Installing: /home/wublabdubdub/Learn/DFG/Ros2_WS/install/interfaces/share/interfaces/environment/path.dsv
[7.151s] -- Installing: /home/wublabdubdub/Learn/DFG/Ros2_WS/install/interfaces/share/interfaces/local_setup.bash
[7.151s] -- Installing: /home/wublabdubdub/Learn/DFG/Ros2_WS/install/interfaces/share/interfaces/local_setup.sh
[7.151s] -- Installing: /home/wublabdubdub/Learn/DFG/Ros2_WS/install/interfaces/share/interfaces/local_setup.zsh
[7.151s] -- Installing: /home/wublabdubdub/Learn/DFG/Ros2_WS/install/interfaces/share/interfaces/local_setup.dsv
[7.151s] -- Installing: /home/wublabdubdub/Learn/DFG/Ros2_WS/install/interfaces/share/interfaces/package.dsv
[7.151s] -- Installing: /home/wublabdubdub/Learn/DFG/Ros2_WS/install/interfaces/share/ament_index/resource_index/packages/interfaces
[7.151s] -- Installing: /home/wublabdubdub/Learn/DFG/Ros2_WS/install/interfaces/share/interfaces/cmake/export_interfaces__rosidl_generator_cExport.cmake
[7.151s] -- Installing: /home/wublabdubdub/Learn/DFG/Ros2_WS/install/interfaces/share/interfaces/cmake/export_interfaces__rosidl_generator_cExport-noconfig.cmake
[7.151s] -- Installing: /home/wublabdubdub/Learn/DFG/Ros2_WS/install/interfaces/share/interfaces/cmake/export_interfaces__rosidl_typesupport_fastrtps_cExport.cmake
[7.151s] -- Installing: /home/wublabdubdub/Learn/DFG/Ros2_WS/install/interfaces/share/interfaces/cmake/export_interfaces__rosidl_typesupport_fastrtps_cExport-noconfig.cmake
[7.151s] -- Installing: /home/wublabdubdub/Learn/DFG/Ros2_WS/install/interfaces/share/interfaces/cmake/interfaces__rosidl_typesupport_introspection_cExport.cmake
[7.151s] -- Installing: /home/wublabdubdub/Learn/DFG/Ros2_WS/install/interfaces/share/interfaces/cmake/interfaces__rosidl_typesupport_introspection_cExport-noconfig.cmake
[7.151s] -- Installing: /home/wublabdubdub/Learn/DFG/Ros2_WS/install/interfaces/share/interfaces/cmake/interfaces__rosidl_typesupport_cExport.cmake
[7.153s] -- Installing: /home/wublabdubdub/Learn/DFG/Ros2_WS/install/interfaces/share/interfaces/cmake/interfaces__rosidl_typesupport_cExport-noconfig.cmake
[7.153s] -- Installing: /home/wublabdubdub/Learn/DFG/Ros2_WS/install/interfaces/share/interfaces/cmake/export_interfaces__rosidl_generator_cppExport.cmake
[7.153s] -- Installing: /home/wublabdubdub/Learn/DFG/Ros2_WS/install/interfaces/share/interfaces/cmake/export_interfaces__rosidl_typesupport_fastrtps_cppExport.cmake
[7.153s] -- Installing: /home/wublabdubdub/Learn/DFG/Ros2_WS/install/interfaces/share/interfaces/cmake/export_interfaces__rosidl_typesupport_fastrtps_cppExport-noconfig.cmake
[7.153s] -- Installing: /home/wublabdubdub/Learn/DFG/Ros2_WS/install/interfaces/share/interfaces/cmake/interfaces__rosidl_typesupport_introspection_cppExport.cmake
[7.153s] -- Installing: /home/wublabdubdub/Learn/DFG/Ros2_WS/install/interfaces/share/interfaces/cmake/interfaces__rosidl_typesupport_introspection_cppExport-noconfig.cmake
[7.153s] -- Installing: /home/wublabdubdub/Learn/DFG/Ros2_WS/install/interfaces/share/interfaces/cmake/interfaces__rosidl_typesupport_cppExport.cmake
[7.153s] -- Installing: /home/wublabdubdub/Learn/DFG/Ros2_WS/install/interfaces/share/interfaces/cmake/interfaces__rosidl_typesupport_cppExport-noconfig.cmake
[7.153s] -- Installing: /home/wublabdubdub/Learn/DFG/Ros2_WS/install/interfaces/share/interfaces/cmake/export_interfaces__rosidl_generator_pyExport.cmake
[7.153s] -- Installing: /home/wublabdubdub/Learn/DFG/Ros2_WS/install/interfaces/share/interfaces/cmake/export_interfaces__rosidl_generator_pyExport-noconfig.cmake
[7.153s] -- Installing: /home/wublabdubdub/Learn/DFG/Ros2_WS/install/interfaces/share/interfaces/cmake/rosidl_cmake-extras.cmake
[7.153s] -- Installing: /home/wublabdubdub/Learn/DFG/Ros2_WS/install/interfaces/share/interfaces/cmake/ament_cmake_export_include_directories-extras.cmake
[7.153s] -- Installing: /home/wublabdubdub/Learn/DFG/Ros2_WS/install/interfaces/share/interfaces/cmake/ament_cmake_export_libraries-extras.cmake
[7.153s] -- Installing: /home/wublabdubdub/Learn/DFG/Ros2_WS/install/interfaces/share/interfaces/cmake/ament_cmake_export_targets-extras.cmake
[7.153s] -- Installing: /home/wublabdubdub/Learn/DFG/Ros2_WS/install/interfaces/share/interfaces/cmake/rosidl_cmake_export_typesupport_targets-extras.cmake
[7.153s] -- Installing: /home/wublabdubdub/Learn/DFG/Ros2_WS/install/interfaces/share/interfaces/cmake/ament_cmake_export_dependencies-extras.cmake
[7.153s] -- Installing: /home/wublabdubdub/Learn/DFG/Ros2_WS/install/interfaces/share/interfaces/cmake/rosidl_cmake_export_typesupport_libraries-extras.cmake
[7.153s] -- Installing: /home/wublabdubdub/Learn/DFG/Ros2_WS/install/interfaces/share/interfaces/cmake/interfacesConfig.cmake
[7.153s] -- Installing: /home/wublabdubdub/Learn/DFG/Ros2_WS/install/interfaces/share/interfaces/cmake/interfacesConfig-version.cmake
[7.153s] -- Installing: /home/wublabdubdub/Learn/DFG/Ros2_WS/install/interfaces/share/interfaces/package.xml
[7.165s] Invoked command in '/home/wublabdubdub/Learn/DFG/Ros2_WS/build/interfaces' returned '0': CMAKE_PREFIX_PATH=/opt/ros/humble /usr/bin/cmake --install /home/wublabdubdub/Learn/DFG/Ros2_WS/build/interfaces
