[0.168s] DEBUG:colcon:Command line arguments: ['/usr/bin/colcon', 'build', '--packages-select', 'robot_description']
[0.168s] DEBUG:colcon:Parsed command line arguments: Namespace(log_base=None, log_level=None, verb_name='build', build_base='build', install_base='install', merge_install=False, symlink_install=False, test_result_base=None, continue_on_error=False, executor='parallel', parallel_workers=2, event_handlers=None, ignore_user_meta=False, metas=['./colcon.meta'], base_paths=['.'], packages_ignore=None, packages_ignore_regex=None, paths=None, packages_up_to=None, packages_up_to_regex=None, packages_above=None, packages_above_and_dependencies=None, packages_above_depth=None, packages_select_by_dep=None, packages_skip_by_dep=None, packages_skip_up_to=None, packages_select_build_failed=False, packages_skip_build_finished=False, packages_select_test_failures=False, packages_skip_test_passed=False, packages_select=['robot_description'], packages_skip=None, packages_select_regex=None, packages_skip_regex=None, packages_start=None, packages_end=None, allow_overriding=[], cmake_args=None, cmake_target=None, cmake_target_skip_unavailable=False, cmake_clean_cache=False, cmake_clean_first=False, cmake_force_configure=False, ament_cmake_args=None, catkin_cmake_args=None, catkin_skip_building_tests=False, verb_parser=<colcon_defaults.argument_parser.defaults.DefaultArgumentsDecorator object at 0x71e66c19b880>, verb_extension=<colcon_core.verb.build.BuildVerb object at 0x71e66c364c40>, main=<bound method BuildVerb.main of <colcon_core.verb.build.BuildVerb object at 0x71e66c364c40>>)
[0.384s] Level 1:colcon.colcon_core.package_discovery:discover_packages(colcon_meta) check parameters
[0.384s] Level 1:colcon.colcon_core.package_discovery:discover_packages(recursive) check parameters
[0.384s] Level 1:colcon.colcon_core.package_discovery:discover_packages(ignore) check parameters
[0.384s] Level 1:colcon.colcon_core.package_discovery:discover_packages(path) check parameters
[0.384s] Level 1:colcon.colcon_core.package_discovery:discover_packages(colcon_meta) discover
[0.384s] Level 1:colcon.colcon_core.package_discovery:discover_packages(recursive) discover
[0.384s] INFO:colcon.colcon_core.package_discovery:Crawling recursively for packages in '/home/wublabdubdub/Learn/DFG'
[0.385s] Level 1:colcon.colcon_core.package_identification:_identify(.) by extensions ['ignore', 'ignore_ament_install']
[0.385s] Level 1:colcon.colcon_core.package_identification:_identify(.) by extension 'ignore'
[0.385s] Level 1:colcon.colcon_core.package_identification:_identify(.) by extension 'ignore_ament_install'
[0.385s] Level 1:colcon.colcon_core.package_identification:_identify(.) by extensions ['colcon_pkg']
[0.385s] Level 1:colcon.colcon_core.package_identification:_identify(.) by extension 'colcon_pkg'
[0.385s] Level 1:colcon.colcon_core.package_identification:_identify(.) by extensions ['colcon_meta']
[0.385s] Level 1:colcon.colcon_core.package_identification:_identify(.) by extension 'colcon_meta'
[0.385s] Level 1:colcon.colcon_core.package_identification:_identify(.) by extensions ['ros']
[0.385s] Level 1:colcon.colcon_core.package_identification:_identify(.) by extension 'ros'
[0.403s] Level 1:colcon.colcon_core.package_identification:_identify(.) by extensions ['cmake', 'python']
[0.403s] Level 1:colcon.colcon_core.package_identification:_identify(.) by extension 'cmake'
[0.403s] Level 1:colcon.colcon_core.package_identification:_identify(.) by extension 'python'
[0.403s] Level 1:colcon.colcon_core.package_identification:_identify(.) by extensions ['python_setup_py']
[0.403s] Level 1:colcon.colcon_core.package_identification:_identify(.) by extension 'python_setup_py'
[0.403s] Level 1:colcon.colcon_core.package_identification:_identify(Ros2_WS) by extensions ['ignore', 'ignore_ament_install']
[0.403s] Level 1:colcon.colcon_core.package_identification:_identify(Ros2_WS) by extension 'ignore'
[0.403s] Level 1:colcon.colcon_core.package_identification:_identify(Ros2_WS) by extension 'ignore_ament_install'
[0.403s] Level 1:colcon.colcon_core.package_identification:_identify(Ros2_WS) by extensions ['colcon_pkg']
[0.403s] Level 1:colcon.colcon_core.package_identification:_identify(Ros2_WS) by extension 'colcon_pkg'
[0.403s] Level 1:colcon.colcon_core.package_identification:_identify(Ros2_WS) by extensions ['colcon_meta']
[0.404s] Level 1:colcon.colcon_core.package_identification:_identify(Ros2_WS) by extension 'colcon_meta'
[0.404s] Level 1:colcon.colcon_core.package_identification:_identify(Ros2_WS) by extensions ['ros']
[0.404s] Level 1:colcon.colcon_core.package_identification:_identify(Ros2_WS) by extension 'ros'
[0.404s] Level 1:colcon.colcon_core.package_identification:_identify(Ros2_WS) by extensions ['cmake', 'python']
[0.404s] Level 1:colcon.colcon_core.package_identification:_identify(Ros2_WS) by extension 'cmake'
[0.404s] Level 1:colcon.colcon_core.package_identification:_identify(Ros2_WS) by extension 'python'
[0.404s] Level 1:colcon.colcon_core.package_identification:_identify(Ros2_WS) by extensions ['python_setup_py']
[0.404s] Level 1:colcon.colcon_core.package_identification:_identify(Ros2_WS) by extension 'python_setup_py'
[0.404s] Level 1:colcon.colcon_core.package_identification:_identify(Ros2_WS/build) by extensions ['ignore', 'ignore_ament_install']
[0.404s] Level 1:colcon.colcon_core.package_identification:_identify(Ros2_WS/build) by extension 'ignore'
[0.404s] Level 1:colcon.colcon_core.package_identification:_identify(Ros2_WS/build) ignored
[0.405s] Level 1:colcon.colcon_core.package_identification:_identify(Ros2_WS/install) by extensions ['ignore', 'ignore_ament_install']
[0.405s] Level 1:colcon.colcon_core.package_identification:_identify(Ros2_WS/install) by extension 'ignore'
[0.405s] Level 1:colcon.colcon_core.package_identification:_identify(Ros2_WS/install) ignored
[0.405s] Level 1:colcon.colcon_core.package_identification:_identify(Ros2_WS/log) by extensions ['ignore', 'ignore_ament_install']
[0.405s] Level 1:colcon.colcon_core.package_identification:_identify(Ros2_WS/log) by extension 'ignore'
[0.405s] Level 1:colcon.colcon_core.package_identification:_identify(Ros2_WS/log) ignored
[0.405s] Level 1:colcon.colcon_core.package_identification:_identify(Ros2_WS/src) by extensions ['ignore', 'ignore_ament_install']
[0.405s] Level 1:colcon.colcon_core.package_identification:_identify(Ros2_WS/src) by extension 'ignore'
[0.405s] Level 1:colcon.colcon_core.package_identification:_identify(Ros2_WS/src) by extension 'ignore_ament_install'
[0.406s] Level 1:colcon.colcon_core.package_identification:_identify(Ros2_WS/src) by extensions ['colcon_pkg']
[0.406s] Level 1:colcon.colcon_core.package_identification:_identify(Ros2_WS/src) by extension 'colcon_pkg'
[0.406s] Level 1:colcon.colcon_core.package_identification:_identify(Ros2_WS/src) by extensions ['colcon_meta']
[0.406s] Level 1:colcon.colcon_core.package_identification:_identify(Ros2_WS/src) by extension 'colcon_meta'
[0.406s] Level 1:colcon.colcon_core.package_identification:_identify(Ros2_WS/src) by extensions ['ros']
[0.406s] Level 1:colcon.colcon_core.package_identification:_identify(Ros2_WS/src) by extension 'ros'
[0.406s] Level 1:colcon.colcon_core.package_identification:_identify(Ros2_WS/src) by extensions ['cmake', 'python']
[0.406s] Level 1:colcon.colcon_core.package_identification:_identify(Ros2_WS/src) by extension 'cmake'
[0.406s] Level 1:colcon.colcon_core.package_identification:_identify(Ros2_WS/src) by extension 'python'
[0.406s] Level 1:colcon.colcon_core.package_identification:_identify(Ros2_WS/src) by extensions ['python_setup_py']
[0.406s] Level 1:colcon.colcon_core.package_identification:_identify(Ros2_WS/src) by extension 'python_setup_py'
[0.406s] Level 1:colcon.colcon_core.package_identification:_identify(Ros2_WS/src/demo_tf) by extensions ['ignore', 'ignore_ament_install']
[0.406s] Level 1:colcon.colcon_core.package_identification:_identify(Ros2_WS/src/demo_tf) by extension 'ignore'
[0.406s] Level 1:colcon.colcon_core.package_identification:_identify(Ros2_WS/src/demo_tf) by extension 'ignore_ament_install'
[0.406s] Level 1:colcon.colcon_core.package_identification:_identify(Ros2_WS/src/demo_tf) by extensions ['colcon_pkg']
[0.407s] Level 1:colcon.colcon_core.package_identification:_identify(Ros2_WS/src/demo_tf) by extension 'colcon_pkg'
[0.407s] Level 1:colcon.colcon_core.package_identification:_identify(Ros2_WS/src/demo_tf) by extensions ['colcon_meta']
[0.407s] Level 1:colcon.colcon_core.package_identification:_identify(Ros2_WS/src/demo_tf) by extension 'colcon_meta'
[0.407s] Level 1:colcon.colcon_core.package_identification:_identify(Ros2_WS/src/demo_tf) by extensions ['ros']
[0.407s] Level 1:colcon.colcon_core.package_identification:_identify(Ros2_WS/src/demo_tf) by extension 'ros'
[0.410s] DEBUG:colcon.colcon_core.package_identification:Package 'Ros2_WS/src/demo_tf' with type 'ros.ament_cmake' and name 'demo_tf'
[0.411s] Level 1:colcon.colcon_core.package_identification:_identify(Ros2_WS/src/my_interface) by extensions ['ignore', 'ignore_ament_install']
[0.411s] Level 1:colcon.colcon_core.package_identification:_identify(Ros2_WS/src/my_interface) by extension 'ignore'
[0.411s] Level 1:colcon.colcon_core.package_identification:_identify(Ros2_WS/src/my_interface) by extension 'ignore_ament_install'
[0.411s] Level 1:colcon.colcon_core.package_identification:_identify(Ros2_WS/src/my_interface) by extensions ['colcon_pkg']
[0.411s] Level 1:colcon.colcon_core.package_identification:_identify(Ros2_WS/src/my_interface) by extension 'colcon_pkg'
[0.411s] Level 1:colcon.colcon_core.package_identification:_identify(Ros2_WS/src/my_interface) by extensions ['colcon_meta']
[0.411s] Level 1:colcon.colcon_core.package_identification:_identify(Ros2_WS/src/my_interface) by extension 'colcon_meta'
[0.411s] Level 1:colcon.colcon_core.package_identification:_identify(Ros2_WS/src/my_interface) by extensions ['ros']
[0.411s] Level 1:colcon.colcon_core.package_identification:_identify(Ros2_WS/src/my_interface) by extension 'ros'
[0.412s] DEBUG:colcon.colcon_core.package_identification:Package 'Ros2_WS/src/my_interface' with type 'ros.ament_cmake' and name 'my_interface'
[0.413s] Level 1:colcon.colcon_core.package_identification:_identify(Ros2_WS/src/parameter) by extensions ['ignore', 'ignore_ament_install']
[0.413s] Level 1:colcon.colcon_core.package_identification:_identify(Ros2_WS/src/parameter) by extension 'ignore'
[0.413s] Level 1:colcon.colcon_core.package_identification:_identify(Ros2_WS/src/parameter) by extension 'ignore_ament_install'
[0.413s] Level 1:colcon.colcon_core.package_identification:_identify(Ros2_WS/src/parameter) by extensions ['colcon_pkg']
[0.413s] Level 1:colcon.colcon_core.package_identification:_identify(Ros2_WS/src/parameter) by extension 'colcon_pkg'
[0.413s] Level 1:colcon.colcon_core.package_identification:_identify(Ros2_WS/src/parameter) by extensions ['colcon_meta']
[0.413s] Level 1:colcon.colcon_core.package_identification:_identify(Ros2_WS/src/parameter) by extension 'colcon_meta'
[0.413s] Level 1:colcon.colcon_core.package_identification:_identify(Ros2_WS/src/parameter) by extensions ['ros']
[0.413s] Level 1:colcon.colcon_core.package_identification:_identify(Ros2_WS/src/parameter) by extension 'ros'
[0.414s] DEBUG:colcon.colcon_core.package_identification:Package 'Ros2_WS/src/parameter' with type 'ros.ament_cmake' and name 'parameter'
[0.414s] Level 1:colcon.colcon_core.package_identification:_identify(Ros2_WS/src/robot_description) by extensions ['ignore', 'ignore_ament_install']
[0.414s] Level 1:colcon.colcon_core.package_identification:_identify(Ros2_WS/src/robot_description) by extension 'ignore'
[0.414s] Level 1:colcon.colcon_core.package_identification:_identify(Ros2_WS/src/robot_description) by extension 'ignore_ament_install'
[0.415s] Level 1:colcon.colcon_core.package_identification:_identify(Ros2_WS/src/robot_description) by extensions ['colcon_pkg']
[0.415s] Level 1:colcon.colcon_core.package_identification:_identify(Ros2_WS/src/robot_description) by extension 'colcon_pkg'
[0.415s] Level 1:colcon.colcon_core.package_identification:_identify(Ros2_WS/src/robot_description) by extensions ['colcon_meta']
[0.415s] Level 1:colcon.colcon_core.package_identification:_identify(Ros2_WS/src/robot_description) by extension 'colcon_meta'
[0.415s] Level 1:colcon.colcon_core.package_identification:_identify(Ros2_WS/src/robot_description) by extensions ['ros']
[0.415s] Level 1:colcon.colcon_core.package_identification:_identify(Ros2_WS/src/robot_description) by extension 'ros'
[0.415s] DEBUG:colcon.colcon_core.package_identification:Package 'Ros2_WS/src/robot_description' with type 'ros.ament_cmake' and name 'robot_description'
[0.416s] Level 1:colcon.colcon_core.package_identification:_identify(Ros2_WS/src/service) by extensions ['ignore', 'ignore_ament_install']
[0.416s] Level 1:colcon.colcon_core.package_identification:_identify(Ros2_WS/src/service) by extension 'ignore'
[0.416s] Level 1:colcon.colcon_core.package_identification:_identify(Ros2_WS/src/service) by extension 'ignore_ament_install'
[0.416s] Level 1:colcon.colcon_core.package_identification:_identify(Ros2_WS/src/service) by extensions ['colcon_pkg']
[0.416s] Level 1:colcon.colcon_core.package_identification:_identify(Ros2_WS/src/service) by extension 'colcon_pkg'
[0.416s] Level 1:colcon.colcon_core.package_identification:_identify(Ros2_WS/src/service) by extensions ['colcon_meta']
[0.416s] Level 1:colcon.colcon_core.package_identification:_identify(Ros2_WS/src/service) by extension 'colcon_meta'
[0.416s] Level 1:colcon.colcon_core.package_identification:_identify(Ros2_WS/src/service) by extensions ['ros']
[0.416s] Level 1:colcon.colcon_core.package_identification:_identify(Ros2_WS/src/service) by extension 'ros'
[0.417s] DEBUG:colcon.colcon_core.package_identification:Package 'Ros2_WS/src/service' with type 'ros.ament_cmake' and name 'service'
[0.417s] Level 1:colcon.colcon_core.package_identification:_identify(Ros2_WS/src/topic) by extensions ['ignore', 'ignore_ament_install']
[0.417s] Level 1:colcon.colcon_core.package_identification:_identify(Ros2_WS/src/topic) by extension 'ignore'
[0.417s] Level 1:colcon.colcon_core.package_identification:_identify(Ros2_WS/src/topic) by extension 'ignore_ament_install'
[0.418s] Level 1:colcon.colcon_core.package_identification:_identify(Ros2_WS/src/topic) by extensions ['colcon_pkg']
[0.418s] Level 1:colcon.colcon_core.package_identification:_identify(Ros2_WS/src/topic) by extension 'colcon_pkg'
[0.418s] Level 1:colcon.colcon_core.package_identification:_identify(Ros2_WS/src/topic) by extensions ['colcon_meta']
[0.418s] Level 1:colcon.colcon_core.package_identification:_identify(Ros2_WS/src/topic) by extension 'colcon_meta'
[0.418s] Level 1:colcon.colcon_core.package_identification:_identify(Ros2_WS/src/topic) by extensions ['ros']
[0.418s] Level 1:colcon.colcon_core.package_identification:_identify(Ros2_WS/src/topic) by extension 'ros'
[0.419s] DEBUG:colcon.colcon_core.package_identification:Package 'Ros2_WS/src/topic' with type 'ros.ament_cmake' and name 'topic'
[0.419s] Level 1:colcon.colcon_core.package_identification:_identify(Week1) by extensions ['ignore', 'ignore_ament_install']
[0.419s] Level 1:colcon.colcon_core.package_identification:_identify(Week1) by extension 'ignore'
[0.419s] Level 1:colcon.colcon_core.package_identification:_identify(Week1) by extension 'ignore_ament_install'
[0.419s] Level 1:colcon.colcon_core.package_identification:_identify(Week1) by extensions ['colcon_pkg']
[0.419s] Level 1:colcon.colcon_core.package_identification:_identify(Week1) by extension 'colcon_pkg'
[0.419s] Level 1:colcon.colcon_core.package_identification:_identify(Week1) by extensions ['colcon_meta']
[0.419s] Level 1:colcon.colcon_core.package_identification:_identify(Week1) by extension 'colcon_meta'
[0.419s] Level 1:colcon.colcon_core.package_identification:_identify(Week1) by extensions ['ros']
[0.419s] Level 1:colcon.colcon_core.package_identification:_identify(Week1) by extension 'ros'
[0.419s] Level 1:colcon.colcon_core.package_identification:_identify(Week1) by extensions ['cmake', 'python']
[0.419s] Level 1:colcon.colcon_core.package_identification:_identify(Week1) by extension 'cmake'
[0.419s] Level 1:colcon.colcon_core.package_identification:_identify(Week1) by extension 'python'
[0.419s] Level 1:colcon.colcon_core.package_identification:_identify(Week1) by extensions ['python_setup_py']
[0.420s] Level 1:colcon.colcon_core.package_identification:_identify(Week1) by extension 'python_setup_py'
[0.420s] Level 1:colcon.colcon_core.package_identification:_identify(Week2) by extensions ['ignore', 'ignore_ament_install']
[0.420s] Level 1:colcon.colcon_core.package_identification:_identify(Week2) by extension 'ignore'
[0.420s] Level 1:colcon.colcon_core.package_identification:_identify(Week2) by extension 'ignore_ament_install'
[0.420s] Level 1:colcon.colcon_core.package_identification:_identify(Week2) by extensions ['colcon_pkg']
[0.420s] Level 1:colcon.colcon_core.package_identification:_identify(Week2) by extension 'colcon_pkg'
[0.420s] Level 1:colcon.colcon_core.package_identification:_identify(Week2) by extensions ['colcon_meta']
[0.420s] Level 1:colcon.colcon_core.package_identification:_identify(Week2) by extension 'colcon_meta'
[0.420s] Level 1:colcon.colcon_core.package_identification:_identify(Week2) by extensions ['ros']
[0.420s] Level 1:colcon.colcon_core.package_identification:_identify(Week2) by extension 'ros'
[0.420s] Level 1:colcon.colcon_core.package_identification:_identify(Week2) by extensions ['cmake', 'python']
[0.420s] Level 1:colcon.colcon_core.package_identification:_identify(Week2) by extension 'cmake'
[0.421s] Level 1:colcon.colcon_core.package_identification:_identify(Week2) by extension 'python'
[0.421s] Level 1:colcon.colcon_core.package_identification:_identify(Week2) by extensions ['python_setup_py']
[0.421s] Level 1:colcon.colcon_core.package_identification:_identify(Week2) by extension 'python_setup_py'
[0.421s] Level 1:colcon.colcon_core.package_identification:_identify(Week2/W_crypt) by extensions ['ignore', 'ignore_ament_install']
[0.421s] Level 1:colcon.colcon_core.package_identification:_identify(Week2/W_crypt) by extension 'ignore'
[0.421s] Level 1:colcon.colcon_core.package_identification:_identify(Week2/W_crypt) by extension 'ignore_ament_install'
[0.421s] Level 1:colcon.colcon_core.package_identification:_identify(Week2/W_crypt) by extensions ['colcon_pkg']
[0.421s] Level 1:colcon.colcon_core.package_identification:_identify(Week2/W_crypt) by extension 'colcon_pkg'
[0.421s] Level 1:colcon.colcon_core.package_identification:_identify(Week2/W_crypt) by extensions ['colcon_meta']
[0.421s] Level 1:colcon.colcon_core.package_identification:_identify(Week2/W_crypt) by extension 'colcon_meta'
[0.421s] Level 1:colcon.colcon_core.package_identification:_identify(Week2/W_crypt) by extensions ['ros']
[0.421s] Level 1:colcon.colcon_core.package_identification:_identify(Week2/W_crypt) by extension 'ros'
[0.421s] Level 1:colcon.colcon_core.package_identification:_identify(Week2/W_crypt) by extensions ['cmake', 'python']
[0.421s] Level 1:colcon.colcon_core.package_identification:_identify(Week2/W_crypt) by extension 'cmake'
[0.425s] Level 1:colcon.colcon_core.package_identification:_identify(Week2/W_crypt) by extension 'python'
[0.425s] DEBUG:colcon.colcon_core.package_identification:Package 'Week2/W_crypt' with type 'cmake' and name 'W_crypt'
[0.425s] Level 1:colcon.colcon_core.package_identification:_identify(Week3) by extensions ['ignore', 'ignore_ament_install']
[0.425s] Level 1:colcon.colcon_core.package_identification:_identify(Week3) by extension 'ignore'
[0.425s] Level 1:colcon.colcon_core.package_identification:_identify(Week3) by extension 'ignore_ament_install'
[0.426s] Level 1:colcon.colcon_core.package_identification:_identify(Week3) by extensions ['colcon_pkg']
[0.426s] Level 1:colcon.colcon_core.package_identification:_identify(Week3) by extension 'colcon_pkg'
[0.426s] Level 1:colcon.colcon_core.package_identification:_identify(Week3) by extensions ['colcon_meta']
[0.426s] Level 1:colcon.colcon_core.package_identification:_identify(Week3) by extension 'colcon_meta'
[0.426s] Level 1:colcon.colcon_core.package_identification:_identify(Week3) by extensions ['ros']
[0.426s] Level 1:colcon.colcon_core.package_identification:_identify(Week3) by extension 'ros'
[0.426s] Level 1:colcon.colcon_core.package_identification:_identify(Week3) by extensions ['cmake', 'python']
[0.426s] Level 1:colcon.colcon_core.package_identification:_identify(Week3) by extension 'cmake'
[0.428s] Level 1:colcon.colcon_core.package_identification:_identify(Week3) by extension 'python'
[0.429s] DEBUG:colcon.colcon_core.package_identification:Package 'Week3' with type 'cmake' and name 'main'
[0.429s] Level 1:colcon.colcon_core.package_identification:_identify(Week4) by extensions ['ignore', 'ignore_ament_install']
[0.429s] Level 1:colcon.colcon_core.package_identification:_identify(Week4) by extension 'ignore'
[0.429s] Level 1:colcon.colcon_core.package_identification:_identify(Week4) by extension 'ignore_ament_install'
[0.429s] Level 1:colcon.colcon_core.package_identification:_identify(Week4) by extensions ['colcon_pkg']
[0.429s] Level 1:colcon.colcon_core.package_identification:_identify(Week4) by extension 'colcon_pkg'
[0.429s] Level 1:colcon.colcon_core.package_identification:_identify(Week4) by extensions ['colcon_meta']
[0.429s] Level 1:colcon.colcon_core.package_identification:_identify(Week4) by extension 'colcon_meta'
[0.430s] Level 1:colcon.colcon_core.package_identification:_identify(Week4) by extensions ['ros']
[0.430s] Level 1:colcon.colcon_core.package_identification:_identify(Week4) by extension 'ros'
[0.430s] Level 1:colcon.colcon_core.package_identification:_identify(Week4) by extensions ['cmake', 'python']
[0.430s] Level 1:colcon.colcon_core.package_identification:_identify(Week4) by extension 'cmake'
[0.430s] Level 1:colcon.colcon_core.package_identification:_identify(Week4) by extension 'python'
[0.430s] Level 1:colcon.colcon_core.package_identification:_identify(Week4) by extensions ['python_setup_py']
[0.430s] Level 1:colcon.colcon_core.package_identification:_identify(Week4) by extension 'python_setup_py'
[0.430s] Level 1:colcon.colcon_core.package_identification:_identify(build) by extensions ['ignore', 'ignore_ament_install']
[0.430s] Level 1:colcon.colcon_core.package_identification:_identify(build) by extension 'ignore'
[0.430s] Level 1:colcon.colcon_core.package_identification:_identify(build) ignored
[0.430s] Level 1:colcon.colcon_core.package_identification:_identify(install) by extensions ['ignore', 'ignore_ament_install']
[0.431s] Level 1:colcon.colcon_core.package_identification:_identify(install) by extension 'ignore'
[0.431s] Level 1:colcon.colcon_core.package_identification:_identify(install) ignored
[0.431s] Level 1:colcon.colcon_core.package_identification:_identify(log) by extensions ['ignore', 'ignore_ament_install']
[0.431s] Level 1:colcon.colcon_core.package_identification:_identify(log) by extension 'ignore'
[0.431s] Level 1:colcon.colcon_core.package_identification:_identify(log) ignored
[0.431s] Level 1:colcon.colcon_core.package_discovery:discover_packages(recursive) using defaults
[0.431s] Level 1:colcon.colcon_core.package_discovery:discover_packages(ignore) discover
[0.431s] Level 1:colcon.colcon_core.package_discovery:discover_packages(ignore) using defaults
[0.431s] Level 1:colcon.colcon_core.package_discovery:discover_packages(path) discover
[0.431s] Level 1:colcon.colcon_core.package_discovery:discover_packages(path) using defaults
[0.462s] INFO:colcon.colcon_core.package_selection:Skipping not selected package 'W_crypt' in 'Week2/W_crypt'
[0.463s] INFO:colcon.colcon_core.package_selection:Skipping not selected package 'demo_tf' in 'Ros2_WS/src/demo_tf'
[0.463s] INFO:colcon.colcon_core.package_selection:Skipping not selected package 'main' in 'Week3'
[0.463s] INFO:colcon.colcon_core.package_selection:Skipping not selected package 'my_interface' in 'Ros2_WS/src/my_interface'
[0.463s] INFO:colcon.colcon_core.package_selection:Skipping not selected package 'parameter' in 'Ros2_WS/src/parameter'
[0.463s] INFO:colcon.colcon_core.package_selection:Skipping not selected package 'service' in 'Ros2_WS/src/service'
[0.463s] INFO:colcon.colcon_core.package_selection:Skipping not selected package 'topic' in 'Ros2_WS/src/topic'
[0.463s] Level 1:colcon.colcon_core.package_discovery:discover_packages(prefix_path) check parameters
[0.463s] Level 1:colcon.colcon_core.package_discovery:discover_packages(prefix_path) discover
[0.467s] DEBUG:colcon.colcon_installed_package_information.package_discovery:Found 6 installed packages in /home/wublabdubdub/Learn/DFG/Ros2_WS/install
[0.469s] DEBUG:colcon.colcon_installed_package_information.package_discovery:Found 281 installed packages in /opt/ros/humble
[0.486s] Level 1:colcon.colcon_core.package_discovery:discover_packages(prefix_path) using defaults
[0.543s] Level 5:colcon.colcon_core.verb:set package 'robot_description' build argument 'cmake_args' from command line to 'None'
[0.543s] Level 5:colcon.colcon_core.verb:set package 'robot_description' build argument 'cmake_target' from command line to 'None'
[0.543s] Level 5:colcon.colcon_core.verb:set package 'robot_description' build argument 'cmake_target_skip_unavailable' from command line to 'False'
[0.543s] Level 5:colcon.colcon_core.verb:set package 'robot_description' build argument 'cmake_clean_cache' from command line to 'False'
[0.543s] Level 5:colcon.colcon_core.verb:set package 'robot_description' build argument 'cmake_clean_first' from command line to 'False'
[0.543s] Level 5:colcon.colcon_core.verb:set package 'robot_description' build argument 'cmake_force_configure' from command line to 'False'
[0.543s] Level 5:colcon.colcon_core.verb:set package 'robot_description' build argument 'ament_cmake_args' from command line to 'None'
[0.543s] Level 5:colcon.colcon_core.verb:set package 'robot_description' build argument 'catkin_cmake_args' from command line to 'None'
[0.543s] Level 5:colcon.colcon_core.verb:set package 'robot_description' build argument 'catkin_skip_building_tests' from command line to 'False'
[0.543s] DEBUG:colcon.colcon_core.verb:Building package 'robot_description' with the following arguments: {'ament_cmake_args': None, 'build_base': '/home/wublabdubdub/Learn/DFG/build/robot_description', 'catkin_cmake_args': None, 'catkin_skip_building_tests': False, 'cmake_args': None, 'cmake_clean_cache': False, 'cmake_clean_first': False, 'cmake_force_configure': False, 'cmake_target': None, 'cmake_target_skip_unavailable': False, 'install_base': '/home/wublabdubdub/Learn/DFG/install/robot_description', 'merge_install': False, 'path': '/home/wublabdubdub/Learn/DFG/Ros2_WS/src/robot_description', 'symlink_install': False, 'test_result_base': None}
[0.543s] INFO:colcon.colcon_core.executor:Executing jobs using 'parallel' executor
[0.546s] DEBUG:colcon.colcon_parallel_executor.executor.parallel:run_until_complete
[0.547s] INFO:colcon.colcon_ros.task.ament_cmake.build:Building ROS package in '/home/wublabdubdub/Learn/DFG/Ros2_WS/src/robot_description' with build type 'ament_cmake'
[0.548s] INFO:colcon.colcon_cmake.task.cmake.build:Building CMake package in '/home/wublabdubdub/Learn/DFG/Ros2_WS/src/robot_description'
[0.551s] INFO:colcon.colcon_core.plugin_system:Skipping extension 'colcon_core.shell.bat': Not used on non-Windows systems
[0.551s] INFO:colcon.colcon_core.shell:Skip shell extension 'powershell' for command environment: Not usable outside of PowerShell
[0.551s] DEBUG:colcon.colcon_core.shell:Skip shell extension 'dsv' for command environment
[0.586s] DEBUG:colcon.colcon_core.event_handler.log_command:Invoking command in '/home/wublabdubdub/Learn/DFG/build/robot_description': CMAKE_PREFIX_PATH=${CMAKE_PREFIX_PATH}:/opt/ros/humble /usr/bin/cmake --build /home/wublabdubdub/Learn/DFG/build/robot_description -- -j2 -l2
[0.723s] DEBUG:colcon.colcon_core.event_handler.log_command:Invoked command in '/home/wublabdubdub/Learn/DFG/build/robot_description' returned '0': CMAKE_PREFIX_PATH=${CMAKE_PREFIX_PATH}:/opt/ros/humble /usr/bin/cmake --build /home/wublabdubdub/Learn/DFG/build/robot_description -- -j2 -l2
[0.759s] DEBUG:colcon.colcon_core.event_handler.log_command:Invoking command in '/home/wublabdubdub/Learn/DFG/build/robot_description': CMAKE_PREFIX_PATH=${CMAKE_PREFIX_PATH}:/opt/ros/humble /usr/bin/cmake --install /home/wublabdubdub/Learn/DFG/build/robot_description
[0.798s] Level 1:colcon.colcon_core.environment:create_environment_scripts_only(robot_description)
[0.800s] DEBUG:colcon.colcon_core.event_handler.log_command:Invoked command in '/home/wublabdubdub/Learn/DFG/build/robot_description' returned '0': CMAKE_PREFIX_PATH=${CMAKE_PREFIX_PATH}:/opt/ros/humble /usr/bin/cmake --install /home/wublabdubdub/Learn/DFG/build/robot_description
[0.805s] Level 1:colcon.colcon_core.environment:checking '/home/wublabdubdub/Learn/DFG/install/robot_description' for CMake module files
[0.806s] Level 1:colcon.colcon_core.environment:checking '/home/wublabdubdub/Learn/DFG/install/robot_description' for CMake config files
[0.806s] Level 1:colcon.colcon_core.shell:create_environment_hook('robot_description', 'cmake_prefix_path')
[0.806s] INFO:colcon.colcon_core.shell:Creating environment hook '/home/wublabdubdub/Learn/DFG/install/robot_description/share/robot_description/hook/cmake_prefix_path.ps1'
[0.810s] INFO:colcon.colcon_core.shell:Creating environment descriptor '/home/wublabdubdub/Learn/DFG/install/robot_description/share/robot_description/hook/cmake_prefix_path.dsv'
[0.813s] INFO:colcon.colcon_core.shell:Creating environment hook '/home/wublabdubdub/Learn/DFG/install/robot_description/share/robot_description/hook/cmake_prefix_path.sh'
[0.815s] Level 1:colcon.colcon_core.environment:checking '/home/wublabdubdub/Learn/DFG/install/robot_description/bin'
[0.817s] Level 1:colcon.colcon_core.environment:checking '/home/wublabdubdub/Learn/DFG/install/robot_description/lib/pkgconfig/robot_description.pc'
[0.817s] Level 1:colcon.colcon_core.environment:checking '/home/wublabdubdub/Learn/DFG/install/robot_description/lib/python3.10/site-packages'
[0.817s] Level 1:colcon.colcon_core.environment:checking '/home/wublabdubdub/Learn/DFG/install/robot_description/bin'
[0.818s] INFO:colcon.colcon_core.shell:Creating package script '/home/wublabdubdub/Learn/DFG/install/robot_description/share/robot_description/package.ps1'
[0.821s] INFO:colcon.colcon_core.shell:Creating package descriptor '/home/wublabdubdub/Learn/DFG/install/robot_description/share/robot_description/package.dsv'
[0.824s] INFO:colcon.colcon_core.shell:Creating package script '/home/wublabdubdub/Learn/DFG/install/robot_description/share/robot_description/package.sh'
[0.826s] INFO:colcon.colcon_core.shell:Creating package script '/home/wublabdubdub/Learn/DFG/install/robot_description/share/robot_description/package.bash'
[0.828s] INFO:colcon.colcon_core.shell:Creating package script '/home/wublabdubdub/Learn/DFG/install/robot_description/share/robot_description/package.zsh'
[0.831s] Level 1:colcon.colcon_core.environment:create_file_with_runtime_dependencies(/home/wublabdubdub/Learn/DFG/install/robot_description/share/colcon-core/packages/robot_description)
[0.832s] Level 1:colcon.colcon_core.environment:create_environment_scripts_only(robot_description)
[0.833s] Level 1:colcon.colcon_core.environment:checking '/home/wublabdubdub/Learn/DFG/install/robot_description' for CMake module files
[0.834s] Level 1:colcon.colcon_core.environment:checking '/home/wublabdubdub/Learn/DFG/install/robot_description' for CMake config files
[0.836s] Level 1:colcon.colcon_core.shell:create_environment_hook('robot_description', 'cmake_prefix_path')
[0.836s] INFO:colcon.colcon_core.shell:Creating environment hook '/home/wublabdubdub/Learn/DFG/install/robot_description/share/robot_description/hook/cmake_prefix_path.ps1'
[0.838s] INFO:colcon.colcon_core.shell:Creating environment descriptor '/home/wublabdubdub/Learn/DFG/install/robot_description/share/robot_description/hook/cmake_prefix_path.dsv'
[0.840s] INFO:colcon.colcon_core.shell:Creating environment hook '/home/wublabdubdub/Learn/DFG/install/robot_description/share/robot_description/hook/cmake_prefix_path.sh'
[0.842s] Level 1:colcon.colcon_core.environment:checking '/home/wublabdubdub/Learn/DFG/install/robot_description/bin'
[0.842s] Level 1:colcon.colcon_core.environment:checking '/home/wublabdubdub/Learn/DFG/install/robot_description/lib/pkgconfig/robot_description.pc'
[0.844s] Level 1:colcon.colcon_core.environment:checking '/home/wublabdubdub/Learn/DFG/install/robot_description/lib/python3.10/site-packages'
[0.846s] Level 1:colcon.colcon_core.environment:checking '/home/wublabdubdub/Learn/DFG/install/robot_description/bin'
[0.846s] INFO:colcon.colcon_core.shell:Creating package script '/home/wublabdubdub/Learn/DFG/install/robot_description/share/robot_description/package.ps1'
[0.849s] INFO:colcon.colcon_core.shell:Creating package descriptor '/home/wublabdubdub/Learn/DFG/install/robot_description/share/robot_description/package.dsv'
[0.851s] INFO:colcon.colcon_core.shell:Creating package script '/home/wublabdubdub/Learn/DFG/install/robot_description/share/robot_description/package.sh'
[0.852s] INFO:colcon.colcon_core.shell:Creating package script '/home/wublabdubdub/Learn/DFG/install/robot_description/share/robot_description/package.bash'
[0.853s] INFO:colcon.colcon_core.shell:Creating package script '/home/wublabdubdub/Learn/DFG/install/robot_description/share/robot_description/package.zsh'
[0.855s] Level 1:colcon.colcon_core.environment:create_file_with_runtime_dependencies(/home/wublabdubdub/Learn/DFG/install/robot_description/share/colcon-core/packages/robot_description)
[0.857s] DEBUG:colcon.colcon_parallel_executor.executor.parallel:closing loop
[0.860s] DEBUG:colcon.colcon_parallel_executor.executor.parallel:loop closed
[0.860s] DEBUG:colcon.colcon_parallel_executor.executor.parallel:run_until_complete finished with '0'
[0.861s] DEBUG:colcon.colcon_core.event_reactor:joining thread
[0.898s] INFO:colcon.colcon_core.plugin_system:Skipping extension 'colcon_notification.desktop_notification.terminal_notifier': Not used on non-Darwin systems
[0.899s] INFO:colcon.colcon_core.plugin_system:Skipping extension 'colcon_notification.desktop_notification.win32': Not used on non-Windows systems
[0.900s] INFO:colcon.colcon_notification.desktop_notification:Sending desktop notification using 'notify2'
[0.960s] DEBUG:colcon.colcon_core.event_reactor:joined thread
[0.961s] INFO:colcon.colcon_core.shell:Creating prefix script '/home/wublabdubdub/Learn/DFG/install/local_setup.ps1'
[0.963s] INFO:colcon.colcon_core.shell:Creating prefix util module '/home/wublabdubdub/Learn/DFG/install/_local_setup_util_ps1.py'
[0.965s] INFO:colcon.colcon_core.shell:Creating prefix chain script '/home/wublabdubdub/Learn/DFG/install/setup.ps1'
[0.967s] INFO:colcon.colcon_core.shell:Creating prefix script '/home/wublabdubdub/Learn/DFG/install/local_setup.sh'
[0.969s] INFO:colcon.colcon_core.shell:Creating prefix util module '/home/wublabdubdub/Learn/DFG/install/_local_setup_util_sh.py'
[0.970s] INFO:colcon.colcon_core.shell:Creating prefix chain script '/home/wublabdubdub/Learn/DFG/install/setup.sh'
[0.972s] INFO:colcon.colcon_core.shell:Creating prefix script '/home/wublabdubdub/Learn/DFG/install/local_setup.bash'
[0.973s] INFO:colcon.colcon_core.shell:Creating prefix chain script '/home/wublabdubdub/Learn/DFG/install/setup.bash'
[0.979s] INFO:colcon.colcon_core.shell:Creating prefix script '/home/wublabdubdub/Learn/DFG/install/local_setup.zsh'
[0.982s] INFO:colcon.colcon_core.shell:Creating prefix chain script '/home/wublabdubdub/Learn/DFG/install/setup.zsh'
