[0.036s] Invoking command in '/home/wublabdubdub/Learn/DFG/Ros2_WS/build/parameter': CMAKE_PREFIX_PATH=${CMAKE_PREFIX_PATH}:/opt/ros/humble /usr/bin/cmake /home/wublabdubdub/Learn/DFG/Ros2_WS/src/parameter -DCMAKE_INSTALL_PREFIX=/home/wublabdubdub/Learn/DFG/Ros2_WS/install/parameter
[0.185s] -- The C compiler identification is GNU 11.4.0
[0.383s] -- The CXX compiler identification is GNU 11.4.0
[0.405s] -- Detecting C compiler ABI info
[0.623s] -- Detecting C compiler ABI info - done
[0.635s] -- Check for working C compiler: /usr/bin/cc - skipped
[0.639s] -- Detecting C compile features
[0.640s] -- Detecting C compile features - done
[0.641s] -- Detecting CXX compiler ABI info
[0.870s] -- Detecting CXX compiler ABI info - done
[0.881s] -- Check for working CXX compiler: /usr/bin/c++ - skipped
[0.882s] -- Detecting CXX compile features
[0.884s] -- Detecting CXX compile features - done
[0.888s] -- Found ament_cmake: 1.3.12 (/opt/ros/humble/share/ament_cmake/cmake)
[1.437s] -- Found Python3: /usr/bin/python3 (found version "3.10.12") found components: Interpreter 
[1.604s] -- Found rclcpp: 16.0.15 (/opt/ros/humble/share/rclcpp/cmake)
[1.711s] -- Found rosidl_generator_c: 3.1.7 (/opt/ros/humble/share/rosidl_generator_c/cmake)
[1.721s] -- Found rosidl_adapter: 3.1.7 (/opt/ros/humble/share/rosidl_adapter/cmake)
[1.744s] -- Found rosidl_generator_cpp: 3.1.7 (/opt/ros/humble/share/rosidl_generator_cpp/cmake)
[1.794s] -- Using all available rosidl_typesupport_c: rosidl_typesupport_fastrtps_c;rosidl_typesupport_introspection_c
[1.843s] -- Using all available rosidl_typesupport_cpp: rosidl_typesupport_fastrtps_cpp;rosidl_typesupport_introspection_cpp
[1.968s] -- Found rmw_implementation_cmake: 6.1.2 (/opt/ros/humble/share/rmw_implementation_cmake/cmake)
[1.977s] -- Found rmw_fastrtps_cpp: 6.2.9 (/opt/ros/humble/share/rmw_fastrtps_cpp/cmake)
[2.318s] -- Found OpenSSL: /usr/lib/x86_64-linux-gnu/libcrypto.so (found version "3.0.2")  
[2.404s] -- Found FastRTPS: /opt/ros/humble/include  
[2.509s] -- Using RMW implementation 'rmw_fastrtps_cpp' as default
[2.523s] -- Looking for pthread.h
[2.752s] -- Looking for pthread.h - found
[2.752s] -- Performing Test CMAKE_HAVE_LIBC_PTHREAD
[2.928s] -- Performing Test CMAKE_HAVE_LIBC_PTHREAD - Success
[2.931s] -- Found Threads: TRUE  
[3.076s] -- Found ament_lint_auto: 0.12.14 (/opt/ros/humble/share/ament_lint_auto/cmake)
[3.404s] [31mCMake Error at CMakeLists.txt:27 (install):
[3.404s]   install TARGETS given target "DEFINITION" which does not exist.
[3.404s] 
[3.404s] [0m
[3.419s] -- Added test 'cppcheck' to perform static code analysis on C / C++ code
[3.419s] -- Configured cppcheck include dirs: 
[3.419s] -- Configured cppcheck exclude dirs and/or files: 
[3.419s] -- Added test 'lint_cmake' to check CMake code style
[3.421s] -- Added test 'uncrustify' to check C / C++ code style
[3.422s] -- Configured uncrustify additional arguments: 
[3.422s] -- Added test 'xmllint' to check XML markup files
[3.428s] -- Configuring incomplete, errors occurred!
[3.429s] See also "/home/wublabdubdub/Learn/DFG/Ros2_WS/build/parameter/CMakeFiles/CMakeOutput.log".
[3.453s] Invoked command in '/home/wublabdubdub/Learn/DFG/Ros2_WS/build/parameter' returned '1': CMAKE_PREFIX_PATH=${CMAKE_PREFIX_PATH}:/opt/ros/humble /usr/bin/cmake /home/wublabdubdub/Learn/DFG/Ros2_WS/src/parameter -DCMAKE_INSTALL_PREFIX=/home/wublabdubdub/Learn/DFG/Ros2_WS/install/parameter
