[0.187s] DEBUG:colcon:Command line arguments: ['/usr/bin/colcon', 'build', '--packages-select', 'robot_description']
[0.187s] DEBUG:colcon:Parsed command line arguments: Namespace(log_base=None, log_level=None, verb_name='build', build_base='build', install_base='install', merge_install=False, symlink_install=False, test_result_base=None, continue_on_error=False, executor='parallel', parallel_workers=2, event_handlers=None, ignore_user_meta=False, metas=['./colcon.meta'], base_paths=['.'], packages_ignore=None, packages_ignore_regex=None, paths=None, packages_up_to=None, packages_up_to_regex=None, packages_above=None, packages_above_and_dependencies=None, packages_above_depth=None, packages_select_by_dep=None, packages_skip_by_dep=None, packages_skip_up_to=None, packages_select_build_failed=False, packages_skip_build_finished=False, packages_select_test_failures=False, packages_skip_test_passed=False, packages_select=['robot_description'], packages_skip=None, packages_select_regex=None, packages_skip_regex=None, packages_start=None, packages_end=None, allow_overriding=[], cmake_args=None, cmake_target=None, cmake_target_skip_unavailable=False, cmake_clean_cache=False, cmake_clean_first=False, cmake_force_configure=False, ament_cmake_args=None, catkin_cmake_args=None, catkin_skip_building_tests=False, verb_parser=<colcon_defaults.argument_parser.defaults.DefaultArgumentsDecorator object at 0x7e7882d23880>, verb_extension=<colcon_core.verb.build.BuildVerb object at 0x7e7882e6cc40>, main=<bound method BuildVerb.main of <colcon_core.verb.build.BuildVerb object at 0x7e7882e6cc40>>)
[0.432s] Level 1:colcon.colcon_core.package_discovery:discover_packages(colcon_meta) check parameters
[0.433s] Level 1:colcon.colcon_core.package_discovery:discover_packages(recursive) check parameters
[0.433s] Level 1:colcon.colcon_core.package_discovery:discover_packages(ignore) check parameters
[0.433s] Level 1:colcon.colcon_core.package_discovery:discover_packages(path) check parameters
[0.433s] Level 1:colcon.colcon_core.package_discovery:discover_packages(colcon_meta) discover
[0.433s] Level 1:colcon.colcon_core.package_discovery:discover_packages(recursive) discover
[0.433s] INFO:colcon.colcon_core.package_discovery:Crawling recursively for packages in '/home/wublabdubdub/Learn/DFG'
[0.433s] Level 1:colcon.colcon_core.package_identification:_identify(.) by extensions ['ignore', 'ignore_ament_install']
[0.434s] Level 1:colcon.colcon_core.package_identification:_identify(.) by extension 'ignore'
[0.434s] Level 1:colcon.colcon_core.package_identification:_identify(.) by extension 'ignore_ament_install'
[0.434s] Level 1:colcon.colcon_core.package_identification:_identify(.) by extensions ['colcon_pkg']
[0.434s] Level 1:colcon.colcon_core.package_identification:_identify(.) by extension 'colcon_pkg'
[0.434s] Level 1:colcon.colcon_core.package_identification:_identify(.) by extensions ['colcon_meta']
[0.434s] Level 1:colcon.colcon_core.package_identification:_identify(.) by extension 'colcon_meta'
[0.434s] Level 1:colcon.colcon_core.package_identification:_identify(.) by extensions ['ros']
[0.434s] Level 1:colcon.colcon_core.package_identification:_identify(.) by extension 'ros'
[0.454s] Level 1:colcon.colcon_core.package_identification:_identify(.) by extensions ['cmake', 'python']
[0.455s] Level 1:colcon.colcon_core.package_identification:_identify(.) by extension 'cmake'
[0.455s] Level 1:colcon.colcon_core.package_identification:_identify(.) by extension 'python'
[0.455s] Level 1:colcon.colcon_core.package_identification:_identify(.) by extensions ['python_setup_py']
[0.455s] Level 1:colcon.colcon_core.package_identification:_identify(.) by extension 'python_setup_py'
[0.455s] Level 1:colcon.colcon_core.package_identification:_identify(Ros2_WS) by extensions ['ignore', 'ignore_ament_install']
[0.455s] Level 1:colcon.colcon_core.package_identification:_identify(Ros2_WS) by extension 'ignore'
[0.455s] Level 1:colcon.colcon_core.package_identification:_identify(Ros2_WS) by extension 'ignore_ament_install'
[0.456s] Level 1:colcon.colcon_core.package_identification:_identify(Ros2_WS) by extensions ['colcon_pkg']
[0.456s] Level 1:colcon.colcon_core.package_identification:_identify(Ros2_WS) by extension 'colcon_pkg'
[0.456s] Level 1:colcon.colcon_core.package_identification:_identify(Ros2_WS) by extensions ['colcon_meta']
[0.456s] Level 1:colcon.colcon_core.package_identification:_identify(Ros2_WS) by extension 'colcon_meta'
[0.456s] Level 1:colcon.colcon_core.package_identification:_identify(Ros2_WS) by extensions ['ros']
[0.456s] Level 1:colcon.colcon_core.package_identification:_identify(Ros2_WS) by extension 'ros'
[0.456s] Level 1:colcon.colcon_core.package_identification:_identify(Ros2_WS) by extensions ['cmake', 'python']
[0.456s] Level 1:colcon.colcon_core.package_identification:_identify(Ros2_WS) by extension 'cmake'
[0.456s] Level 1:colcon.colcon_core.package_identification:_identify(Ros2_WS) by extension 'python'
[0.456s] Level 1:colcon.colcon_core.package_identification:_identify(Ros2_WS) by extensions ['python_setup_py']
[0.456s] Level 1:colcon.colcon_core.package_identification:_identify(Ros2_WS) by extension 'python_setup_py'
[0.456s] Level 1:colcon.colcon_core.package_identification:_identify(Ros2_WS/build) by extensions ['ignore', 'ignore_ament_install']
[0.456s] Level 1:colcon.colcon_core.package_identification:_identify(Ros2_WS/build) by extension 'ignore'
[0.456s] Level 1:colcon.colcon_core.package_identification:_identify(Ros2_WS/build) ignored
[0.457s] Level 1:colcon.colcon_core.package_identification:_identify(Ros2_WS/install) by extensions ['ignore', 'ignore_ament_install']
[0.457s] Level 1:colcon.colcon_core.package_identification:_identify(Ros2_WS/install) by extension 'ignore'
[0.457s] Level 1:colcon.colcon_core.package_identification:_identify(Ros2_WS/install) ignored
[0.457s] Level 1:colcon.colcon_core.package_identification:_identify(Ros2_WS/log) by extensions ['ignore', 'ignore_ament_install']
[0.457s] Level 1:colcon.colcon_core.package_identification:_identify(Ros2_WS/log) by extension 'ignore'
[0.457s] Level 1:colcon.colcon_core.package_identification:_identify(Ros2_WS/log) ignored
[0.458s] Level 1:colcon.colcon_core.package_identification:_identify(Ros2_WS/src) by extensions ['ignore', 'ignore_ament_install']
[0.458s] Level 1:colcon.colcon_core.package_identification:_identify(Ros2_WS/src) by extension 'ignore'
[0.458s] Level 1:colcon.colcon_core.package_identification:_identify(Ros2_WS/src) by extension 'ignore_ament_install'
[0.458s] Level 1:colcon.colcon_core.package_identification:_identify(Ros2_WS/src) by extensions ['colcon_pkg']
[0.458s] Level 1:colcon.colcon_core.package_identification:_identify(Ros2_WS/src) by extension 'colcon_pkg'
[0.458s] Level 1:colcon.colcon_core.package_identification:_identify(Ros2_WS/src) by extensions ['colcon_meta']
[0.458s] Level 1:colcon.colcon_core.package_identification:_identify(Ros2_WS/src) by extension 'colcon_meta'
[0.458s] Level 1:colcon.colcon_core.package_identification:_identify(Ros2_WS/src) by extensions ['ros']
[0.458s] Level 1:colcon.colcon_core.package_identification:_identify(Ros2_WS/src) by extension 'ros'
[0.458s] Level 1:colcon.colcon_core.package_identification:_identify(Ros2_WS/src) by extensions ['cmake', 'python']
[0.458s] Level 1:colcon.colcon_core.package_identification:_identify(Ros2_WS/src) by extension 'cmake'
[0.458s] Level 1:colcon.colcon_core.package_identification:_identify(Ros2_WS/src) by extension 'python'
[0.458s] Level 1:colcon.colcon_core.package_identification:_identify(Ros2_WS/src) by extensions ['python_setup_py']
[0.458s] Level 1:colcon.colcon_core.package_identification:_identify(Ros2_WS/src) by extension 'python_setup_py'
[0.459s] Level 1:colcon.colcon_core.package_identification:_identify(Ros2_WS/src/demo_tf) by extensions ['ignore', 'ignore_ament_install']
[0.459s] Level 1:colcon.colcon_core.package_identification:_identify(Ros2_WS/src/demo_tf) by extension 'ignore'
[0.459s] Level 1:colcon.colcon_core.package_identification:_identify(Ros2_WS/src/demo_tf) by extension 'ignore_ament_install'
[0.459s] Level 1:colcon.colcon_core.package_identification:_identify(Ros2_WS/src/demo_tf) by extensions ['colcon_pkg']
[0.459s] Level 1:colcon.colcon_core.package_identification:_identify(Ros2_WS/src/demo_tf) by extension 'colcon_pkg'
[0.459s] Level 1:colcon.colcon_core.package_identification:_identify(Ros2_WS/src/demo_tf) by extensions ['colcon_meta']
[0.459s] Level 1:colcon.colcon_core.package_identification:_identify(Ros2_WS/src/demo_tf) by extension 'colcon_meta'
[0.459s] Level 1:colcon.colcon_core.package_identification:_identify(Ros2_WS/src/demo_tf) by extensions ['ros']
[0.459s] Level 1:colcon.colcon_core.package_identification:_identify(Ros2_WS/src/demo_tf) by extension 'ros'
[0.464s] DEBUG:colcon.colcon_core.package_identification:Package 'Ros2_WS/src/demo_tf' with type 'ros.ament_cmake' and name 'demo_tf'
[0.464s] Level 1:colcon.colcon_core.package_identification:_identify(Ros2_WS/src/my_interface) by extensions ['ignore', 'ignore_ament_install']
[0.464s] Level 1:colcon.colcon_core.package_identification:_identify(Ros2_WS/src/my_interface) by extension 'ignore'
[0.464s] Level 1:colcon.colcon_core.package_identification:_identify(Ros2_WS/src/my_interface) by extension 'ignore_ament_install'
[0.464s] Level 1:colcon.colcon_core.package_identification:_identify(Ros2_WS/src/my_interface) by extensions ['colcon_pkg']
[0.464s] Level 1:colcon.colcon_core.package_identification:_identify(Ros2_WS/src/my_interface) by extension 'colcon_pkg'
[0.465s] Level 1:colcon.colcon_core.package_identification:_identify(Ros2_WS/src/my_interface) by extensions ['colcon_meta']
[0.465s] Level 1:colcon.colcon_core.package_identification:_identify(Ros2_WS/src/my_interface) by extension 'colcon_meta'
[0.465s] Level 1:colcon.colcon_core.package_identification:_identify(Ros2_WS/src/my_interface) by extensions ['ros']
[0.465s] Level 1:colcon.colcon_core.package_identification:_identify(Ros2_WS/src/my_interface) by extension 'ros'
[0.466s] DEBUG:colcon.colcon_core.package_identification:Package 'Ros2_WS/src/my_interface' with type 'ros.ament_cmake' and name 'my_interface'
[0.466s] Level 1:colcon.colcon_core.package_identification:_identify(Ros2_WS/src/parameter) by extensions ['ignore', 'ignore_ament_install']
[0.466s] Level 1:colcon.colcon_core.package_identification:_identify(Ros2_WS/src/parameter) by extension 'ignore'
[0.467s] Level 1:colcon.colcon_core.package_identification:_identify(Ros2_WS/src/parameter) by extension 'ignore_ament_install'
[0.467s] Level 1:colcon.colcon_core.package_identification:_identify(Ros2_WS/src/parameter) by extensions ['colcon_pkg']
[0.467s] Level 1:colcon.colcon_core.package_identification:_identify(Ros2_WS/src/parameter) by extension 'colcon_pkg'
[0.467s] Level 1:colcon.colcon_core.package_identification:_identify(Ros2_WS/src/parameter) by extensions ['colcon_meta']
[0.467s] Level 1:colcon.colcon_core.package_identification:_identify(Ros2_WS/src/parameter) by extension 'colcon_meta'
[0.467s] Level 1:colcon.colcon_core.package_identification:_identify(Ros2_WS/src/parameter) by extensions ['ros']
[0.467s] Level 1:colcon.colcon_core.package_identification:_identify(Ros2_WS/src/parameter) by extension 'ros'
[0.468s] DEBUG:colcon.colcon_core.package_identification:Package 'Ros2_WS/src/parameter' with type 'ros.ament_cmake' and name 'parameter'
[0.468s] Level 1:colcon.colcon_core.package_identification:_identify(Ros2_WS/src/robot_description) by extensions ['ignore', 'ignore_ament_install']
[0.468s] Level 1:colcon.colcon_core.package_identification:_identify(Ros2_WS/src/robot_description) by extension 'ignore'
[0.468s] Level 1:colcon.colcon_core.package_identification:_identify(Ros2_WS/src/robot_description) by extension 'ignore_ament_install'
[0.468s] Level 1:colcon.colcon_core.package_identification:_identify(Ros2_WS/src/robot_description) by extensions ['colcon_pkg']
[0.468s] Level 1:colcon.colcon_core.package_identification:_identify(Ros2_WS/src/robot_description) by extension 'colcon_pkg'
[0.469s] Level 1:colcon.colcon_core.package_identification:_identify(Ros2_WS/src/robot_description) by extensions ['colcon_meta']
[0.469s] Level 1:colcon.colcon_core.package_identification:_identify(Ros2_WS/src/robot_description) by extension 'colcon_meta'
[0.469s] Level 1:colcon.colcon_core.package_identification:_identify(Ros2_WS/src/robot_description) by extensions ['ros']
[0.470s] Level 1:colcon.colcon_core.package_identification:_identify(Ros2_WS/src/robot_description) by extension 'ros'
[0.470s] DEBUG:colcon.colcon_core.package_identification:Package 'Ros2_WS/src/robot_description' with type 'ros.ament_cmake' and name 'robot_description'
[0.471s] Level 1:colcon.colcon_core.package_identification:_identify(Ros2_WS/src/service) by extensions ['ignore', 'ignore_ament_install']
[0.471s] Level 1:colcon.colcon_core.package_identification:_identify(Ros2_WS/src/service) by extension 'ignore'
[0.471s] Level 1:colcon.colcon_core.package_identification:_identify(Ros2_WS/src/service) by extension 'ignore_ament_install'
[0.471s] Level 1:colcon.colcon_core.package_identification:_identify(Ros2_WS/src/service) by extensions ['colcon_pkg']
[0.471s] Level 1:colcon.colcon_core.package_identification:_identify(Ros2_WS/src/service) by extension 'colcon_pkg'
[0.471s] Level 1:colcon.colcon_core.package_identification:_identify(Ros2_WS/src/service) by extensions ['colcon_meta']
[0.471s] Level 1:colcon.colcon_core.package_identification:_identify(Ros2_WS/src/service) by extension 'colcon_meta'
[0.471s] Level 1:colcon.colcon_core.package_identification:_identify(Ros2_WS/src/service) by extensions ['ros']
[0.471s] Level 1:colcon.colcon_core.package_identification:_identify(Ros2_WS/src/service) by extension 'ros'
[0.472s] DEBUG:colcon.colcon_core.package_identification:Package 'Ros2_WS/src/service' with type 'ros.ament_cmake' and name 'service'
[0.472s] Level 1:colcon.colcon_core.package_identification:_identify(Ros2_WS/src/topic) by extensions ['ignore', 'ignore_ament_install']
[0.473s] Level 1:colcon.colcon_core.package_identification:_identify(Ros2_WS/src/topic) by extension 'ignore'
[0.473s] Level 1:colcon.colcon_core.package_identification:_identify(Ros2_WS/src/topic) by extension 'ignore_ament_install'
[0.473s] Level 1:colcon.colcon_core.package_identification:_identify(Ros2_WS/src/topic) by extensions ['colcon_pkg']
[0.473s] Level 1:colcon.colcon_core.package_identification:_identify(Ros2_WS/src/topic) by extension 'colcon_pkg'
[0.473s] Level 1:colcon.colcon_core.package_identification:_identify(Ros2_WS/src/topic) by extensions ['colcon_meta']
[0.473s] Level 1:colcon.colcon_core.package_identification:_identify(Ros2_WS/src/topic) by extension 'colcon_meta'
[0.473s] Level 1:colcon.colcon_core.package_identification:_identify(Ros2_WS/src/topic) by extensions ['ros']
[0.473s] Level 1:colcon.colcon_core.package_identification:_identify(Ros2_WS/src/topic) by extension 'ros'
[0.474s] DEBUG:colcon.colcon_core.package_identification:Package 'Ros2_WS/src/topic' with type 'ros.ament_cmake' and name 'topic'
[0.474s] Level 1:colcon.colcon_core.package_identification:_identify(Week1) by extensions ['ignore', 'ignore_ament_install']
[0.474s] Level 1:colcon.colcon_core.package_identification:_identify(Week1) by extension 'ignore'
[0.474s] Level 1:colcon.colcon_core.package_identification:_identify(Week1) by extension 'ignore_ament_install'
[0.474s] Level 1:colcon.colcon_core.package_identification:_identify(Week1) by extensions ['colcon_pkg']
[0.474s] Level 1:colcon.colcon_core.package_identification:_identify(Week1) by extension 'colcon_pkg'
[0.475s] Level 1:colcon.colcon_core.package_identification:_identify(Week1) by extensions ['colcon_meta']
[0.475s] Level 1:colcon.colcon_core.package_identification:_identify(Week1) by extension 'colcon_meta'
[0.475s] Level 1:colcon.colcon_core.package_identification:_identify(Week1) by extensions ['ros']
[0.475s] Level 1:colcon.colcon_core.package_identification:_identify(Week1) by extension 'ros'
[0.475s] Level 1:colcon.colcon_core.package_identification:_identify(Week1) by extensions ['cmake', 'python']
[0.475s] Level 1:colcon.colcon_core.package_identification:_identify(Week1) by extension 'cmake'
[0.475s] Level 1:colcon.colcon_core.package_identification:_identify(Week1) by extension 'python'
[0.475s] Level 1:colcon.colcon_core.package_identification:_identify(Week1) by extensions ['python_setup_py']
[0.475s] Level 1:colcon.colcon_core.package_identification:_identify(Week1) by extension 'python_setup_py'
[0.475s] Level 1:colcon.colcon_core.package_identification:_identify(Week2) by extensions ['ignore', 'ignore_ament_install']
[0.476s] Level 1:colcon.colcon_core.package_identification:_identify(Week2) by extension 'ignore'
[0.476s] Level 1:colcon.colcon_core.package_identification:_identify(Week2) by extension 'ignore_ament_install'
[0.476s] Level 1:colcon.colcon_core.package_identification:_identify(Week2) by extensions ['colcon_pkg']
[0.476s] Level 1:colcon.colcon_core.package_identification:_identify(Week2) by extension 'colcon_pkg'
[0.476s] Level 1:colcon.colcon_core.package_identification:_identify(Week2) by extensions ['colcon_meta']
[0.476s] Level 1:colcon.colcon_core.package_identification:_identify(Week2) by extension 'colcon_meta'
[0.476s] Level 1:colcon.colcon_core.package_identification:_identify(Week2) by extensions ['ros']
[0.476s] Level 1:colcon.colcon_core.package_identification:_identify(Week2) by extension 'ros'
[0.476s] Level 1:colcon.colcon_core.package_identification:_identify(Week2) by extensions ['cmake', 'python']
[0.476s] Level 1:colcon.colcon_core.package_identification:_identify(Week2) by extension 'cmake'
[0.476s] Level 1:colcon.colcon_core.package_identification:_identify(Week2) by extension 'python'
[0.476s] Level 1:colcon.colcon_core.package_identification:_identify(Week2) by extensions ['python_setup_py']
[0.476s] Level 1:colcon.colcon_core.package_identification:_identify(Week2) by extension 'python_setup_py'
[0.476s] Level 1:colcon.colcon_core.package_identification:_identify(Week2/W_crypt) by extensions ['ignore', 'ignore_ament_install']
[0.476s] Level 1:colcon.colcon_core.package_identification:_identify(Week2/W_crypt) by extension 'ignore'
[0.476s] Level 1:colcon.colcon_core.package_identification:_identify(Week2/W_crypt) by extension 'ignore_ament_install'
[0.477s] Level 1:colcon.colcon_core.package_identification:_identify(Week2/W_crypt) by extensions ['colcon_pkg']
[0.477s] Level 1:colcon.colcon_core.package_identification:_identify(Week2/W_crypt) by extension 'colcon_pkg'
[0.477s] Level 1:colcon.colcon_core.package_identification:_identify(Week2/W_crypt) by extensions ['colcon_meta']
[0.477s] Level 1:colcon.colcon_core.package_identification:_identify(Week2/W_crypt) by extension 'colcon_meta'
[0.477s] Level 1:colcon.colcon_core.package_identification:_identify(Week2/W_crypt) by extensions ['ros']
[0.477s] Level 1:colcon.colcon_core.package_identification:_identify(Week2/W_crypt) by extension 'ros'
[0.477s] Level 1:colcon.colcon_core.package_identification:_identify(Week2/W_crypt) by extensions ['cmake', 'python']
[0.477s] Level 1:colcon.colcon_core.package_identification:_identify(Week2/W_crypt) by extension 'cmake'
[0.482s] Level 1:colcon.colcon_core.package_identification:_identify(Week2/W_crypt) by extension 'python'
[0.482s] DEBUG:colcon.colcon_core.package_identification:Package 'Week2/W_crypt' with type 'cmake' and name 'W_crypt'
[0.482s] Level 1:colcon.colcon_core.package_identification:_identify(Week3) by extensions ['ignore', 'ignore_ament_install']
[0.482s] Level 1:colcon.colcon_core.package_identification:_identify(Week3) by extension 'ignore'
[0.482s] Level 1:colcon.colcon_core.package_identification:_identify(Week3) by extension 'ignore_ament_install'
[0.482s] Level 1:colcon.colcon_core.package_identification:_identify(Week3) by extensions ['colcon_pkg']
[0.482s] Level 1:colcon.colcon_core.package_identification:_identify(Week3) by extension 'colcon_pkg'
[0.482s] Level 1:colcon.colcon_core.package_identification:_identify(Week3) by extensions ['colcon_meta']
[0.482s] Level 1:colcon.colcon_core.package_identification:_identify(Week3) by extension 'colcon_meta'
[0.483s] Level 1:colcon.colcon_core.package_identification:_identify(Week3) by extensions ['ros']
[0.483s] Level 1:colcon.colcon_core.package_identification:_identify(Week3) by extension 'ros'
[0.483s] Level 1:colcon.colcon_core.package_identification:_identify(Week3) by extensions ['cmake', 'python']
[0.483s] Level 1:colcon.colcon_core.package_identification:_identify(Week3) by extension 'cmake'
[0.485s] Level 1:colcon.colcon_core.package_identification:_identify(Week3) by extension 'python'
[0.485s] DEBUG:colcon.colcon_core.package_identification:Package 'Week3' with type 'cmake' and name 'main'
[0.486s] Level 1:colcon.colcon_core.package_identification:_identify(Week4) by extensions ['ignore', 'ignore_ament_install']
[0.486s] Level 1:colcon.colcon_core.package_identification:_identify(Week4) by extension 'ignore'
[0.486s] Level 1:colcon.colcon_core.package_identification:_identify(Week4) by extension 'ignore_ament_install'
[0.486s] Level 1:colcon.colcon_core.package_identification:_identify(Week4) by extensions ['colcon_pkg']
[0.486s] Level 1:colcon.colcon_core.package_identification:_identify(Week4) by extension 'colcon_pkg'
[0.486s] Level 1:colcon.colcon_core.package_identification:_identify(Week4) by extensions ['colcon_meta']
[0.486s] Level 1:colcon.colcon_core.package_identification:_identify(Week4) by extension 'colcon_meta'
[0.486s] Level 1:colcon.colcon_core.package_identification:_identify(Week4) by extensions ['ros']
[0.486s] Level 1:colcon.colcon_core.package_identification:_identify(Week4) by extension 'ros'
[0.487s] Level 1:colcon.colcon_core.package_identification:_identify(Week4) by extensions ['cmake', 'python']
[0.487s] Level 1:colcon.colcon_core.package_identification:_identify(Week4) by extension 'cmake'
[0.487s] Level 1:colcon.colcon_core.package_identification:_identify(Week4) by extension 'python'
[0.487s] Level 1:colcon.colcon_core.package_identification:_identify(Week4) by extensions ['python_setup_py']
[0.487s] Level 1:colcon.colcon_core.package_identification:_identify(Week4) by extension 'python_setup_py'
[0.487s] Level 1:colcon.colcon_core.package_identification:_identify(build) by extensions ['ignore', 'ignore_ament_install']
[0.487s] Level 1:colcon.colcon_core.package_identification:_identify(build) by extension 'ignore'
[0.487s] Level 1:colcon.colcon_core.package_identification:_identify(build) ignored
[0.487s] Level 1:colcon.colcon_core.package_identification:_identify(install) by extensions ['ignore', 'ignore_ament_install']
[0.487s] Level 1:colcon.colcon_core.package_identification:_identify(install) by extension 'ignore'
[0.487s] Level 1:colcon.colcon_core.package_identification:_identify(install) ignored
[0.488s] Level 1:colcon.colcon_core.package_identification:_identify(log) by extensions ['ignore', 'ignore_ament_install']
[0.488s] Level 1:colcon.colcon_core.package_identification:_identify(log) by extension 'ignore'
[0.488s] Level 1:colcon.colcon_core.package_identification:_identify(log) ignored
[0.488s] Level 1:colcon.colcon_core.package_discovery:discover_packages(recursive) using defaults
[0.488s] Level 1:colcon.colcon_core.package_discovery:discover_packages(ignore) discover
[0.488s] Level 1:colcon.colcon_core.package_discovery:discover_packages(ignore) using defaults
[0.488s] Level 1:colcon.colcon_core.package_discovery:discover_packages(path) discover
[0.488s] Level 1:colcon.colcon_core.package_discovery:discover_packages(path) using defaults
[0.521s] INFO:colcon.colcon_core.package_selection:Skipping not selected package 'W_crypt' in 'Week2/W_crypt'
[0.521s] INFO:colcon.colcon_core.package_selection:Skipping not selected package 'demo_tf' in 'Ros2_WS/src/demo_tf'
[0.522s] INFO:colcon.colcon_core.package_selection:Skipping not selected package 'main' in 'Week3'
[0.522s] INFO:colcon.colcon_core.package_selection:Skipping not selected package 'my_interface' in 'Ros2_WS/src/my_interface'
[0.522s] INFO:colcon.colcon_core.package_selection:Skipping not selected package 'parameter' in 'Ros2_WS/src/parameter'
[0.522s] INFO:colcon.colcon_core.package_selection:Skipping not selected package 'service' in 'Ros2_WS/src/service'
[0.522s] INFO:colcon.colcon_core.package_selection:Skipping not selected package 'topic' in 'Ros2_WS/src/topic'
[0.522s] Level 1:colcon.colcon_core.package_discovery:discover_packages(prefix_path) check parameters
[0.522s] Level 1:colcon.colcon_core.package_discovery:discover_packages(prefix_path) discover
[0.525s] DEBUG:colcon.colcon_installed_package_information.package_discovery:Found 1 installed packages in /home/wublabdubdub/Learn/DFG/install
[0.526s] DEBUG:colcon.colcon_installed_package_information.package_discovery:Found 6 installed packages in /home/wublabdubdub/Learn/DFG/Ros2_WS/install
[0.528s] DEBUG:colcon.colcon_installed_package_information.package_discovery:Found 281 installed packages in /opt/ros/humble
[0.547s] Level 1:colcon.colcon_core.package_discovery:discover_packages(prefix_path) using defaults
[0.603s] Level 5:colcon.colcon_core.verb:set package 'robot_description' build argument 'cmake_args' from command line to 'None'
[0.604s] Level 5:colcon.colcon_core.verb:set package 'robot_description' build argument 'cmake_target' from command line to 'None'
[0.604s] Level 5:colcon.colcon_core.verb:set package 'robot_description' build argument 'cmake_target_skip_unavailable' from command line to 'False'
[0.604s] Level 5:colcon.colcon_core.verb:set package 'robot_description' build argument 'cmake_clean_cache' from command line to 'False'
[0.604s] Level 5:colcon.colcon_core.verb:set package 'robot_description' build argument 'cmake_clean_first' from command line to 'False'
[0.604s] Level 5:colcon.colcon_core.verb:set package 'robot_description' build argument 'cmake_force_configure' from command line to 'False'
[0.604s] Level 5:colcon.colcon_core.verb:set package 'robot_description' build argument 'ament_cmake_args' from command line to 'None'
[0.604s] Level 5:colcon.colcon_core.verb:set package 'robot_description' build argument 'catkin_cmake_args' from command line to 'None'
[0.604s] Level 5:colcon.colcon_core.verb:set package 'robot_description' build argument 'catkin_skip_building_tests' from command line to 'False'
[0.604s] DEBUG:colcon.colcon_core.verb:Building package 'robot_description' with the following arguments: {'ament_cmake_args': None, 'build_base': '/home/wublabdubdub/Learn/DFG/build/robot_description', 'catkin_cmake_args': None, 'catkin_skip_building_tests': False, 'cmake_args': None, 'cmake_clean_cache': False, 'cmake_clean_first': False, 'cmake_force_configure': False, 'cmake_target': None, 'cmake_target_skip_unavailable': False, 'install_base': '/home/wublabdubdub/Learn/DFG/install/robot_description', 'merge_install': False, 'path': '/home/wublabdubdub/Learn/DFG/Ros2_WS/src/robot_description', 'symlink_install': False, 'test_result_base': None}
[0.604s] INFO:colcon.colcon_core.executor:Executing jobs using 'parallel' executor
[0.606s] DEBUG:colcon.colcon_parallel_executor.executor.parallel:run_until_complete
[0.606s] INFO:colcon.colcon_ros.task.ament_cmake.build:Building ROS package in '/home/wublabdubdub/Learn/DFG/Ros2_WS/src/robot_description' with build type 'ament_cmake'
[0.606s] INFO:colcon.colcon_cmake.task.cmake.build:Building CMake package in '/home/wublabdubdub/Learn/DFG/Ros2_WS/src/robot_description'
[0.611s] INFO:colcon.colcon_core.plugin_system:Skipping extension 'colcon_core.shell.bat': Not used on non-Windows systems
[0.612s] INFO:colcon.colcon_core.shell:Skip shell extension 'powershell' for command environment: Not usable outside of PowerShell
[0.612s] DEBUG:colcon.colcon_core.shell:Skip shell extension 'dsv' for command environment
[0.644s] DEBUG:colcon.colcon_core.event_handler.log_command:Invoking command in '/home/wublabdubdub/Learn/DFG/build/robot_description': CMAKE_PREFIX_PATH=${CMAKE_PREFIX_PATH}:/opt/ros/humble /usr/bin/cmake --build /home/wublabdubdub/Learn/DFG/build/robot_description -- -j2 -l2
[0.792s] DEBUG:colcon.colcon_core.event_handler.log_command:Invoked command in '/home/wublabdubdub/Learn/DFG/build/robot_description' returned '0': CMAKE_PREFIX_PATH=${CMAKE_PREFIX_PATH}:/opt/ros/humble /usr/bin/cmake --build /home/wublabdubdub/Learn/DFG/build/robot_description -- -j2 -l2
[0.834s] DEBUG:colcon.colcon_core.event_handler.log_command:Invoking command in '/home/wublabdubdub/Learn/DFG/build/robot_description': CMAKE_PREFIX_PATH=${CMAKE_PREFIX_PATH}:/opt/ros/humble /usr/bin/cmake --install /home/wublabdubdub/Learn/DFG/build/robot_description
[0.921s] Level 1:colcon.colcon_core.environment:create_environment_scripts_only(robot_description)
[0.940s] DEBUG:colcon.colcon_core.event_handler.log_command:Invoked command in '/home/wublabdubdub/Learn/DFG/build/robot_description' returned '0': CMAKE_PREFIX_PATH=${CMAKE_PREFIX_PATH}:/opt/ros/humble /usr/bin/cmake --install /home/wublabdubdub/Learn/DFG/build/robot_description
[0.942s] Level 1:colcon.colcon_core.environment:checking '/home/wublabdubdub/Learn/DFG/install/robot_description' for CMake module files
[0.943s] Level 1:colcon.colcon_core.environment:checking '/home/wublabdubdub/Learn/DFG/install/robot_description' for CMake config files
[0.950s] Level 1:colcon.colcon_core.shell:create_environment_hook('robot_description', 'cmake_prefix_path')
[0.950s] INFO:colcon.colcon_core.shell:Creating environment hook '/home/wublabdubdub/Learn/DFG/install/robot_description/share/robot_description/hook/cmake_prefix_path.ps1'
[0.951s] INFO:colcon.colcon_core.shell:Creating environment descriptor '/home/wublabdubdub/Learn/DFG/install/robot_description/share/robot_description/hook/cmake_prefix_path.dsv'
[0.958s] INFO:colcon.colcon_core.shell:Creating environment hook '/home/wublabdubdub/Learn/DFG/install/robot_description/share/robot_description/hook/cmake_prefix_path.sh'
[0.962s] Level 1:colcon.colcon_core.environment:checking '/home/wublabdubdub/Learn/DFG/install/robot_description/bin'
[0.962s] Level 1:colcon.colcon_core.environment:checking '/home/wublabdubdub/Learn/DFG/install/robot_description/lib/pkgconfig/robot_description.pc'
[0.963s] Level 1:colcon.colcon_core.environment:checking '/home/wublabdubdub/Learn/DFG/install/robot_description/lib/python3.10/site-packages'
[0.964s] Level 1:colcon.colcon_core.environment:checking '/home/wublabdubdub/Learn/DFG/install/robot_description/bin'
[0.964s] INFO:colcon.colcon_core.shell:Creating package script '/home/wublabdubdub/Learn/DFG/install/robot_description/share/robot_description/package.ps1'
[0.969s] INFO:colcon.colcon_core.shell:Creating package descriptor '/home/wublabdubdub/Learn/DFG/install/robot_description/share/robot_description/package.dsv'
[0.971s] INFO:colcon.colcon_core.shell:Creating package script '/home/wublabdubdub/Learn/DFG/install/robot_description/share/robot_description/package.sh'
[0.973s] INFO:colcon.colcon_core.shell:Creating package script '/home/wublabdubdub/Learn/DFG/install/robot_description/share/robot_description/package.bash'
[0.975s] INFO:colcon.colcon_core.shell:Creating package script '/home/wublabdubdub/Learn/DFG/install/robot_description/share/robot_description/package.zsh'
[0.977s] Level 1:colcon.colcon_core.environment:create_file_with_runtime_dependencies(/home/wublabdubdub/Learn/DFG/install/robot_description/share/colcon-core/packages/robot_description)
[0.980s] Level 1:colcon.colcon_core.environment:create_environment_scripts_only(robot_description)
[0.981s] Level 1:colcon.colcon_core.environment:checking '/home/wublabdubdub/Learn/DFG/install/robot_description' for CMake module files
[0.983s] Level 1:colcon.colcon_core.environment:checking '/home/wublabdubdub/Learn/DFG/install/robot_description' for CMake config files
[0.983s] Level 1:colcon.colcon_core.shell:create_environment_hook('robot_description', 'cmake_prefix_path')
[0.985s] INFO:colcon.colcon_core.shell:Creating environment hook '/home/wublabdubdub/Learn/DFG/install/robot_description/share/robot_description/hook/cmake_prefix_path.ps1'
[0.986s] INFO:colcon.colcon_core.shell:Creating environment descriptor '/home/wublabdubdub/Learn/DFG/install/robot_description/share/robot_description/hook/cmake_prefix_path.dsv'
[0.988s] INFO:colcon.colcon_core.shell:Creating environment hook '/home/wublabdubdub/Learn/DFG/install/robot_description/share/robot_description/hook/cmake_prefix_path.sh'
[0.991s] Level 1:colcon.colcon_core.environment:checking '/home/wublabdubdub/Learn/DFG/install/robot_description/bin'
[0.992s] Level 1:colcon.colcon_core.environment:checking '/home/wublabdubdub/Learn/DFG/install/robot_description/lib/pkgconfig/robot_description.pc'
[0.992s] Level 1:colcon.colcon_core.environment:checking '/home/wublabdubdub/Learn/DFG/install/robot_description/lib/python3.10/site-packages'
[0.994s] Level 1:colcon.colcon_core.environment:checking '/home/wublabdubdub/Learn/DFG/install/robot_description/bin'
[0.995s] INFO:colcon.colcon_core.shell:Creating package script '/home/wublabdubdub/Learn/DFG/install/robot_description/share/robot_description/package.ps1'
[0.996s] INFO:colcon.colcon_core.shell:Creating package descriptor '/home/wublabdubdub/Learn/DFG/install/robot_description/share/robot_description/package.dsv'
[0.999s] INFO:colcon.colcon_core.shell:Creating package script '/home/wublabdubdub/Learn/DFG/install/robot_description/share/robot_description/package.sh'
[1.001s] INFO:colcon.colcon_core.shell:Creating package script '/home/wublabdubdub/Learn/DFG/install/robot_description/share/robot_description/package.bash'
[1.002s] INFO:colcon.colcon_core.shell:Creating package script '/home/wublabdubdub/Learn/DFG/install/robot_description/share/robot_description/package.zsh'
[1.003s] Level 1:colcon.colcon_core.environment:create_file_with_runtime_dependencies(/home/wublabdubdub/Learn/DFG/install/robot_description/share/colcon-core/packages/robot_description)
[1.005s] DEBUG:colcon.colcon_parallel_executor.executor.parallel:closing loop
[1.008s] DEBUG:colcon.colcon_parallel_executor.executor.parallel:loop closed
[1.008s] DEBUG:colcon.colcon_parallel_executor.executor.parallel:run_until_complete finished with '0'
[1.008s] DEBUG:colcon.colcon_core.event_reactor:joining thread
[1.038s] INFO:colcon.colcon_core.plugin_system:Skipping extension 'colcon_notification.desktop_notification.terminal_notifier': Not used on non-Darwin systems
[1.038s] INFO:colcon.colcon_core.plugin_system:Skipping extension 'colcon_notification.desktop_notification.win32': Not used on non-Windows systems
[1.038s] INFO:colcon.colcon_notification.desktop_notification:Sending desktop notification using 'notify2'
[1.092s] DEBUG:colcon.colcon_core.event_reactor:joined thread
[1.092s] INFO:colcon.colcon_core.shell:Creating prefix script '/home/wublabdubdub/Learn/DFG/install/local_setup.ps1'
[1.097s] INFO:colcon.colcon_core.shell:Creating prefix util module '/home/wublabdubdub/Learn/DFG/install/_local_setup_util_ps1.py'
[1.102s] INFO:colcon.colcon_core.shell:Creating prefix chain script '/home/wublabdubdub/Learn/DFG/install/setup.ps1'
[1.114s] INFO:colcon.colcon_core.shell:Creating prefix script '/home/wublabdubdub/Learn/DFG/install/local_setup.sh'
[1.118s] INFO:colcon.colcon_core.shell:Creating prefix util module '/home/wublabdubdub/Learn/DFG/install/_local_setup_util_sh.py'
[1.147s] INFO:colcon.colcon_core.shell:Creating prefix chain script '/home/wublabdubdub/Learn/DFG/install/setup.sh'
[1.154s] INFO:colcon.colcon_core.shell:Creating prefix script '/home/wublabdubdub/Learn/DFG/install/local_setup.bash'
[1.157s] INFO:colcon.colcon_core.shell:Creating prefix chain script '/home/wublabdubdub/Learn/DFG/install/setup.bash'
[1.166s] INFO:colcon.colcon_core.shell:Creating prefix script '/home/wublabdubdub/Learn/DFG/install/local_setup.zsh'
[1.169s] INFO:colcon.colcon_core.shell:Creating prefix chain script '/home/wublabdubdub/Learn/DFG/install/setup.zsh'
