[0.118s] Invoking command in '/home/wublabdubdub/Learn/DFG/Ros2_WS/build/robot_description': CMAKE_PREFIX_PATH=${CMAKE_PREFIX_PATH}:/opt/ros/humble /usr/bin/cmake /home/wublabdubdub/Learn/DFG/Ros2_WS/src/robot_description -DCMAKE_INSTALL_PREFIX=/home/wublabdubdub/Learn/DFG/Ros2_WS/install/robot_description
[1.045s] -- The C compiler identification is GNU 11.4.0
[1.575s] -- The CXX compiler identification is GNU 11.4.0
[1.752s] -- Detecting C compiler ABI info
[2.815s] -- Detecting C compiler ABI info - done
[2.842s] -- Check for working C compiler: /usr/bin/cc - skipped
[2.848s] -- Detecting C compile features
[2.857s] -- Detecting C compile features - done
[2.867s] -- Detecting CXX compiler ABI info
[3.737s] -- Detecting CXX compiler ABI info - done
[3.757s] -- Check for working CXX compiler: /usr/bin/c++ - skipped
[3.764s] -- Detecting CXX compile features
[3.767s] -- Detecting CXX compile features - done
[3.826s] -- Found ament_cmake: 1.3.12 (/opt/ros/humble/share/ament_cmake/cmake)
[4.350s] -- Found Python3: /usr/bin/python3 (found version "3.10.12") found components: Interpreter 
[4.842s] -- Found ament_lint_auto: 0.12.14 (/opt/ros/humble/share/ament_lint_auto/cmake)
[5.238s] -- Added test 'flake8' to check Python code syntax and style conventions
[5.240s] -- Added test 'lint_cmake' to check CMake code style
[5.249s] -- Added test 'pep257' to check Python code against some of the docstring style conventions in PEP 257
[5.272s] -- Added test 'xmllint' to check XML markup files
[5.288s] -- Configuring done
[5.319s] -- Generating done
[5.333s] -- Build files have been written to: /home/wublabdubdub/Learn/DFG/Ros2_WS/build/robot_description
[5.367s] Invoked command in '/home/wublabdubdub/Learn/DFG/Ros2_WS/build/robot_description' returned '0': CMAKE_PREFIX_PATH=${CMAKE_PREFIX_PATH}:/opt/ros/humble /usr/bin/cmake /home/wublabdubdub/Learn/DFG/Ros2_WS/src/robot_description -DCMAKE_INSTALL_PREFIX=/home/wublabdubdub/Learn/DFG/Ros2_WS/install/robot_description
[5.376s] Invoking command in '/home/wublabdubdub/Learn/DFG/Ros2_WS/build/robot_description': CMAKE_PREFIX_PATH=${CMAKE_PREFIX_PATH}:/opt/ros/humble /usr/bin/cmake --build /home/wublabdubdub/Learn/DFG/Ros2_WS/build/robot_description -- -j2 -l2
[5.766s] Invoked command in '/home/wublabdubdub/Learn/DFG/Ros2_WS/build/robot_description' returned '0': CMAKE_PREFIX_PATH=${CMAKE_PREFIX_PATH}:/opt/ros/humble /usr/bin/cmake --build /home/wublabdubdub/Learn/DFG/Ros2_WS/build/robot_description -- -j2 -l2
[5.878s] Invoking command in '/home/wublabdubdub/Learn/DFG/Ros2_WS/build/robot_description': CMAKE_PREFIX_PATH=${CMAKE_PREFIX_PATH}:/opt/ros/humble /usr/bin/cmake --install /home/wublabdubdub/Learn/DFG/Ros2_WS/build/robot_description
[5.956s] -- Install configuration: ""
[5.958s] -- Installing: /home/wublabdubdub/Learn/DFG/Ros2_WS/install/robot_description/share/%{PROJECT_NAME}/launch
[5.958s] -- Installing: /home/wublabdubdub/Learn/DFG/Ros2_WS/install/robot_description/share/%{PROJECT_NAME}/launch/display_robot.launch.py
[5.964s] -- Installing: /home/wublabdubdub/Learn/DFG/Ros2_WS/install/robot_description/share/%{PROJECT_NAME}/urdf
[5.964s] -- Installing: /home/wublabdubdub/Learn/DFG/Ros2_WS/install/robot_description/share/%{PROJECT_NAME}/urdf/first_robot.urdf
[5.964s] -- Installing: /home/wublabdubdub/Learn/DFG/Ros2_WS/install/robot_description/share/%{PROJECT_NAME}/urdf/first_robot.gv
[5.964s] -- Installing: /home/wublabdubdub/Learn/DFG/Ros2_WS/install/robot_description/share/%{PROJECT_NAME}/urdf/first_robot.pdf
[5.970s] -- Installing: /home/wublabdubdub/Learn/DFG/Ros2_WS/install/robot_description/share/ament_index/resource_index/package_run_dependencies/robot_description
[5.972s] -- Installing: /home/wublabdubdub/Learn/DFG/Ros2_WS/install/robot_description/share/ament_index/resource_index/parent_prefix_path/robot_description
[5.975s] -- Installing: /home/wublabdubdub/Learn/DFG/Ros2_WS/install/robot_description/share/robot_description/environment/ament_prefix_path.sh
[5.982s] -- Installing: /home/wublabdubdub/Learn/DFG/Ros2_WS/install/robot_description/share/robot_description/environment/ament_prefix_path.dsv
[5.982s] -- Installing: /home/wublabdubdub/Learn/DFG/Ros2_WS/install/robot_description/share/robot_description/environment/path.sh
[5.984s] -- Installing: /home/wublabdubdub/Learn/DFG/Ros2_WS/install/robot_description/share/robot_description/environment/path.dsv
[5.988s] -- Installing: /home/wublabdubdub/Learn/DFG/Ros2_WS/install/robot_description/share/robot_description/local_setup.bash
[5.990s] -- Installing: /home/wublabdubdub/Learn/DFG/Ros2_WS/install/robot_description/share/robot_description/local_setup.sh
[5.993s] -- Installing: /home/wublabdubdub/Learn/DFG/Ros2_WS/install/robot_description/share/robot_description/local_setup.zsh
[5.997s] -- Installing: /home/wublabdubdub/Learn/DFG/Ros2_WS/install/robot_description/share/robot_description/local_setup.dsv
[6.000s] -- Installing: /home/wublabdubdub/Learn/DFG/Ros2_WS/install/robot_description/share/robot_description/package.dsv
[6.002s] -- Installing: /home/wublabdubdub/Learn/DFG/Ros2_WS/install/robot_description/share/ament_index/resource_index/packages/robot_description
[6.006s] -- Installing: /home/wublabdubdub/Learn/DFG/Ros2_WS/install/robot_description/share/robot_description/cmake/robot_descriptionConfig.cmake
[6.008s] -- Installing: /home/wublabdubdub/Learn/DFG/Ros2_WS/install/robot_description/share/robot_description/cmake/robot_descriptionConfig-version.cmake
[6.010s] -- Installing: /home/wublabdubdub/Learn/DFG/Ros2_WS/install/robot_description/share/robot_description/package.xml
[6.014s] Invoked command in '/home/wublabdubdub/Learn/DFG/Ros2_WS/build/robot_description' returned '0': CMAKE_PREFIX_PATH=${CMAKE_PREFIX_PATH}:/opt/ros/humble /usr/bin/cmake --install /home/wublabdubdub/Learn/DFG/Ros2_WS/build/robot_description
