-- Found ament_cmake: 1.3.12 (/opt/ros/humble/share/ament_cmake/cmake)
-- Found rclcpp: 16.0.15 (/opt/ros/humble/share/rclcpp/cmake)
-- Found rosidl_generator_c: 3.1.7 (/opt/ros/humble/share/rosidl_generator_c/cmake)
-- Found rosidl_adapter: 3.1.7 (/opt/ros/humble/share/rosidl_adapter/cmake)
-- Found rosidl_generator_cpp: 3.1.7 (/opt/ros/humble/share/rosidl_generator_cpp/cmake)
-- Using all available rosidl_typesupport_c: rosidl_typesupport_fastrtps_c;rosidl_typesupport_introspection_c
-- Using all available rosidl_typesupport_cpp: rosidl_typesupport_fastrtps_cpp;rosidl_typesupport_introspection_cpp
-- Found rmw_implementation_cmake: 6.1.2 (/opt/ros/humble/share/rmw_implementation_cmake/cmake)
-- Found rmw_fastrtps_cpp: 6.2.9 (/opt/ros/humble/share/rmw_fastrtps_cpp/cmake)
-- Using RMW implementation 'rmw_fastrtps_cpp' as default
-- Found example_interfaces: 0.9.3 (/opt/ros/humble/share/example_interfaces/cmake)
-- Found ament_lint_auto: 0.12.14 (/opt/ros/humble/share/ament_lint_auto/cmake)
-- Added test 'cppcheck' to perform static code analysis on C / C++ code
-- Configured cppcheck include dirs: 
-- Configured cppcheck exclude dirs and/or files: 
-- Added test 'flake8' to check Python code syntax and style conventions
-- Added test 'lint_cmake' to check CMake code style
-- Added test 'pep257' to check Python code against some of the docstring style conventions in PEP 257
-- Added test 'uncrustify' to check C / C++ code style
-- Configured uncrustify additional arguments: 
-- Added test 'xmllint' to check XML markup files
-- Configuring done
-- Generating done
-- Build files have been written to: /home/wublabdubdub/Learn/DFG/Ros2_WS/build/service
[35m[1mConsolidate compiler generated dependencies of target ServiceServer[0m
[35m[1mConsolidate compiler generated dependencies of target ServiceClient[0m
[ 50%] Built target ServiceServer
[ 75%] [32mBuilding CXX object CMakeFiles/ServiceClient.dir/src/Service_Client.cpp.o[0m
[100%] [32m[1mLinking CXX executable ServiceClient[0m
[100%] Built target ServiceClient
-- Install configuration: ""
-- Up-to-date: /home/wublabdubdub/Learn/DFG/Ros2_WS/install/service/share/ament_index/resource_index/package_run_dependencies/service
-- Installing: /home/wublabdubdub/Learn/DFG/Ros2_WS/install/service/share/ament_index/resource_index/parent_prefix_path/service
-- Up-to-date: /home/wublabdubdub/Learn/DFG/Ros2_WS/install/service/share/service/environment/ament_prefix_path.sh
-- Installing: /home/wublabdubdub/Learn/DFG/Ros2_WS/install/service/share/service/environment/ament_prefix_path.dsv
-- Up-to-date: /home/wublabdubdub/Learn/DFG/Ros2_WS/install/service/share/service/environment/path.sh
-- Installing: /home/wublabdubdub/Learn/DFG/Ros2_WS/install/service/share/service/environment/path.dsv
-- Up-to-date: /home/wublabdubdub/Learn/DFG/Ros2_WS/install/service/share/service/local_setup.bash
-- Up-to-date: /home/wublabdubdub/Learn/DFG/Ros2_WS/install/service/share/service/local_setup.sh
-- Up-to-date: /home/wublabdubdub/Learn/DFG/Ros2_WS/install/service/share/service/local_setup.zsh
-- Installing: /home/wublabdubdub/Learn/DFG/Ros2_WS/install/service/share/service/local_setup.dsv
-- Installing: /home/wublabdubdub/Learn/DFG/Ros2_WS/install/service/share/service/package.dsv
-- Up-to-date: /home/wublabdubdub/Learn/DFG/Ros2_WS/install/service/share/ament_index/resource_index/packages/service
-- Up-to-date: /home/wublabdubdub/Learn/DFG/Ros2_WS/install/service/share/service/cmake/serviceConfig.cmake
-- Up-to-date: /home/wublabdubdub/Learn/DFG/Ros2_WS/install/service/share/service/cmake/serviceConfig-version.cmake
-- Up-to-date: /home/wublabdubdub/Learn/DFG/Ros2_WS/install/service/share/service/package.xml
-- Up-to-date: /home/wublabdubdub/Learn/DFG/Ros2_WS/install/service/lib/service/ServiceServer
-- Installing: /home/wublabdubdub/Learn/DFG/Ros2_WS/install/service/lib/service/ServiceClient
-- Set runtime path of "/home/wublabdubdub/Learn/DFG/Ros2_WS/install/service/lib/service/ServiceClient" to ""
-- Installing: /home/wublabdubdub/Learn/DFG/Ros2_WS/install/service/share//launch
-- Installing: /home/wublabdubdub/Learn/DFG/Ros2_WS/install/service/share//launch/my.launch.py
