[0.023s] Invoking command in '/home/wublabdubdub/Learn/DFG/Ros2_WS/build/service': CMAKE_PREFIX_PATH=${CMAKE_PREFIX_PATH}:/opt/ros/humble /usr/bin/cmake --build /home/wublabdubdub/Learn/DFG/Ros2_WS/build/service -- -j2 -l2
[0.099s] [35m[1mConsolidate compiler generated dependencies of target ServiceClient[0m
[0.121s] [35m[1mConsolidate compiler generated dependencies of target ServiceServer[0m
[0.163s] [ 25%] [32mBuilding CXX object CMakeFiles/ServiceClient.dir/src/Service_Client.cpp.o[0m
[0.185s] [ 75%] Built target ServiceServer
[4.542s] In file included from [01m[K/opt/ros/humble/include/rclcpp/rclcpp/logging.hpp:24[m[K,
[4.542s]                  from [01m[K/opt/ros/humble/include/rclcpp/rclcpp/client.hpp:40[m[K,
[4.542s]                  from [01m[K/opt/ros/humble/include/rclcpp/rclcpp/callback_group.hpp:24[m[K,
[4.543s]                  from [01m[K/opt/ros/humble/include/rclcpp/rclcpp/any_executable.hpp:20[m[K,
[4.543s]                  from [01m[K/opt/ros/humble/include/rclcpp/rclcpp/memory_strategy.hpp:25[m[K,
[4.543s]                  from [01m[K/opt/ros/humble/include/rclcpp/rclcpp/memory_strategies.hpp:18[m[K,
[4.543s]                  from [01m[K/opt/ros/humble/include/rclcpp/rclcpp/executor_options.hpp:20[m[K,
[4.543s]                  from [01m[K/opt/ros/humble/include/rclcpp/rclcpp/executor.hpp:37[m[K,
[4.543s]                  from [01m[K/opt/ros/humble/include/rclcpp/rclcpp/executors/multi_threaded_executor.hpp:25[m[K,
[4.543s]                  from [01m[K/opt/ros/humble/include/rclcpp/rclcpp/executors.hpp:21[m[K,
[4.543s]                  from [01m[K/opt/ros/humble/include/rclcpp/rclcpp/rclcpp.hpp:155[m[K,
[4.543s]                  from [01m[K/home/wublabdubdub/Learn/DFG/Ros2_WS/src/service/src/Service_Client.cpp:1[m[K:
[4.543s] [01m[K/home/wublabdubdub/Learn/DFG/Ros2_WS/src/service/src/Service_Client.cpp:[m[K In member function ‘[01m[Kvoid ServiceClient::result_callback_(rclcpp::Client<example_interfaces::srv::AddTwoInts>::SharedFuture)[m[K’:
[4.543s] [01m[K/home/wublabdubdub/Learn/DFG/Ros2_WS/src/service/src/Service_Client.cpp:34:40:[m[K [01;35m[Kwarning: [m[Kformat ‘[01m[K%d[m[K’ expects argument of type ‘[01m[Kint[m[K’, but argument 5 has type ‘[01m[Kexample_interfaces::srv::AddTwoInts_Response_<std::allocator<void> >::_sum_type[m[K’ {aka ‘[01m[Klong int[m[K’} [[01;35m[K]8;;https://gcc.gnu.org/onlinedocs/gcc/Warning-Options.html#index-Wformat=-Wformat=]8;;[m[K]
[4.543s]    34 |         RCLCPP_INFO(this->get_logger(),[01;35m[K"结果%d"[m[K,[32m[Kresponse->sum[m[K);
[4.543s]       |                                        [01;35m[K^~~~~~~~[m[K [32m[K~~~~~~~~~~~~~[m[K
[4.543s]       |                                                           [32m[K|[m[K
[4.544s]       |                                                           [32m[Kexample_interfaces::srv::AddTwoInts_Response_<std::allocator<void> >::_sum_type {aka long int}[m[K
[4.544s] [01m[K/home/wublabdubdub/Learn/DFG/Ros2_WS/src/service/src/Service_Client.cpp:34:46:[m[K [01;36m[Knote: [m[Kformat string is defined here
[4.544s]    34 |         RCLCPP_INFO(this->get_logger(),"结果[01;36m[K%d[m[K",response->sum);
[4.555s]       |                                             [01;36m[K~^[m[K
[4.555s]       |                                              [01;36m[K|[m[K
[4.555s]       |                                              [01;36m[Kint[m[K
[4.556s]       |                                             [32m[K%ld[m[K
[7.600s] [100%] [32m[1mLinking CXX executable ServiceClient[0m
[7.783s] [100%] Built target ServiceClient
[7.814s] Invoked command in '/home/wublabdubdub/Learn/DFG/Ros2_WS/build/service' returned '0': CMAKE_PREFIX_PATH=${CMAKE_PREFIX_PATH}:/opt/ros/humble /usr/bin/cmake --build /home/wublabdubdub/Learn/DFG/Ros2_WS/build/service -- -j2 -l2
[7.830s] Invoking command in '/home/wublabdubdub/Learn/DFG/Ros2_WS/build/service': CMAKE_PREFIX_PATH=${CMAKE_PREFIX_PATH}:/opt/ros/humble /usr/bin/cmake --install /home/wublabdubdub/Learn/DFG/Ros2_WS/build/service
[7.840s] -- Install configuration: ""
[7.841s] -- Up-to-date: /home/wublabdubdub/Learn/DFG/Ros2_WS/install/service/share/ament_index/resource_index/package_run_dependencies/service
[7.841s] -- Up-to-date: /home/wublabdubdub/Learn/DFG/Ros2_WS/install/service/share/ament_index/resource_index/parent_prefix_path/service
[7.841s] -- Up-to-date: /home/wublabdubdub/Learn/DFG/Ros2_WS/install/service/share/service/environment/ament_prefix_path.sh
[7.841s] -- Up-to-date: /home/wublabdubdub/Learn/DFG/Ros2_WS/install/service/share/service/environment/ament_prefix_path.dsv
[7.841s] -- Up-to-date: /home/wublabdubdub/Learn/DFG/Ros2_WS/install/service/share/service/environment/path.sh
[7.841s] -- Up-to-date: /home/wublabdubdub/Learn/DFG/Ros2_WS/install/service/share/service/environment/path.dsv
[7.841s] -- Up-to-date: /home/wublabdubdub/Learn/DFG/Ros2_WS/install/service/share/service/local_setup.bash
[7.841s] -- Up-to-date: /home/wublabdubdub/Learn/DFG/Ros2_WS/install/service/share/service/local_setup.sh
[7.841s] -- Up-to-date: /home/wublabdubdub/Learn/DFG/Ros2_WS/install/service/share/service/local_setup.zsh
[7.841s] -- Up-to-date: /home/wublabdubdub/Learn/DFG/Ros2_WS/install/service/share/service/local_setup.dsv
[7.841s] -- Installing: /home/wublabdubdub/Learn/DFG/Ros2_WS/install/service/share/service/package.dsv
[7.842s] -- Up-to-date: /home/wublabdubdub/Learn/DFG/Ros2_WS/install/service/share/ament_index/resource_index/packages/service
[7.843s] -- Up-to-date: /home/wublabdubdub/Learn/DFG/Ros2_WS/install/service/share/service/cmake/serviceConfig.cmake
[7.843s] -- Up-to-date: /home/wublabdubdub/Learn/DFG/Ros2_WS/install/service/share/service/cmake/serviceConfig-version.cmake
[7.843s] -- Up-to-date: /home/wublabdubdub/Learn/DFG/Ros2_WS/install/service/share/service/package.xml
[7.843s] -- Up-to-date: /home/wublabdubdub/Learn/DFG/Ros2_WS/install/service/lib/service/ServiceServer
[7.843s] -- Installing: /home/wublabdubdub/Learn/DFG/Ros2_WS/install/service/lib/service/ServiceClient
[7.844s] -- Set runtime path of "/home/wublabdubdub/Learn/DFG/Ros2_WS/install/service/lib/service/ServiceClient" to ""
[7.845s] Invoked command in '/home/wublabdubdub/Learn/DFG/Ros2_WS/build/service' returned '0': CMAKE_PREFIX_PATH=${CMAKE_PREFIX_PATH}:/opt/ros/humble /usr/bin/cmake --install /home/wublabdubdub/Learn/DFG/Ros2_WS/build/service
