[0.175s] DEBUG:colcon:Command line arguments: ['/usr/bin/colcon', 'build', '--packages-select', 'demo_tf']
[0.175s] DEBUG:colcon:Parsed command line arguments: Namespace(log_base=None, log_level=None, verb_name='build', build_base='build', install_base='install', merge_install=False, symlink_install=False, test_result_base=None, continue_on_error=False, executor='parallel', parallel_workers=2, event_handlers=None, ignore_user_meta=False, metas=['./colcon.meta'], base_paths=['.'], packages_ignore=None, packages_ignore_regex=None, paths=None, packages_up_to=None, packages_up_to_regex=None, packages_above=None, packages_above_and_dependencies=None, packages_above_depth=None, packages_select_by_dep=None, packages_skip_by_dep=None, packages_skip_up_to=None, packages_select_build_failed=False, packages_skip_build_finished=False, packages_select_test_failures=False, packages_skip_test_passed=False, packages_select=['demo_tf'], packages_skip=None, packages_select_regex=None, packages_skip_regex=None, packages_start=None, packages_end=None, allow_overriding=[], cmake_args=None, cmake_target=None, cmake_target_skip_unavailable=False, cmake_clean_cache=False, cmake_clean_first=False, cmake_force_configure=False, ament_cmake_args=None, catkin_cmake_args=None, catkin_skip_building_tests=False, verb_parser=<colcon_defaults.argument_parser.defaults.DefaultArgumentsDecorator object at 0x7c4bc4a1f880>, verb_extension=<colcon_core.verb.build.BuildVerb object at 0x7c4bc4b68c40>, main=<bound method BuildVerb.main of <colcon_core.verb.build.BuildVerb object at 0x7c4bc4b68c40>>)
[0.413s] Level 1:colcon.colcon_core.package_discovery:discover_packages(colcon_meta) check parameters
[0.413s] Level 1:colcon.colcon_core.package_discovery:discover_packages(recursive) check parameters
[0.413s] Level 1:colcon.colcon_core.package_discovery:discover_packages(ignore) check parameters
[0.413s] Level 1:colcon.colcon_core.package_discovery:discover_packages(path) check parameters
[0.414s] Level 1:colcon.colcon_core.package_discovery:discover_packages(colcon_meta) discover
[0.414s] Level 1:colcon.colcon_core.package_discovery:discover_packages(recursive) discover
[0.414s] INFO:colcon.colcon_core.package_discovery:Crawling recursively for packages in '/home/wublabdubdub/Learn/DFG/Ros2_WS'
[0.414s] Level 1:colcon.colcon_core.package_identification:_identify(.) by extensions ['ignore', 'ignore_ament_install']
[0.414s] Level 1:colcon.colcon_core.package_identification:_identify(.) by extension 'ignore'
[0.414s] Level 1:colcon.colcon_core.package_identification:_identify(.) by extension 'ignore_ament_install'
[0.414s] Level 1:colcon.colcon_core.package_identification:_identify(.) by extensions ['colcon_pkg']
[0.414s] Level 1:colcon.colcon_core.package_identification:_identify(.) by extension 'colcon_pkg'
[0.414s] Level 1:colcon.colcon_core.package_identification:_identify(.) by extensions ['colcon_meta']
[0.414s] Level 1:colcon.colcon_core.package_identification:_identify(.) by extension 'colcon_meta'
[0.414s] Level 1:colcon.colcon_core.package_identification:_identify(.) by extensions ['ros']
[0.415s] Level 1:colcon.colcon_core.package_identification:_identify(.) by extension 'ros'
[0.434s] Level 1:colcon.colcon_core.package_identification:_identify(.) by extensions ['cmake', 'python']
[0.434s] Level 1:colcon.colcon_core.package_identification:_identify(.) by extension 'cmake'
[0.434s] Level 1:colcon.colcon_core.package_identification:_identify(.) by extension 'python'
[0.434s] Level 1:colcon.colcon_core.package_identification:_identify(.) by extensions ['python_setup_py']
[0.434s] Level 1:colcon.colcon_core.package_identification:_identify(.) by extension 'python_setup_py'
[0.435s] Level 1:colcon.colcon_core.package_identification:_identify(build) by extensions ['ignore', 'ignore_ament_install']
[0.435s] Level 1:colcon.colcon_core.package_identification:_identify(build) by extension 'ignore'
[0.435s] Level 1:colcon.colcon_core.package_identification:_identify(build) ignored
[0.435s] Level 1:colcon.colcon_core.package_identification:_identify(install) by extensions ['ignore', 'ignore_ament_install']
[0.435s] Level 1:colcon.colcon_core.package_identification:_identify(install) by extension 'ignore'
[0.435s] Level 1:colcon.colcon_core.package_identification:_identify(install) ignored
[0.435s] Level 1:colcon.colcon_core.package_identification:_identify(log) by extensions ['ignore', 'ignore_ament_install']
[0.435s] Level 1:colcon.colcon_core.package_identification:_identify(log) by extension 'ignore'
[0.435s] Level 1:colcon.colcon_core.package_identification:_identify(log) ignored
[0.436s] Level 1:colcon.colcon_core.package_identification:_identify(src) by extensions ['ignore', 'ignore_ament_install']
[0.436s] Level 1:colcon.colcon_core.package_identification:_identify(src) by extension 'ignore'
[0.436s] Level 1:colcon.colcon_core.package_identification:_identify(src) by extension 'ignore_ament_install'
[0.436s] Level 1:colcon.colcon_core.package_identification:_identify(src) by extensions ['colcon_pkg']
[0.436s] Level 1:colcon.colcon_core.package_identification:_identify(src) by extension 'colcon_pkg'
[0.436s] Level 1:colcon.colcon_core.package_identification:_identify(src) by extensions ['colcon_meta']
[0.436s] Level 1:colcon.colcon_core.package_identification:_identify(src) by extension 'colcon_meta'
[0.436s] Level 1:colcon.colcon_core.package_identification:_identify(src) by extensions ['ros']
[0.436s] Level 1:colcon.colcon_core.package_identification:_identify(src) by extension 'ros'
[0.436s] Level 1:colcon.colcon_core.package_identification:_identify(src) by extensions ['cmake', 'python']
[0.436s] Level 1:colcon.colcon_core.package_identification:_identify(src) by extension 'cmake'
[0.436s] Level 1:colcon.colcon_core.package_identification:_identify(src) by extension 'python'
[0.437s] Level 1:colcon.colcon_core.package_identification:_identify(src) by extensions ['python_setup_py']
[0.437s] Level 1:colcon.colcon_core.package_identification:_identify(src) by extension 'python_setup_py'
[0.437s] Level 1:colcon.colcon_core.package_identification:_identify(src/demo_tf) by extensions ['ignore', 'ignore_ament_install']
[0.437s] Level 1:colcon.colcon_core.package_identification:_identify(src/demo_tf) by extension 'ignore'
[0.437s] Level 1:colcon.colcon_core.package_identification:_identify(src/demo_tf) by extension 'ignore_ament_install'
[0.437s] Level 1:colcon.colcon_core.package_identification:_identify(src/demo_tf) by extensions ['colcon_pkg']
[0.437s] Level 1:colcon.colcon_core.package_identification:_identify(src/demo_tf) by extension 'colcon_pkg'
[0.437s] Level 1:colcon.colcon_core.package_identification:_identify(src/demo_tf) by extensions ['colcon_meta']
[0.437s] Level 1:colcon.colcon_core.package_identification:_identify(src/demo_tf) by extension 'colcon_meta'
[0.437s] Level 1:colcon.colcon_core.package_identification:_identify(src/demo_tf) by extensions ['ros']
[0.437s] Level 1:colcon.colcon_core.package_identification:_identify(src/demo_tf) by extension 'ros'
[0.441s] DEBUG:colcon.colcon_core.package_identification:Package 'src/demo_tf' with type 'ros.ament_cmake' and name 'demo_tf'
[0.441s] Level 1:colcon.colcon_core.package_identification:_identify(src/my_interface) by extensions ['ignore', 'ignore_ament_install']
[0.441s] Level 1:colcon.colcon_core.package_identification:_identify(src/my_interface) by extension 'ignore'
[0.442s] Level 1:colcon.colcon_core.package_identification:_identify(src/my_interface) by extension 'ignore_ament_install'
[0.442s] Level 1:colcon.colcon_core.package_identification:_identify(src/my_interface) by extensions ['colcon_pkg']
[0.442s] Level 1:colcon.colcon_core.package_identification:_identify(src/my_interface) by extension 'colcon_pkg'
[0.442s] Level 1:colcon.colcon_core.package_identification:_identify(src/my_interface) by extensions ['colcon_meta']
[0.442s] Level 1:colcon.colcon_core.package_identification:_identify(src/my_interface) by extension 'colcon_meta'
[0.442s] Level 1:colcon.colcon_core.package_identification:_identify(src/my_interface) by extensions ['ros']
[0.442s] Level 1:colcon.colcon_core.package_identification:_identify(src/my_interface) by extension 'ros'
[0.443s] DEBUG:colcon.colcon_core.package_identification:Package 'src/my_interface' with type 'ros.ament_cmake' and name 'my_interface'
[0.443s] Level 1:colcon.colcon_core.package_identification:_identify(src/parameter) by extensions ['ignore', 'ignore_ament_install']
[0.443s] Level 1:colcon.colcon_core.package_identification:_identify(src/parameter) by extension 'ignore'
[0.444s] Level 1:colcon.colcon_core.package_identification:_identify(src/parameter) by extension 'ignore_ament_install'
[0.444s] Level 1:colcon.colcon_core.package_identification:_identify(src/parameter) by extensions ['colcon_pkg']
[0.444s] Level 1:colcon.colcon_core.package_identification:_identify(src/parameter) by extension 'colcon_pkg'
[0.444s] Level 1:colcon.colcon_core.package_identification:_identify(src/parameter) by extensions ['colcon_meta']
[0.444s] Level 1:colcon.colcon_core.package_identification:_identify(src/parameter) by extension 'colcon_meta'
[0.444s] Level 1:colcon.colcon_core.package_identification:_identify(src/parameter) by extensions ['ros']
[0.444s] Level 1:colcon.colcon_core.package_identification:_identify(src/parameter) by extension 'ros'
[0.445s] DEBUG:colcon.colcon_core.package_identification:Package 'src/parameter' with type 'ros.ament_cmake' and name 'parameter'
[0.445s] Level 1:colcon.colcon_core.package_identification:_identify(src/robot_description) by extensions ['ignore', 'ignore_ament_install']
[0.445s] Level 1:colcon.colcon_core.package_identification:_identify(src/robot_description) by extension 'ignore'
[0.445s] Level 1:colcon.colcon_core.package_identification:_identify(src/robot_description) by extension 'ignore_ament_install'
[0.445s] Level 1:colcon.colcon_core.package_identification:_identify(src/robot_description) by extensions ['colcon_pkg']
[0.445s] Level 1:colcon.colcon_core.package_identification:_identify(src/robot_description) by extension 'colcon_pkg'
[0.445s] Level 1:colcon.colcon_core.package_identification:_identify(src/robot_description) by extensions ['colcon_meta']
[0.446s] Level 1:colcon.colcon_core.package_identification:_identify(src/robot_description) by extension 'colcon_meta'
[0.446s] Level 1:colcon.colcon_core.package_identification:_identify(src/robot_description) by extensions ['ros']
[0.446s] Level 1:colcon.colcon_core.package_identification:_identify(src/robot_description) by extension 'ros'
[0.446s] DEBUG:colcon.colcon_core.package_identification:Package 'src/robot_description' with type 'ros.ament_cmake' and name 'robot_description'
[0.447s] Level 1:colcon.colcon_core.package_identification:_identify(src/service) by extensions ['ignore', 'ignore_ament_install']
[0.447s] Level 1:colcon.colcon_core.package_identification:_identify(src/service) by extension 'ignore'
[0.447s] Level 1:colcon.colcon_core.package_identification:_identify(src/service) by extension 'ignore_ament_install'
[0.447s] Level 1:colcon.colcon_core.package_identification:_identify(src/service) by extensions ['colcon_pkg']
[0.447s] Level 1:colcon.colcon_core.package_identification:_identify(src/service) by extension 'colcon_pkg'
[0.447s] Level 1:colcon.colcon_core.package_identification:_identify(src/service) by extensions ['colcon_meta']
[0.447s] Level 1:colcon.colcon_core.package_identification:_identify(src/service) by extension 'colcon_meta'
[0.447s] Level 1:colcon.colcon_core.package_identification:_identify(src/service) by extensions ['ros']
[0.447s] Level 1:colcon.colcon_core.package_identification:_identify(src/service) by extension 'ros'
[0.448s] DEBUG:colcon.colcon_core.package_identification:Package 'src/service' with type 'ros.ament_cmake' and name 'service'
[0.448s] Level 1:colcon.colcon_core.package_identification:_identify(src/topic) by extensions ['ignore', 'ignore_ament_install']
[0.448s] Level 1:colcon.colcon_core.package_identification:_identify(src/topic) by extension 'ignore'
[0.448s] Level 1:colcon.colcon_core.package_identification:_identify(src/topic) by extension 'ignore_ament_install'
[0.449s] Level 1:colcon.colcon_core.package_identification:_identify(src/topic) by extensions ['colcon_pkg']
[0.449s] Level 1:colcon.colcon_core.package_identification:_identify(src/topic) by extension 'colcon_pkg'
[0.449s] Level 1:colcon.colcon_core.package_identification:_identify(src/topic) by extensions ['colcon_meta']
[0.449s] Level 1:colcon.colcon_core.package_identification:_identify(src/topic) by extension 'colcon_meta'
[0.449s] Level 1:colcon.colcon_core.package_identification:_identify(src/topic) by extensions ['ros']
[0.449s] Level 1:colcon.colcon_core.package_identification:_identify(src/topic) by extension 'ros'
[0.450s] DEBUG:colcon.colcon_core.package_identification:Package 'src/topic' with type 'ros.ament_cmake' and name 'topic'
[0.450s] Level 1:colcon.colcon_core.package_discovery:discover_packages(recursive) using defaults
[0.450s] Level 1:colcon.colcon_core.package_discovery:discover_packages(ignore) discover
[0.450s] Level 1:colcon.colcon_core.package_discovery:discover_packages(ignore) using defaults
[0.450s] Level 1:colcon.colcon_core.package_discovery:discover_packages(path) discover
[0.450s] Level 1:colcon.colcon_core.package_discovery:discover_packages(path) using defaults
[0.485s] INFO:colcon.colcon_core.package_selection:Skipping not selected package 'my_interface' in 'src/my_interface'
[0.485s] INFO:colcon.colcon_core.package_selection:Skipping not selected package 'parameter' in 'src/parameter'
[0.485s] INFO:colcon.colcon_core.package_selection:Skipping not selected package 'robot_description' in 'src/robot_description'
[0.485s] INFO:colcon.colcon_core.package_selection:Skipping not selected package 'service' in 'src/service'
[0.485s] INFO:colcon.colcon_core.package_selection:Skipping not selected package 'topic' in 'src/topic'
[0.486s] Level 1:colcon.colcon_core.package_discovery:discover_packages(prefix_path) check parameters
[0.486s] Level 1:colcon.colcon_core.package_discovery:discover_packages(prefix_path) discover
[0.490s] DEBUG:colcon.colcon_installed_package_information.package_discovery:Found 6 installed packages in /home/wublabdubdub/Learn/DFG/Ros2_WS/install
[0.492s] DEBUG:colcon.colcon_installed_package_information.package_discovery:Found 281 installed packages in /opt/ros/humble
[0.510s] Level 1:colcon.colcon_core.package_discovery:discover_packages(prefix_path) using defaults
[0.575s] Level 5:colcon.colcon_core.verb:set package 'demo_tf' build argument 'cmake_args' from command line to 'None'
[0.575s] Level 5:colcon.colcon_core.verb:set package 'demo_tf' build argument 'cmake_target' from command line to 'None'
[0.575s] Level 5:colcon.colcon_core.verb:set package 'demo_tf' build argument 'cmake_target_skip_unavailable' from command line to 'False'
[0.575s] Level 5:colcon.colcon_core.verb:set package 'demo_tf' build argument 'cmake_clean_cache' from command line to 'False'
[0.575s] Level 5:colcon.colcon_core.verb:set package 'demo_tf' build argument 'cmake_clean_first' from command line to 'False'
[0.575s] Level 5:colcon.colcon_core.verb:set package 'demo_tf' build argument 'cmake_force_configure' from command line to 'False'
[0.575s] Level 5:colcon.colcon_core.verb:set package 'demo_tf' build argument 'ament_cmake_args' from command line to 'None'
[0.575s] Level 5:colcon.colcon_core.verb:set package 'demo_tf' build argument 'catkin_cmake_args' from command line to 'None'
[0.575s] Level 5:colcon.colcon_core.verb:set package 'demo_tf' build argument 'catkin_skip_building_tests' from command line to 'False'
[0.576s] DEBUG:colcon.colcon_core.verb:Building package 'demo_tf' with the following arguments: {'ament_cmake_args': None, 'build_base': '/home/wublabdubdub/Learn/DFG/Ros2_WS/build/demo_tf', 'catkin_cmake_args': None, 'catkin_skip_building_tests': False, 'cmake_args': None, 'cmake_clean_cache': False, 'cmake_clean_first': False, 'cmake_force_configure': False, 'cmake_target': None, 'cmake_target_skip_unavailable': False, 'install_base': '/home/wublabdubdub/Learn/DFG/Ros2_WS/install/demo_tf', 'merge_install': False, 'path': '/home/wublabdubdub/Learn/DFG/Ros2_WS/src/demo_tf', 'symlink_install': False, 'test_result_base': None}
[0.576s] INFO:colcon.colcon_core.executor:Executing jobs using 'parallel' executor
[0.579s] DEBUG:colcon.colcon_parallel_executor.executor.parallel:run_until_complete
[0.579s] INFO:colcon.colcon_ros.task.ament_cmake.build:Building ROS package in '/home/wublabdubdub/Learn/DFG/Ros2_WS/src/demo_tf' with build type 'ament_cmake'
[0.580s] INFO:colcon.colcon_cmake.task.cmake.build:Building CMake package in '/home/wublabdubdub/Learn/DFG/Ros2_WS/src/demo_tf'
[0.582s] INFO:colcon.colcon_core.plugin_system:Skipping extension 'colcon_core.shell.bat': Not used on non-Windows systems
[0.582s] INFO:colcon.colcon_core.shell:Skip shell extension 'powershell' for command environment: Not usable outside of PowerShell
[0.583s] DEBUG:colcon.colcon_core.shell:Skip shell extension 'dsv' for command environment
[0.617s] DEBUG:colcon.colcon_core.event_handler.log_command:Invoking command in '/home/wublabdubdub/Learn/DFG/Ros2_WS/build/demo_tf': CMAKE_PREFIX_PATH=${CMAKE_PREFIX_PATH}:/opt/ros/humble /usr/bin/cmake --build /home/wublabdubdub/Learn/DFG/Ros2_WS/build/demo_tf -- -j2 -l2
[1.049s] DEBUG:colcon.colcon_core.event_handler.log_command:Invoked command in '/home/wublabdubdub/Learn/DFG/Ros2_WS/build/demo_tf' returned '0': CMAKE_PREFIX_PATH=${CMAKE_PREFIX_PATH}:/opt/ros/humble /usr/bin/cmake --build /home/wublabdubdub/Learn/DFG/Ros2_WS/build/demo_tf -- -j2 -l2
[1.082s] DEBUG:colcon.colcon_core.event_handler.log_command:Invoking command in '/home/wublabdubdub/Learn/DFG/Ros2_WS/build/demo_tf': CMAKE_PREFIX_PATH=${CMAKE_PREFIX_PATH}:/opt/ros/humble /usr/bin/cmake --install /home/wublabdubdub/Learn/DFG/Ros2_WS/build/demo_tf
[1.145s] Level 1:colcon.colcon_core.environment:create_environment_scripts_only(demo_tf)
[1.151s] DEBUG:colcon.colcon_core.event_handler.log_command:Invoked command in '/home/wublabdubdub/Learn/DFG/Ros2_WS/build/demo_tf' returned '0': CMAKE_PREFIX_PATH=${CMAKE_PREFIX_PATH}:/opt/ros/humble /usr/bin/cmake --install /home/wublabdubdub/Learn/DFG/Ros2_WS/build/demo_tf
[1.155s] Level 1:colcon.colcon_core.environment:checking '/home/wublabdubdub/Learn/DFG/Ros2_WS/install/demo_tf' for CMake module files
[1.156s] Level 1:colcon.colcon_core.environment:checking '/home/wublabdubdub/Learn/DFG/Ros2_WS/install/demo_tf' for CMake config files
[1.157s] Level 1:colcon.colcon_core.shell:create_environment_hook('demo_tf', 'cmake_prefix_path')
[1.157s] INFO:colcon.colcon_core.shell:Creating environment hook '/home/wublabdubdub/Learn/DFG/Ros2_WS/install/demo_tf/share/demo_tf/hook/cmake_prefix_path.ps1'
[1.160s] INFO:colcon.colcon_core.shell:Creating environment descriptor '/home/wublabdubdub/Learn/DFG/Ros2_WS/install/demo_tf/share/demo_tf/hook/cmake_prefix_path.dsv'
[1.163s] INFO:colcon.colcon_core.shell:Creating environment hook '/home/wublabdubdub/Learn/DFG/Ros2_WS/install/demo_tf/share/demo_tf/hook/cmake_prefix_path.sh'
[1.170s] Level 1:colcon.colcon_core.environment:checking '/home/wublabdubdub/Learn/DFG/Ros2_WS/install/demo_tf/lib'
[1.171s] Level 1:colcon.colcon_core.environment:checking '/home/wublabdubdub/Learn/DFG/Ros2_WS/install/demo_tf/bin'
[1.171s] Level 1:colcon.colcon_core.environment:checking '/home/wublabdubdub/Learn/DFG/Ros2_WS/install/demo_tf/lib/pkgconfig/demo_tf.pc'
[1.173s] Level 1:colcon.colcon_core.environment:checking '/home/wublabdubdub/Learn/DFG/Ros2_WS/install/demo_tf/lib/python3.10/site-packages'
[1.174s] Level 1:colcon.colcon_core.environment:checking '/home/wublabdubdub/Learn/DFG/Ros2_WS/install/demo_tf/bin'
[1.175s] INFO:colcon.colcon_core.shell:Creating package script '/home/wublabdubdub/Learn/DFG/Ros2_WS/install/demo_tf/share/demo_tf/package.ps1'
[1.178s] INFO:colcon.colcon_core.shell:Creating package descriptor '/home/wublabdubdub/Learn/DFG/Ros2_WS/install/demo_tf/share/demo_tf/package.dsv'
[1.181s] INFO:colcon.colcon_core.shell:Creating package script '/home/wublabdubdub/Learn/DFG/Ros2_WS/install/demo_tf/share/demo_tf/package.sh'
[1.183s] INFO:colcon.colcon_core.shell:Creating package script '/home/wublabdubdub/Learn/DFG/Ros2_WS/install/demo_tf/share/demo_tf/package.bash'
[1.185s] INFO:colcon.colcon_core.shell:Creating package script '/home/wublabdubdub/Learn/DFG/Ros2_WS/install/demo_tf/share/demo_tf/package.zsh'
[1.188s] Level 1:colcon.colcon_core.environment:create_file_with_runtime_dependencies(/home/wublabdubdub/Learn/DFG/Ros2_WS/install/demo_tf/share/colcon-core/packages/demo_tf)
[1.193s] Level 1:colcon.colcon_core.environment:create_environment_scripts_only(demo_tf)
[1.194s] Level 1:colcon.colcon_core.environment:checking '/home/wublabdubdub/Learn/DFG/Ros2_WS/install/demo_tf' for CMake module files
[1.197s] Level 1:colcon.colcon_core.environment:checking '/home/wublabdubdub/Learn/DFG/Ros2_WS/install/demo_tf' for CMake config files
[1.198s] Level 1:colcon.colcon_core.shell:create_environment_hook('demo_tf', 'cmake_prefix_path')
[1.199s] INFO:colcon.colcon_core.shell:Creating environment hook '/home/wublabdubdub/Learn/DFG/Ros2_WS/install/demo_tf/share/demo_tf/hook/cmake_prefix_path.ps1'
[1.202s] INFO:colcon.colcon_core.shell:Creating environment descriptor '/home/wublabdubdub/Learn/DFG/Ros2_WS/install/demo_tf/share/demo_tf/hook/cmake_prefix_path.dsv'
[1.203s] INFO:colcon.colcon_core.shell:Creating environment hook '/home/wublabdubdub/Learn/DFG/Ros2_WS/install/demo_tf/share/demo_tf/hook/cmake_prefix_path.sh'
[1.207s] Level 1:colcon.colcon_core.environment:checking '/home/wublabdubdub/Learn/DFG/Ros2_WS/install/demo_tf/lib'
[1.207s] Level 1:colcon.colcon_core.environment:checking '/home/wublabdubdub/Learn/DFG/Ros2_WS/install/demo_tf/bin'
[1.208s] Level 1:colcon.colcon_core.environment:checking '/home/wublabdubdub/Learn/DFG/Ros2_WS/install/demo_tf/lib/pkgconfig/demo_tf.pc'
[1.209s] Level 1:colcon.colcon_core.environment:checking '/home/wublabdubdub/Learn/DFG/Ros2_WS/install/demo_tf/lib/python3.10/site-packages'
[1.210s] Level 1:colcon.colcon_core.environment:checking '/home/wublabdubdub/Learn/DFG/Ros2_WS/install/demo_tf/bin'
[1.211s] INFO:colcon.colcon_core.shell:Creating package script '/home/wublabdubdub/Learn/DFG/Ros2_WS/install/demo_tf/share/demo_tf/package.ps1'
[1.214s] INFO:colcon.colcon_core.shell:Creating package descriptor '/home/wublabdubdub/Learn/DFG/Ros2_WS/install/demo_tf/share/demo_tf/package.dsv'
[1.216s] INFO:colcon.colcon_core.shell:Creating package script '/home/wublabdubdub/Learn/DFG/Ros2_WS/install/demo_tf/share/demo_tf/package.sh'
[1.217s] INFO:colcon.colcon_core.shell:Creating package script '/home/wublabdubdub/Learn/DFG/Ros2_WS/install/demo_tf/share/demo_tf/package.bash'
[1.219s] INFO:colcon.colcon_core.shell:Creating package script '/home/wublabdubdub/Learn/DFG/Ros2_WS/install/demo_tf/share/demo_tf/package.zsh'
[1.220s] Level 1:colcon.colcon_core.environment:create_file_with_runtime_dependencies(/home/wublabdubdub/Learn/DFG/Ros2_WS/install/demo_tf/share/colcon-core/packages/demo_tf)
[1.224s] DEBUG:colcon.colcon_parallel_executor.executor.parallel:closing loop
[1.224s] DEBUG:colcon.colcon_parallel_executor.executor.parallel:loop closed
[1.224s] DEBUG:colcon.colcon_parallel_executor.executor.parallel:run_until_complete finished with '0'
[1.224s] DEBUG:colcon.colcon_core.event_reactor:joining thread
[1.243s] INFO:colcon.colcon_core.plugin_system:Skipping extension 'colcon_notification.desktop_notification.terminal_notifier': Not used on non-Darwin systems
[1.244s] INFO:colcon.colcon_core.plugin_system:Skipping extension 'colcon_notification.desktop_notification.win32': Not used on non-Windows systems
[1.244s] INFO:colcon.colcon_notification.desktop_notification:Sending desktop notification using 'notify2'
[1.278s] DEBUG:colcon.colcon_core.event_reactor:joined thread
[1.280s] INFO:colcon.colcon_core.shell:Creating prefix script '/home/wublabdubdub/Learn/DFG/Ros2_WS/install/local_setup.ps1'
[1.284s] INFO:colcon.colcon_core.shell:Creating prefix util module '/home/wublabdubdub/Learn/DFG/Ros2_WS/install/_local_setup_util_ps1.py'
[1.289s] INFO:colcon.colcon_core.shell:Creating prefix chain script '/home/wublabdubdub/Learn/DFG/Ros2_WS/install/setup.ps1'
[1.296s] INFO:colcon.colcon_core.shell:Creating prefix script '/home/wublabdubdub/Learn/DFG/Ros2_WS/install/local_setup.sh'
[1.299s] INFO:colcon.colcon_core.shell:Creating prefix util module '/home/wublabdubdub/Learn/DFG/Ros2_WS/install/_local_setup_util_sh.py'
[1.302s] INFO:colcon.colcon_core.shell:Creating prefix chain script '/home/wublabdubdub/Learn/DFG/Ros2_WS/install/setup.sh'
[1.310s] INFO:colcon.colcon_core.shell:Creating prefix script '/home/wublabdubdub/Learn/DFG/Ros2_WS/install/local_setup.bash'
[1.315s] INFO:colcon.colcon_core.shell:Creating prefix chain script '/home/wublabdubdub/Learn/DFG/Ros2_WS/install/setup.bash'
[1.325s] INFO:colcon.colcon_core.shell:Creating prefix script '/home/wublabdubdub/Learn/DFG/Ros2_WS/install/local_setup.zsh'
[1.328s] INFO:colcon.colcon_core.shell:Creating prefix chain script '/home/wublabdubdub/Learn/DFG/Ros2_WS/install/setup.zsh'
