[0.075s] Invoking command in '/home/wublabdubdub/Learn/DFG/Ros2_WS/build/robot_description': CMAKE_PREFIX_PATH=${CMAKE_PREFIX_PATH}:/opt/ros/humble /usr/bin/cmake --build /home/wublabdubdub/Learn/DFG/Ros2_WS/build/robot_description -- -j2 -l2
[0.347s] -- Found ament_cmake: 1.3.12 (/opt/ros/humble/share/ament_cmake/cmake)
[1.074s] -- Found ament_lint_auto: 0.12.14 (/opt/ros/humble/share/ament_lint_auto/cmake)
[1.397s] -- Added test 'flake8' to check Python code syntax and style conventions
[1.406s] -- Added test 'lint_cmake' to check CMake code style
[1.412s] -- Added test 'pep257' to check Python code against some of the docstring style conventions in PEP 257
[1.427s] -- Added test 'xmllint' to check XML markup files
[1.435s] -- Configuring done
[1.480s] -- Generating done
[1.500s] -- Build files have been written to: /home/wublabdubdub/Learn/DFG/Ros2_WS/build/robot_description
[1.640s] Invoked command in '/home/wublabdubdub/Learn/DFG/Ros2_WS/build/robot_description' returned '0': CMAKE_PREFIX_PATH=${CMAKE_PREFIX_PATH}:/opt/ros/humble /usr/bin/cmake --build /home/wublabdubdub/Learn/DFG/Ros2_WS/build/robot_description -- -j2 -l2
[1.699s] Invoking command in '/home/wublabdubdub/Learn/DFG/Ros2_WS/build/robot_description': CMAKE_PREFIX_PATH=${CMAKE_PREFIX_PATH}:/opt/ros/humble /usr/bin/cmake --install /home/wublabdubdub/Learn/DFG/Ros2_WS/build/robot_description
[1.768s] -- Install configuration: ""
[1.768s] -- Installing: /home/wublabdubdub/Learn/DFG/Ros2_WS/install/robot_description/share/robot_description/launch
[1.768s] -- Installing: /home/wublabdubdub/Learn/DFG/Ros2_WS/install/robot_description/share/robot_description/launch/display_robot.launch.py
[1.773s] -- Installing: /home/wublabdubdub/Learn/DFG/Ros2_WS/install/robot_description/share/robot_description/urdf
[1.775s] -- Installing: /home/wublabdubdub/Learn/DFG/Ros2_WS/install/robot_description/share/robot_description/urdf/first_robot.urdf
[1.776s] -- Installing: /home/wublabdubdub/Learn/DFG/Ros2_WS/install/robot_description/share/robot_description/urdf/first_robot.gv
[1.781s] -- Installing: /home/wublabdubdub/Learn/DFG/Ros2_WS/install/robot_description/share/robot_description/urdf/first_robot.pdf
[1.783s] -- Up-to-date: /home/wublabdubdub/Learn/DFG/Ros2_WS/install/robot_description/share/ament_index/resource_index/package_run_dependencies/robot_description
[1.785s] -- Up-to-date: /home/wublabdubdub/Learn/DFG/Ros2_WS/install/robot_description/share/ament_index/resource_index/parent_prefix_path/robot_description
[1.788s] -- Up-to-date: /home/wublabdubdub/Learn/DFG/Ros2_WS/install/robot_description/share/robot_description/environment/ament_prefix_path.sh
[1.790s] -- Installing: /home/wublabdubdub/Learn/DFG/Ros2_WS/install/robot_description/share/robot_description/environment/ament_prefix_path.dsv
[1.794s] -- Up-to-date: /home/wublabdubdub/Learn/DFG/Ros2_WS/install/robot_description/share/robot_description/environment/path.sh
[1.794s] -- Installing: /home/wublabdubdub/Learn/DFG/Ros2_WS/install/robot_description/share/robot_description/environment/path.dsv
[1.797s] -- Up-to-date: /home/wublabdubdub/Learn/DFG/Ros2_WS/install/robot_description/share/robot_description/local_setup.bash
[1.798s] -- Up-to-date: /home/wublabdubdub/Learn/DFG/Ros2_WS/install/robot_description/share/robot_description/local_setup.sh
[1.800s] -- Up-to-date: /home/wublabdubdub/Learn/DFG/Ros2_WS/install/robot_description/share/robot_description/local_setup.zsh
[1.801s] -- Installing: /home/wublabdubdub/Learn/DFG/Ros2_WS/install/robot_description/share/robot_description/local_setup.dsv
[1.801s] -- Installing: /home/wublabdubdub/Learn/DFG/Ros2_WS/install/robot_description/share/robot_description/package.dsv
[1.803s] -- Up-to-date: /home/wublabdubdub/Learn/DFG/Ros2_WS/install/robot_description/share/ament_index/resource_index/packages/robot_description
[1.805s] -- Up-to-date: /home/wublabdubdub/Learn/DFG/Ros2_WS/install/robot_description/share/robot_description/cmake/robot_descriptionConfig.cmake
[1.806s] -- Up-to-date: /home/wublabdubdub/Learn/DFG/Ros2_WS/install/robot_description/share/robot_description/cmake/robot_descriptionConfig-version.cmake
[1.808s] -- Up-to-date: /home/wublabdubdub/Learn/DFG/Ros2_WS/install/robot_description/share/robot_description/package.xml
[1.817s] Invoked command in '/home/wublabdubdub/Learn/DFG/Ros2_WS/build/robot_description' returned '0': CMAKE_PREFIX_PATH=${CMAKE_PREFIX_PATH}:/opt/ros/humble /usr/bin/cmake --install /home/wublabdubdub/Learn/DFG/Ros2_WS/build/robot_description
