[0.055s] Invoking command in '/home/wublabdubdub/Learn/DFG/Ros2_WS/build/service': CMAKE_PREFIX_PATH=${CMAKE_PREFIX_PATH}:/opt/ros/humble /usr/bin/cmake --build /home/wublabdubdub/Learn/DFG/Ros2_WS/build/service -- -j2 -l2
[0.342s] [35m[1mConsolidate compiler generated dependencies of target ServiceClient[0m
[0.424s] [ 25%] [32mBuilding CXX object CMakeFiles/ServiceClient.dir/src/Service_Client.cpp.o[0m
[0.440s] [ 75%] Built target ServiceServer
[7.948s] [100%] [32m[1mLinking CXX executable ServiceClient[0m
[8.241s] [100%] Built target ServiceClient
[8.275s] Invoked command in '/home/wublabdubdub/Learn/DFG/Ros2_WS/build/service' returned '0': CMAKE_PREFIX_PATH=${CMAKE_PREFIX_PATH}:/opt/ros/humble /usr/bin/cmake --build /home/wublabdubdub/Learn/DFG/Ros2_WS/build/service -- -j2 -l2
[8.319s] Invoking command in '/home/wublabdubdub/Learn/DFG/Ros2_WS/build/service': CMAKE_PREFIX_PATH=${CMAKE_PREFIX_PATH}:/opt/ros/humble /usr/bin/cmake --install /home/wublabdubdub/Learn/DFG/Ros2_WS/build/service
[8.336s] -- Install configuration: ""
[8.336s] -- Up-to-date: /home/wublabdubdub/Learn/DFG/Ros2_WS/install/service/share/ament_index/resource_index/package_run_dependencies/service
[8.336s] -- Up-to-date: /home/wublabdubdub/Learn/DFG/Ros2_WS/install/service/share/ament_index/resource_index/parent_prefix_path/service
[8.336s] -- Up-to-date: /home/wublabdubdub/Learn/DFG/Ros2_WS/install/service/share/service/environment/ament_prefix_path.sh
[8.336s] -- Up-to-date: /home/wublabdubdub/Learn/DFG/Ros2_WS/install/service/share/service/environment/ament_prefix_path.dsv
[8.336s] -- Up-to-date: /home/wublabdubdub/Learn/DFG/Ros2_WS/install/service/share/service/environment/path.sh
[8.336s] -- Up-to-date: /home/wublabdubdub/Learn/DFG/Ros2_WS/install/service/share/service/environment/path.dsv
[8.337s] -- Up-to-date: /home/wublabdubdub/Learn/DFG/Ros2_WS/install/service/share/service/local_setup.bash
[8.337s] -- Up-to-date: /home/wublabdubdub/Learn/DFG/Ros2_WS/install/service/share/service/local_setup.sh
[8.337s] -- Up-to-date: /home/wublabdubdub/Learn/DFG/Ros2_WS/install/service/share/service/local_setup.zsh
[8.337s] -- Up-to-date: /home/wublabdubdub/Learn/DFG/Ros2_WS/install/service/share/service/local_setup.dsv
[8.337s] -- Installing: /home/wublabdubdub/Learn/DFG/Ros2_WS/install/service/share/service/package.dsv
[8.341s] -- Up-to-date: /home/wublabdubdub/Learn/DFG/Ros2_WS/install/service/share/ament_index/resource_index/packages/service
[8.342s] -- Up-to-date: /home/wublabdubdub/Learn/DFG/Ros2_WS/install/service/share/service/cmake/serviceConfig.cmake
[8.342s] -- Up-to-date: /home/wublabdubdub/Learn/DFG/Ros2_WS/install/service/share/service/cmake/serviceConfig-version.cmake
[8.342s] -- Up-to-date: /home/wublabdubdub/Learn/DFG/Ros2_WS/install/service/share/service/package.xml
[8.343s] -- Up-to-date: /home/wublabdubdub/Learn/DFG/Ros2_WS/install/service/lib/service/ServiceServer
[8.343s] -- Installing: /home/wublabdubdub/Learn/DFG/Ros2_WS/install/service/lib/service/ServiceClient
[8.343s] -- Set runtime path of "/home/wublabdubdub/Learn/DFG/Ros2_WS/install/service/lib/service/ServiceClient" to ""
[8.343s] Invoked command in '/home/wublabdubdub/Learn/DFG/Ros2_WS/build/service' returned '0': CMAKE_PREFIX_PATH=${CMAKE_PREFIX_PATH}:/opt/ros/humble /usr/bin/cmake --install /home/wublabdubdub/Learn/DFG/Ros2_WS/build/service
