[0.179s] DEBUG:colcon:Command line arguments: ['/usr/bin/colcon', 'build', '--packages-select', 'robot_description']
[0.179s] DEBUG:colcon:Parsed command line arguments: Namespace(log_base=None, log_level=None, verb_name='build', build_base='build', install_base='install', merge_install=False, symlink_install=False, test_result_base=None, continue_on_error=False, executor='parallel', parallel_workers=2, event_handlers=None, ignore_user_meta=False, metas=['./colcon.meta'], base_paths=['.'], packages_ignore=None, packages_ignore_regex=None, paths=None, packages_up_to=None, packages_up_to_regex=None, packages_above=None, packages_above_and_dependencies=None, packages_above_depth=None, packages_select_by_dep=None, packages_skip_by_dep=None, packages_skip_up_to=None, packages_select_build_failed=False, packages_skip_build_finished=False, packages_select_test_failures=False, packages_skip_test_passed=False, packages_select=['robot_description'], packages_skip=None, packages_select_regex=None, packages_skip_regex=None, packages_start=None, packages_end=None, allow_overriding=[], cmake_args=None, cmake_target=None, cmake_target_skip_unavailable=False, cmake_clean_cache=False, cmake_clean_first=False, cmake_force_configure=False, ament_cmake_args=None, catkin_cmake_args=None, catkin_skip_building_tests=False, verb_parser=<colcon_defaults.argument_parser.defaults.DefaultArgumentsDecorator object at 0x799d7d023880>, verb_extension=<colcon_core.verb.build.BuildVerb object at 0x799d7d16cc40>, main=<bound method BuildVerb.main of <colcon_core.verb.build.BuildVerb object at 0x799d7d16cc40>>)
[0.425s] Level 1:colcon.colcon_core.package_discovery:discover_packages(colcon_meta) check parameters
[0.425s] Level 1:colcon.colcon_core.package_discovery:discover_packages(recursive) check parameters
[0.425s] Level 1:colcon.colcon_core.package_discovery:discover_packages(ignore) check parameters
[0.425s] Level 1:colcon.colcon_core.package_discovery:discover_packages(path) check parameters
[0.425s] Level 1:colcon.colcon_core.package_discovery:discover_packages(colcon_meta) discover
[0.425s] Level 1:colcon.colcon_core.package_discovery:discover_packages(recursive) discover
[0.426s] INFO:colcon.colcon_core.package_discovery:Crawling recursively for packages in '/home/wublabdubdub/Learn/DFG/Ros2_WS'
[0.426s] Level 1:colcon.colcon_core.package_identification:_identify(.) by extensions ['ignore', 'ignore_ament_install']
[0.426s] Level 1:colcon.colcon_core.package_identification:_identify(.) by extension 'ignore'
[0.426s] Level 1:colcon.colcon_core.package_identification:_identify(.) by extension 'ignore_ament_install'
[0.426s] Level 1:colcon.colcon_core.package_identification:_identify(.) by extensions ['colcon_pkg']
[0.426s] Level 1:colcon.colcon_core.package_identification:_identify(.) by extension 'colcon_pkg'
[0.426s] Level 1:colcon.colcon_core.package_identification:_identify(.) by extensions ['colcon_meta']
[0.426s] Level 1:colcon.colcon_core.package_identification:_identify(.) by extension 'colcon_meta'
[0.426s] Level 1:colcon.colcon_core.package_identification:_identify(.) by extensions ['ros']
[0.426s] Level 1:colcon.colcon_core.package_identification:_identify(.) by extension 'ros'
[0.444s] Level 1:colcon.colcon_core.package_identification:_identify(.) by extensions ['cmake', 'python']
[0.444s] Level 1:colcon.colcon_core.package_identification:_identify(.) by extension 'cmake'
[0.444s] Level 1:colcon.colcon_core.package_identification:_identify(.) by extension 'python'
[0.445s] Level 1:colcon.colcon_core.package_identification:_identify(.) by extensions ['python_setup_py']
[0.445s] Level 1:colcon.colcon_core.package_identification:_identify(.) by extension 'python_setup_py'
[0.445s] Level 1:colcon.colcon_core.package_identification:_identify(build) by extensions ['ignore', 'ignore_ament_install']
[0.445s] Level 1:colcon.colcon_core.package_identification:_identify(build) by extension 'ignore'
[0.445s] Level 1:colcon.colcon_core.package_identification:_identify(build) ignored
[0.445s] Level 1:colcon.colcon_core.package_identification:_identify(install) by extensions ['ignore', 'ignore_ament_install']
[0.445s] Level 1:colcon.colcon_core.package_identification:_identify(install) by extension 'ignore'
[0.445s] Level 1:colcon.colcon_core.package_identification:_identify(install) ignored
[0.446s] Level 1:colcon.colcon_core.package_identification:_identify(log) by extensions ['ignore', 'ignore_ament_install']
[0.446s] Level 1:colcon.colcon_core.package_identification:_identify(log) by extension 'ignore'
[0.446s] Level 1:colcon.colcon_core.package_identification:_identify(log) ignored
[0.446s] Level 1:colcon.colcon_core.package_identification:_identify(src) by extensions ['ignore', 'ignore_ament_install']
[0.446s] Level 1:colcon.colcon_core.package_identification:_identify(src) by extension 'ignore'
[0.446s] Level 1:colcon.colcon_core.package_identification:_identify(src) by extension 'ignore_ament_install'
[0.446s] Level 1:colcon.colcon_core.package_identification:_identify(src) by extensions ['colcon_pkg']
[0.446s] Level 1:colcon.colcon_core.package_identification:_identify(src) by extension 'colcon_pkg'
[0.446s] Level 1:colcon.colcon_core.package_identification:_identify(src) by extensions ['colcon_meta']
[0.446s] Level 1:colcon.colcon_core.package_identification:_identify(src) by extension 'colcon_meta'
[0.446s] Level 1:colcon.colcon_core.package_identification:_identify(src) by extensions ['ros']
[0.446s] Level 1:colcon.colcon_core.package_identification:_identify(src) by extension 'ros'
[0.446s] Level 1:colcon.colcon_core.package_identification:_identify(src) by extensions ['cmake', 'python']
[0.446s] Level 1:colcon.colcon_core.package_identification:_identify(src) by extension 'cmake'
[0.447s] Level 1:colcon.colcon_core.package_identification:_identify(src) by extension 'python'
[0.447s] Level 1:colcon.colcon_core.package_identification:_identify(src) by extensions ['python_setup_py']
[0.447s] Level 1:colcon.colcon_core.package_identification:_identify(src) by extension 'python_setup_py'
[0.447s] Level 1:colcon.colcon_core.package_identification:_identify(src/demo_tf) by extensions ['ignore', 'ignore_ament_install']
[0.447s] Level 1:colcon.colcon_core.package_identification:_identify(src/demo_tf) by extension 'ignore'
[0.447s] Level 1:colcon.colcon_core.package_identification:_identify(src/demo_tf) by extension 'ignore_ament_install'
[0.447s] Level 1:colcon.colcon_core.package_identification:_identify(src/demo_tf) by extensions ['colcon_pkg']
[0.447s] Level 1:colcon.colcon_core.package_identification:_identify(src/demo_tf) by extension 'colcon_pkg'
[0.447s] Level 1:colcon.colcon_core.package_identification:_identify(src/demo_tf) by extensions ['colcon_meta']
[0.447s] Level 1:colcon.colcon_core.package_identification:_identify(src/demo_tf) by extension 'colcon_meta'
[0.447s] Level 1:colcon.colcon_core.package_identification:_identify(src/demo_tf) by extensions ['ros']
[0.447s] Level 1:colcon.colcon_core.package_identification:_identify(src/demo_tf) by extension 'ros'
[0.451s] DEBUG:colcon.colcon_core.package_identification:Package 'src/demo_tf' with type 'ros.ament_cmake' and name 'demo_tf'
[0.451s] Level 1:colcon.colcon_core.package_identification:_identify(src/my_interface) by extensions ['ignore', 'ignore_ament_install']
[0.452s] Level 1:colcon.colcon_core.package_identification:_identify(src/my_interface) by extension 'ignore'
[0.452s] Level 1:colcon.colcon_core.package_identification:_identify(src/my_interface) by extension 'ignore_ament_install'
[0.452s] Level 1:colcon.colcon_core.package_identification:_identify(src/my_interface) by extensions ['colcon_pkg']
[0.452s] Level 1:colcon.colcon_core.package_identification:_identify(src/my_interface) by extension 'colcon_pkg'
[0.452s] Level 1:colcon.colcon_core.package_identification:_identify(src/my_interface) by extensions ['colcon_meta']
[0.452s] Level 1:colcon.colcon_core.package_identification:_identify(src/my_interface) by extension 'colcon_meta'
[0.452s] Level 1:colcon.colcon_core.package_identification:_identify(src/my_interface) by extensions ['ros']
[0.452s] Level 1:colcon.colcon_core.package_identification:_identify(src/my_interface) by extension 'ros'
[0.453s] DEBUG:colcon.colcon_core.package_identification:Package 'src/my_interface' with type 'ros.ament_cmake' and name 'my_interface'
[0.453s] Level 1:colcon.colcon_core.package_identification:_identify(src/parameter) by extensions ['ignore', 'ignore_ament_install']
[0.454s] Level 1:colcon.colcon_core.package_identification:_identify(src/parameter) by extension 'ignore'
[0.454s] Level 1:colcon.colcon_core.package_identification:_identify(src/parameter) by extension 'ignore_ament_install'
[0.454s] Level 1:colcon.colcon_core.package_identification:_identify(src/parameter) by extensions ['colcon_pkg']
[0.454s] Level 1:colcon.colcon_core.package_identification:_identify(src/parameter) by extension 'colcon_pkg'
[0.454s] Level 1:colcon.colcon_core.package_identification:_identify(src/parameter) by extensions ['colcon_meta']
[0.454s] Level 1:colcon.colcon_core.package_identification:_identify(src/parameter) by extension 'colcon_meta'
[0.454s] Level 1:colcon.colcon_core.package_identification:_identify(src/parameter) by extensions ['ros']
[0.454s] Level 1:colcon.colcon_core.package_identification:_identify(src/parameter) by extension 'ros'
[0.455s] DEBUG:colcon.colcon_core.package_identification:Package 'src/parameter' with type 'ros.ament_cmake' and name 'parameter'
[0.455s] Level 1:colcon.colcon_core.package_identification:_identify(src/robot_description) by extensions ['ignore', 'ignore_ament_install']
[0.455s] Level 1:colcon.colcon_core.package_identification:_identify(src/robot_description) by extension 'ignore'
[0.455s] Level 1:colcon.colcon_core.package_identification:_identify(src/robot_description) by extension 'ignore_ament_install'
[0.455s] Level 1:colcon.colcon_core.package_identification:_identify(src/robot_description) by extensions ['colcon_pkg']
[0.455s] Level 1:colcon.colcon_core.package_identification:_identify(src/robot_description) by extension 'colcon_pkg'
[0.455s] Level 1:colcon.colcon_core.package_identification:_identify(src/robot_description) by extensions ['colcon_meta']
[0.455s] Level 1:colcon.colcon_core.package_identification:_identify(src/robot_description) by extension 'colcon_meta'
[0.455s] Level 1:colcon.colcon_core.package_identification:_identify(src/robot_description) by extensions ['ros']
[0.456s] Level 1:colcon.colcon_core.package_identification:_identify(src/robot_description) by extension 'ros'
[0.456s] DEBUG:colcon.colcon_core.package_identification:Package 'src/robot_description' with type 'ros.ament_cmake' and name 'robot_description'
[0.456s] Level 1:colcon.colcon_core.package_identification:_identify(src/service) by extensions ['ignore', 'ignore_ament_install']
[0.456s] Level 1:colcon.colcon_core.package_identification:_identify(src/service) by extension 'ignore'
[0.456s] Level 1:colcon.colcon_core.package_identification:_identify(src/service) by extension 'ignore_ament_install'
[0.457s] Level 1:colcon.colcon_core.package_identification:_identify(src/service) by extensions ['colcon_pkg']
[0.457s] Level 1:colcon.colcon_core.package_identification:_identify(src/service) by extension 'colcon_pkg'
[0.457s] Level 1:colcon.colcon_core.package_identification:_identify(src/service) by extensions ['colcon_meta']
[0.457s] Level 1:colcon.colcon_core.package_identification:_identify(src/service) by extension 'colcon_meta'
[0.457s] Level 1:colcon.colcon_core.package_identification:_identify(src/service) by extensions ['ros']
[0.457s] Level 1:colcon.colcon_core.package_identification:_identify(src/service) by extension 'ros'
[0.458s] DEBUG:colcon.colcon_core.package_identification:Package 'src/service' with type 'ros.ament_cmake' and name 'service'
[0.458s] Level 1:colcon.colcon_core.package_identification:_identify(src/topic) by extensions ['ignore', 'ignore_ament_install']
[0.458s] Level 1:colcon.colcon_core.package_identification:_identify(src/topic) by extension 'ignore'
[0.458s] Level 1:colcon.colcon_core.package_identification:_identify(src/topic) by extension 'ignore_ament_install'
[0.458s] Level 1:colcon.colcon_core.package_identification:_identify(src/topic) by extensions ['colcon_pkg']
[0.458s] Level 1:colcon.colcon_core.package_identification:_identify(src/topic) by extension 'colcon_pkg'
[0.458s] Level 1:colcon.colcon_core.package_identification:_identify(src/topic) by extensions ['colcon_meta']
[0.458s] Level 1:colcon.colcon_core.package_identification:_identify(src/topic) by extension 'colcon_meta'
[0.458s] Level 1:colcon.colcon_core.package_identification:_identify(src/topic) by extensions ['ros']
[0.458s] Level 1:colcon.colcon_core.package_identification:_identify(src/topic) by extension 'ros'
[0.460s] DEBUG:colcon.colcon_core.package_identification:Package 'src/topic' with type 'ros.ament_cmake' and name 'topic'
[0.460s] Level 1:colcon.colcon_core.package_discovery:discover_packages(recursive) using defaults
[0.460s] Level 1:colcon.colcon_core.package_discovery:discover_packages(ignore) discover
[0.460s] Level 1:colcon.colcon_core.package_discovery:discover_packages(ignore) using defaults
[0.460s] Level 1:colcon.colcon_core.package_discovery:discover_packages(path) discover
[0.460s] Level 1:colcon.colcon_core.package_discovery:discover_packages(path) using defaults
[0.495s] INFO:colcon.colcon_core.package_selection:Skipping not selected package 'demo_tf' in 'src/demo_tf'
[0.495s] INFO:colcon.colcon_core.package_selection:Skipping not selected package 'my_interface' in 'src/my_interface'
[0.495s] INFO:colcon.colcon_core.package_selection:Skipping not selected package 'parameter' in 'src/parameter'
[0.495s] INFO:colcon.colcon_core.package_selection:Skipping not selected package 'service' in 'src/service'
[0.495s] INFO:colcon.colcon_core.package_selection:Skipping not selected package 'topic' in 'src/topic'
[0.497s] Level 1:colcon.colcon_core.package_discovery:discover_packages(prefix_path) check parameters
[0.497s] Level 1:colcon.colcon_core.package_discovery:discover_packages(prefix_path) discover
[0.500s] DEBUG:colcon.colcon_installed_package_information.package_discovery:Found 6 installed packages in /home/wublabdubdub/Learn/DFG/Ros2_WS/install
[0.504s] DEBUG:colcon.colcon_installed_package_information.package_discovery:Found 281 installed packages in /opt/ros/humble
[0.524s] Level 1:colcon.colcon_core.package_discovery:discover_packages(prefix_path) using defaults
[0.578s] Level 5:colcon.colcon_core.verb:set package 'robot_description' build argument 'cmake_args' from command line to 'None'
[0.578s] Level 5:colcon.colcon_core.verb:set package 'robot_description' build argument 'cmake_target' from command line to 'None'
[0.578s] Level 5:colcon.colcon_core.verb:set package 'robot_description' build argument 'cmake_target_skip_unavailable' from command line to 'False'
[0.578s] Level 5:colcon.colcon_core.verb:set package 'robot_description' build argument 'cmake_clean_cache' from command line to 'False'
[0.578s] Level 5:colcon.colcon_core.verb:set package 'robot_description' build argument 'cmake_clean_first' from command line to 'False'
[0.578s] Level 5:colcon.colcon_core.verb:set package 'robot_description' build argument 'cmake_force_configure' from command line to 'False'
[0.578s] Level 5:colcon.colcon_core.verb:set package 'robot_description' build argument 'ament_cmake_args' from command line to 'None'
[0.578s] Level 5:colcon.colcon_core.verb:set package 'robot_description' build argument 'catkin_cmake_args' from command line to 'None'
[0.578s] Level 5:colcon.colcon_core.verb:set package 'robot_description' build argument 'catkin_skip_building_tests' from command line to 'False'
[0.578s] DEBUG:colcon.colcon_core.verb:Building package 'robot_description' with the following arguments: {'ament_cmake_args': None, 'build_base': '/home/wublabdubdub/Learn/DFG/Ros2_WS/build/robot_description', 'catkin_cmake_args': None, 'catkin_skip_building_tests': False, 'cmake_args': None, 'cmake_clean_cache': False, 'cmake_clean_first': False, 'cmake_force_configure': False, 'cmake_target': None, 'cmake_target_skip_unavailable': False, 'install_base': '/home/wublabdubdub/Learn/DFG/Ros2_WS/install/robot_description', 'merge_install': False, 'path': '/home/wublabdubdub/Learn/DFG/Ros2_WS/src/robot_description', 'symlink_install': False, 'test_result_base': None}
[0.578s] INFO:colcon.colcon_core.executor:Executing jobs using 'parallel' executor
[0.581s] DEBUG:colcon.colcon_parallel_executor.executor.parallel:run_until_complete
[0.581s] INFO:colcon.colcon_ros.task.ament_cmake.build:Building ROS package in '/home/wublabdubdub/Learn/DFG/Ros2_WS/src/robot_description' with build type 'ament_cmake'
[0.582s] INFO:colcon.colcon_cmake.task.cmake.build:Building CMake package in '/home/wublabdubdub/Learn/DFG/Ros2_WS/src/robot_description'
[0.585s] INFO:colcon.colcon_core.plugin_system:Skipping extension 'colcon_core.shell.bat': Not used on non-Windows systems
[0.585s] INFO:colcon.colcon_core.shell:Skip shell extension 'powershell' for command environment: Not usable outside of PowerShell
[0.585s] DEBUG:colcon.colcon_core.shell:Skip shell extension 'dsv' for command environment
[0.619s] DEBUG:colcon.colcon_core.event_handler.log_command:Invoking command in '/home/wublabdubdub/Learn/DFG/Ros2_WS/build/robot_description': CMAKE_PREFIX_PATH=${CMAKE_PREFIX_PATH}:/opt/ros/humble /usr/bin/cmake --build /home/wublabdubdub/Learn/DFG/Ros2_WS/build/robot_description -- -j2 -l2
[0.723s] DEBUG:colcon.colcon_core.event_handler.log_command:Invoked command in '/home/wublabdubdub/Learn/DFG/Ros2_WS/build/robot_description' returned '0': CMAKE_PREFIX_PATH=${CMAKE_PREFIX_PATH}:/opt/ros/humble /usr/bin/cmake --build /home/wublabdubdub/Learn/DFG/Ros2_WS/build/robot_description -- -j2 -l2
[0.751s] DEBUG:colcon.colcon_core.event_handler.log_command:Invoking command in '/home/wublabdubdub/Learn/DFG/Ros2_WS/build/robot_description': CMAKE_PREFIX_PATH=${CMAKE_PREFIX_PATH}:/opt/ros/humble /usr/bin/cmake --install /home/wublabdubdub/Learn/DFG/Ros2_WS/build/robot_description
[0.773s] Level 1:colcon.colcon_core.environment:create_environment_scripts_only(robot_description)
[0.780s] Level 1:colcon.colcon_core.environment:checking '/home/wublabdubdub/Learn/DFG/Ros2_WS/install/robot_description' for CMake module files
[0.781s] Level 1:colcon.colcon_core.environment:checking '/home/wublabdubdub/Learn/DFG/Ros2_WS/install/robot_description' for CMake config files
[0.781s] Level 1:colcon.colcon_core.shell:create_environment_hook('robot_description', 'cmake_prefix_path')
[0.782s] INFO:colcon.colcon_core.shell:Creating environment hook '/home/wublabdubdub/Learn/DFG/Ros2_WS/install/robot_description/share/robot_description/hook/cmake_prefix_path.ps1'
[0.783s] INFO:colcon.colcon_core.shell:Creating environment descriptor '/home/wublabdubdub/Learn/DFG/Ros2_WS/install/robot_description/share/robot_description/hook/cmake_prefix_path.dsv'
[0.784s] INFO:colcon.colcon_core.shell:Creating environment hook '/home/wublabdubdub/Learn/DFG/Ros2_WS/install/robot_description/share/robot_description/hook/cmake_prefix_path.sh'
[0.786s] Level 1:colcon.colcon_core.environment:checking '/home/wublabdubdub/Learn/DFG/Ros2_WS/install/robot_description/bin'
[0.786s] Level 1:colcon.colcon_core.environment:checking '/home/wublabdubdub/Learn/DFG/Ros2_WS/install/robot_description/lib/pkgconfig/robot_description.pc'
[0.787s] Level 1:colcon.colcon_core.environment:checking '/home/wublabdubdub/Learn/DFG/Ros2_WS/install/robot_description/lib/python3.10/site-packages'
[0.787s] Level 1:colcon.colcon_core.environment:checking '/home/wublabdubdub/Learn/DFG/Ros2_WS/install/robot_description/bin'
[0.788s] INFO:colcon.colcon_core.shell:Creating package script '/home/wublabdubdub/Learn/DFG/Ros2_WS/install/robot_description/share/robot_description/package.ps1'
[0.794s] DEBUG:colcon.colcon_core.event_handler.log_command:Invoked command in '/home/wublabdubdub/Learn/DFG/Ros2_WS/build/robot_description' returned '0': CMAKE_PREFIX_PATH=${CMAKE_PREFIX_PATH}:/opt/ros/humble /usr/bin/cmake --install /home/wublabdubdub/Learn/DFG/Ros2_WS/build/robot_description
[0.794s] INFO:colcon.colcon_core.shell:Creating package descriptor '/home/wublabdubdub/Learn/DFG/Ros2_WS/install/robot_description/share/robot_description/package.dsv'
[0.796s] INFO:colcon.colcon_core.shell:Creating package script '/home/wublabdubdub/Learn/DFG/Ros2_WS/install/robot_description/share/robot_description/package.sh'
[0.797s] INFO:colcon.colcon_core.shell:Creating package script '/home/wublabdubdub/Learn/DFG/Ros2_WS/install/robot_description/share/robot_description/package.bash'
[0.800s] INFO:colcon.colcon_core.shell:Creating package script '/home/wublabdubdub/Learn/DFG/Ros2_WS/install/robot_description/share/robot_description/package.zsh'
[0.801s] Level 1:colcon.colcon_core.environment:create_file_with_runtime_dependencies(/home/wublabdubdub/Learn/DFG/Ros2_WS/install/robot_description/share/colcon-core/packages/robot_description)
[0.802s] Level 1:colcon.colcon_core.environment:create_environment_scripts_only(robot_description)
[0.802s] Level 1:colcon.colcon_core.environment:checking '/home/wublabdubdub/Learn/DFG/Ros2_WS/install/robot_description' for CMake module files
[0.803s] Level 1:colcon.colcon_core.environment:checking '/home/wublabdubdub/Learn/DFG/Ros2_WS/install/robot_description' for CMake config files
[0.803s] Level 1:colcon.colcon_core.shell:create_environment_hook('robot_description', 'cmake_prefix_path')
[0.803s] INFO:colcon.colcon_core.shell:Creating environment hook '/home/wublabdubdub/Learn/DFG/Ros2_WS/install/robot_description/share/robot_description/hook/cmake_prefix_path.ps1'
[0.804s] INFO:colcon.colcon_core.shell:Creating environment descriptor '/home/wublabdubdub/Learn/DFG/Ros2_WS/install/robot_description/share/robot_description/hook/cmake_prefix_path.dsv'
[0.805s] INFO:colcon.colcon_core.shell:Creating environment hook '/home/wublabdubdub/Learn/DFG/Ros2_WS/install/robot_description/share/robot_description/hook/cmake_prefix_path.sh'
[0.805s] Level 1:colcon.colcon_core.environment:checking '/home/wublabdubdub/Learn/DFG/Ros2_WS/install/robot_description/bin'
[0.806s] Level 1:colcon.colcon_core.environment:checking '/home/wublabdubdub/Learn/DFG/Ros2_WS/install/robot_description/lib/pkgconfig/robot_description.pc'
[0.806s] Level 1:colcon.colcon_core.environment:checking '/home/wublabdubdub/Learn/DFG/Ros2_WS/install/robot_description/lib/python3.10/site-packages'
[0.806s] Level 1:colcon.colcon_core.environment:checking '/home/wublabdubdub/Learn/DFG/Ros2_WS/install/robot_description/bin'
[0.807s] INFO:colcon.colcon_core.shell:Creating package script '/home/wublabdubdub/Learn/DFG/Ros2_WS/install/robot_description/share/robot_description/package.ps1'
[0.808s] INFO:colcon.colcon_core.shell:Creating package descriptor '/home/wublabdubdub/Learn/DFG/Ros2_WS/install/robot_description/share/robot_description/package.dsv'
[0.809s] INFO:colcon.colcon_core.shell:Creating package script '/home/wublabdubdub/Learn/DFG/Ros2_WS/install/robot_description/share/robot_description/package.sh'
[0.809s] INFO:colcon.colcon_core.shell:Creating package script '/home/wublabdubdub/Learn/DFG/Ros2_WS/install/robot_description/share/robot_description/package.bash'
[0.810s] INFO:colcon.colcon_core.shell:Creating package script '/home/wublabdubdub/Learn/DFG/Ros2_WS/install/robot_description/share/robot_description/package.zsh'
[0.811s] Level 1:colcon.colcon_core.environment:create_file_with_runtime_dependencies(/home/wublabdubdub/Learn/DFG/Ros2_WS/install/robot_description/share/colcon-core/packages/robot_description)
[0.812s] DEBUG:colcon.colcon_parallel_executor.executor.parallel:closing loop
[0.813s] DEBUG:colcon.colcon_parallel_executor.executor.parallel:loop closed
[0.813s] DEBUG:colcon.colcon_parallel_executor.executor.parallel:run_until_complete finished with '0'
[0.813s] DEBUG:colcon.colcon_core.event_reactor:joining thread
[0.833s] INFO:colcon.colcon_core.plugin_system:Skipping extension 'colcon_notification.desktop_notification.terminal_notifier': Not used on non-Darwin systems
[0.833s] INFO:colcon.colcon_core.plugin_system:Skipping extension 'colcon_notification.desktop_notification.win32': Not used on non-Windows systems
[0.833s] INFO:colcon.colcon_notification.desktop_notification:Sending desktop notification using 'notify2'
[0.886s] DEBUG:colcon.colcon_core.event_reactor:joined thread
[0.887s] INFO:colcon.colcon_core.shell:Creating prefix script '/home/wublabdubdub/Learn/DFG/Ros2_WS/install/local_setup.ps1'
[0.892s] INFO:colcon.colcon_core.shell:Creating prefix util module '/home/wublabdubdub/Learn/DFG/Ros2_WS/install/_local_setup_util_ps1.py'
[0.902s] INFO:colcon.colcon_core.shell:Creating prefix chain script '/home/wublabdubdub/Learn/DFG/Ros2_WS/install/setup.ps1'
[0.911s] INFO:colcon.colcon_core.shell:Creating prefix script '/home/wublabdubdub/Learn/DFG/Ros2_WS/install/local_setup.sh'
[0.918s] INFO:colcon.colcon_core.shell:Creating prefix util module '/home/wublabdubdub/Learn/DFG/Ros2_WS/install/_local_setup_util_sh.py'
[0.919s] INFO:colcon.colcon_core.shell:Creating prefix chain script '/home/wublabdubdub/Learn/DFG/Ros2_WS/install/setup.sh'
[0.924s] INFO:colcon.colcon_core.shell:Creating prefix script '/home/wublabdubdub/Learn/DFG/Ros2_WS/install/local_setup.bash'
[0.930s] INFO:colcon.colcon_core.shell:Creating prefix chain script '/home/wublabdubdub/Learn/DFG/Ros2_WS/install/setup.bash'
[0.938s] INFO:colcon.colcon_core.shell:Creating prefix script '/home/wublabdubdub/Learn/DFG/Ros2_WS/install/local_setup.zsh'
[0.950s] INFO:colcon.colcon_core.shell:Creating prefix chain script '/home/wublabdubdub/Learn/DFG/Ros2_WS/install/setup.zsh'
