[35m[1mConsolidate compiler generated dependencies of target TopicPublisher[0m
[ 50%] Built target TopicPublisher
[ 75%] [32mBuilding CXX object CMakeFiles/TopicSubscriber.dir/src/Topic_Subscriber.cpp.o[0m
[01m[K/home/wublabdubdub/Learn/DFG/Ros2_WS/src/topic/src/Topic_Subscriber.cpp:12:45:[m[K [01;31m[Kerror: [m[K‘[01m[Kexample[m[K’ is not a member of ‘[01m[Kmy_interface::msg[m[K’; did you mean ‘[01m[KExample[m[K’?
   12 |     rclcpp::Subscription<my_interface::msg::[01;31m[Kexample[m[K>::SharedPtr command_subscribe_;
      |                                             [01;31m[K^~~~~~~[m[K
      |                                             [32m[KExample[m[K
[01m[K/home/wublabdubdub/Learn/DFG/Ros2_WS/src/topic/src/Topic_Subscriber.cpp:12:52:[m[K [01;31m[Kerror: [m[Ktemplate argument 1 is invalid
   12 |     rclcpp::Subscription<my_interface::msg::example[01;31m[K>[m[K::SharedPtr command_subscribe_;
      |                                                    [01;31m[K^[m[K
[01m[K/home/wublabdubdub/Learn/DFG/Ros2_WS/src/topic/src/Topic_Subscriber.cpp:12:52:[m[K [01;31m[Kerror: [m[Ktemplate argument 3 is invalid
[01m[K/home/wublabdubdub/Learn/DFG/Ros2_WS/src/topic/src/Topic_Subscriber.cpp:12:52:[m[K [01;31m[Kerror: [m[Ktemplate argument 4 is invalid
[01m[K/home/wublabdubdub/Learn/DFG/Ros2_WS/src/topic/src/Topic_Subscriber.cpp:12:52:[m[K [01;31m[Kerror: [m[Ktemplate argument 5 is invalid
[01m[K/home/wublabdubdub/Learn/DFG/Ros2_WS/src/topic/src/Topic_Subscriber.cpp:12:55:[m[K [01;31m[Kerror: [m[Kexpected ‘[01m[K;[m[K’ at end of member declaration
   12 |     rclcpp::Subscription<my_interface::msg::example>::[01;31m[KSharedPtr[m[K command_subscribe_;
      |                                                       [01;31m[K^~~~~~~~~[m[K
      |                                                                [32m[K;[m[K
[01m[K/home/wublabdubdub/Learn/DFG/Ros2_WS/src/topic/src/Topic_Subscriber.cpp:12:65:[m[K [01;31m[Kerror: [m[K‘[01m[Kcommand_subscribe_[m[K’ does not name a type
   12 |     rclcpp::Subscription<my_interface::msg::example>::SharedPtr [01;31m[Kcommand_subscribe_[m[K;
      |                                                                 [01;31m[K^~~~~~~~~~~~~~~~~~[m[K
[01m[K/home/wublabdubdub/Learn/DFG/Ros2_WS/src/topic/src/Topic_Subscriber.cpp:13:52:[m[K [01;31m[Kerror: [m[K‘[01m[Kexample[m[K’ in namespace ‘[01m[Kmy_interface::msg[m[K’ does not name a type; did you mean ‘[01m[KExample[m[K’?
   13 |     void command_callback(const my_interface::msg::[01;31m[Kexample[m[K::SharedPtr msg)
      |                                                    [01;31m[K^~~~~~~[m[K
      |                                                    [32m[KExample[m[K
[01m[K/home/wublabdubdub/Learn/DFG/Ros2_WS/src/topic/src/Topic_Subscriber.cpp:13:71:[m[K [01;31m[Kerror: [m[Kexpected unqualified-id before ‘[01m[Kmsg[m[K’
   13 |     void command_callback(const my_interface::msg::example::SharedPtr [01;31m[Kmsg[m[K)
      |                                                                       [01;31m[K^~~[m[K
[01m[K/home/wublabdubdub/Learn/DFG/Ros2_WS/src/topic/src/Topic_Subscriber.cpp:13:70:[m[K [01;31m[Kerror: [m[Kexpected ‘[01m[K)[m[K’ before ‘[01m[Kmsg[m[K’
   13 |     void command_callback[34m[K([m[Kconst my_interface::msg::example::SharedPtr[01;31m[K [m[K[32m[Kmsg[m[K)
      |                          [34m[K~[m[K                                           [01;31m[K^[m[K[32m[K~~~[m[K
      |                                                                      [32m[K)[m[K
[01m[K/home/wublabdubdub/Learn/DFG/Ros2_WS/src/topic/src/Topic_Subscriber.cpp:13:61:[m[K [01;31m[Kerror: [m[Kexpected ‘[01m[K;[m[K’ at end of member declaration
   13 |     void command_callback(const my_interface::msg::example::[01;31m[KSharedPtr[m[K msg)
      |                                                             [01;31m[K^~~~~~~~~[m[K
      |                                                                      [32m[K;[m[K
[01m[K/home/wublabdubdub/Learn/DFG/Ros2_WS/src/topic/src/Topic_Subscriber.cpp:13:71:[m[K [01;31m[Kerror: [m[K‘[01m[Kmsg[m[K’ does not name a type
   13 |     void command_callback(const my_interface::msg::example::SharedPtr [01;31m[Kmsg[m[K)
      |                                                                       [01;31m[K^~~[m[K
[01m[K/home/wublabdubdub/Learn/DFG/Ros2_WS/src/topic/src/Topic_Subscriber.cpp:[m[K In constructor ‘[01m[KTopicSubscriber::TopicSubscriber(std::string)[m[K’:
[01m[K/home/wublabdubdub/Learn/DFG/Ros2_WS/src/topic/src/Topic_Subscriber.cpp:9:9:[m[K [01;31m[Kerror: [m[K‘[01m[Kcommand_subscribe_[m[K’ was not declared in this scope; did you mean ‘[01m[Kcount_subscribers[m[K’?
    9 |         [01;31m[Kcommand_subscribe_[m[K=this->create_subscription<my_interface::msg::example>("command",10,std::bind(&TopicSubscriber::command_callback,this,std::placeholders::_1));
      |         [01;31m[K^~~~~~~~~~~~~~~~~~[m[K
      |         [32m[Kcount_subscribers[m[K
[01m[K/home/wublabdubdub/Learn/DFG/Ros2_WS/src/topic/src/Topic_Subscriber.cpp:9:73:[m[K [01;31m[Kerror: [m[K‘[01m[Kexample[m[K’ is not a member of ‘[01m[Kmy_interface::msg[m[K’; did you mean ‘[01m[KExample[m[K’?
    9 |         command_subscribe_=this->create_subscription<my_interface::msg::[01;31m[Kexample[m[K>("command",10,std::bind(&TopicSubscriber::command_callback,this,std::placeholders::_1));
      |                                                                         [01;31m[K^~~~~~~[m[K
      |                                                                         [32m[KExample[m[K
[01m[K/home/wublabdubdub/Learn/DFG/Ros2_WS/src/topic/src/Topic_Subscriber.cpp:9:81:[m[K [01;31m[Kerror: [m[Kno matching function for call to ‘[01m[KTopicSubscriber::create_subscription<<expression error> >(const char [8], int, std::_Bind_helper<false, void (TopicSubscriber::*)(...), TopicSubscriber*, const std::_Placeholder<1>&>::type)[m[K’
    9 |         command_subscribe_=[01;31m[Kthis->create_subscription<my_interface::msg::example>("command",10,std::bind(&TopicSubscriber::command_callback,this,std::placeholders::_1))[m[K;
      |                            [01;31m[K~~~~~~~~~~~~~~~~~~~~~~~~~~~~~~~~~~~~~~~~~~~~~~~~~~~~~^~~~~~~~~~~~~~~~~~~~~~~~~~~~~~~~~~~~~~~~~~~~~~~~~~~~~~~~~~~~~~~~~~~~~~~~~~~~~~~~~~~~~~~[m[K
In file included from [01m[K/opt/ros/humble/include/rclcpp/rclcpp/executors/single_threaded_executor.hpp:28[m[K,
                 from [01m[K/opt/ros/humble/include/rclcpp/rclcpp/executors.hpp:22[m[K,
                 from [01m[K/opt/ros/humble/include/rclcpp/rclcpp/rclcpp.hpp:155[m[K,
                 from [01m[K/home/wublabdubdub/Learn/DFG/Ros2_WS/src/topic/src/Topic_Subscriber.cpp:2[m[K:
[01m[K/opt/ros/humble/include/rclcpp/rclcpp/node.hpp:219:3:[m[K [01;36m[Knote: [m[Kcandidate: ‘[01m[Ktemplate<class MessageT, class CallbackT, class AllocatorT, class SubscriptionT, class MessageMemoryStrategyT> std::shared_ptr<ROSMessageT> rclcpp::Node::create_subscription(const string&, const rclcpp::QoS&, CallbackT&&, const rclcpp::SubscriptionOptionsWithAllocator<AllocatorT>&, typename MessageMemoryStrategyT::SharedPtr)[m[K’
  219 |   [01;36m[Kcreate_subscription[m[K(
      |   [01;36m[K^~~~~~~~~~~~~~~~~~~[m[K
[01m[K/opt/ros/humble/include/rclcpp/rclcpp/node.hpp:219:3:[m[K [01;36m[Knote: [m[K  template argument deduction/substitution failed:
[01m[K/home/wublabdubdub/Learn/DFG/Ros2_WS/src/topic/src/Topic_Subscriber.cpp:9:81:[m[K [01;31m[Kerror: [m[Ktemplate argument 1 is invalid
    9 |         command_subscribe_=[01;31m[Kthis->create_subscription<my_interface::msg::example>("command",10,std::bind(&TopicSubscriber::command_callback,this,std::placeholders::_1))[m[K;
      |                            [01;31m[K~~~~~~~~~~~~~~~~~~~~~~~~~~~~~~~~~~~~~~~~~~~~~~~~~~~~~^~~~~~~~~~~~~~~~~~~~~~~~~~~~~~~~~~~~~~~~~~~~~~~~~~~~~~~~~~~~~~~~~~~~~~~~~~~~~~~~~~~~~~~[m[K
gmake[2]: *** [CMakeFiles/TopicSubscriber.dir/build.make:76：CMakeFiles/TopicSubscriber.dir/src/Topic_Subscriber.cpp.o] 错误 1
gmake[1]: *** [CMakeFiles/Makefile2:165：CMakeFiles/TopicSubscriber.dir/all] 错误 2
gmake: *** [Makefile:146：all] 错误 2
