[0.017s] Invoking command in '/home/wublabdubdub/Learn/DFG/Ros2_WS/build/topic': CMAKE_PREFIX_PATH=/opt/ros/humble /usr/bin/cmake --build /home/wublabdubdub/Learn/DFG/Ros2_WS/build/topic -- -j2 -l2
[0.107s] -- Found ament_cmake: 1.3.12 (/opt/ros/humble/share/ament_cmake/cmake)
[0.564s] -- Found rclcpp: 16.0.15 (/opt/ros/humble/share/rclcpp/cmake)
[0.654s] -- Found rosidl_generator_c: 3.1.7 (/opt/ros/humble/share/rosidl_generator_c/cmake)
[0.666s] -- Found rosidl_adapter: 3.1.7 (/opt/ros/humble/share/rosidl_adapter/cmake)
[0.703s] -- Found rosidl_generator_cpp: 3.1.7 (/opt/ros/humble/share/rosidl_generator_cpp/cmake)
[0.732s] -- Using all available rosidl_typesupport_c: rosidl_typesupport_fastrtps_c;rosidl_typesupport_introspection_c
[0.771s] -- Using all available rosidl_typesupport_cpp: rosidl_typesupport_fastrtps_cpp;rosidl_typesupport_introspection_cpp
[0.858s] -- Found rmw_implementation_cmake: 6.1.2 (/opt/ros/humble/share/rmw_implementation_cmake/cmake)
[0.863s] -- Found rmw_fastrtps_cpp: 6.2.9 (/opt/ros/humble/share/rmw_fastrtps_cpp/cmake)
[1.121s] -- Using RMW implementation 'rmw_fastrtps_cpp' as default
[1.258s] [31mCMake Error at CMakeLists.txt:12 (find_package):
[1.258s]   By not providing "Findmy_interface.cmake" in CMAKE_MODULE_PATH this project
[1.258s]   has asked CMake to find a package configuration file provided by
[1.258s]   "my_interface", but CMake did not find one.
[1.258s] 
[1.258s]   Could not find a package configuration file provided by "my_interface" with
[1.258s]   any of the following names:
[1.258s] 
[1.258s]     my_interfaceConfig.cmake
[1.258s]     my_interface-config.cmake
[1.258s] 
[1.258s]   Add the installation prefix of "my_interface" to CMAKE_PREFIX_PATH or set
[1.258s]   "my_interface_DIR" to a directory containing one of the above files.  If
[1.259s]   "my_interface" provides a separate development package or SDK, be sure it
[1.259s]   has been installed.
[1.259s] 
[1.259s] [0m
[1.259s] -- Configuring incomplete, errors occurred!
[1.259s] See also "/home/wublabdubdub/Learn/DFG/Ros2_WS/build/topic/CMakeFiles/CMakeOutput.log".
[1.283s] gmake: *** [Makefile:308：cmake_check_build_system] 错误 1
[1.290s] Invoked command in '/home/wublabdubdub/Learn/DFG/Ros2_WS/build/topic' returned '2': CMAKE_PREFIX_PATH=/opt/ros/humble /usr/bin/cmake --build /home/wublabdubdub/Learn/DFG/Ros2_WS/build/topic -- -j2 -l2
