[35m[1mConsolidate compiler generated dependencies of target dynamic_tf_broadcaster[0m
[ 25%] [32mBuilding CXX object CMakeFiles/dynamic_tf_broadcaster.dir/src/dynamic_tf.cpp.o[0m
[ 75%] Built target static_tf_broadcaster
[100%] [32m[1mLinking CXX executable dynamic_tf_broadcaster[0m
[100%] Built target dynamic_tf_broadcaster
-- Install configuration: ""
-- Installing: /home/wublabdubdub/Learn/DFG/Ros2_WS/install/demo_tf/lib/demo_tf/static_tf_broadcaster
-- Set runtime path of "/home/wublabdubdub/Learn/DFG/Ros2_WS/install/demo_tf/lib/demo_tf/static_tf_broadcaster" to ""
-- Installing: /home/wublabdubdub/Learn/DFG/Ros2_WS/install/demo_tf/lib/demo_tf/dynamic_tf_broadcaster
-- Set runtime path of "/home/wublabdubdub/Learn/DFG/Ros2_WS/install/demo_tf/lib/demo_tf/dynamic_tf_broadcaster" to ""
-- Installing: /home/wublabdubdub/Learn/DFG/Ros2_WS/install/demo_tf/share/ament_index/resource_index/package_run_dependencies/demo_tf
-- Installing: /home/wublabdubdub/Learn/DFG/Ros2_WS/install/demo_tf/share/ament_index/resource_index/parent_prefix_path/demo_tf
-- Installing: /home/wublabdubdub/Learn/DFG/Ros2_WS/install/demo_tf/share/demo_tf/environment/ament_prefix_path.sh
-- Installing: /home/wublabdubdub/Learn/DFG/Ros2_WS/install/demo_tf/share/demo_tf/environment/ament_prefix_path.dsv
-- Installing: /home/wublabdubdub/Learn/DFG/Ros2_WS/install/demo_tf/share/demo_tf/environment/path.sh
-- Installing: /home/wublabdubdub/Learn/DFG/Ros2_WS/install/demo_tf/share/demo_tf/environment/path.dsv
-- Installing: /home/wublabdubdub/Learn/DFG/Ros2_WS/install/demo_tf/share/demo_tf/local_setup.bash
-- Installing: /home/wublabdubdub/Learn/DFG/Ros2_WS/install/demo_tf/share/demo_tf/local_setup.sh
-- Installing: /home/wublabdubdub/Learn/DFG/Ros2_WS/install/demo_tf/share/demo_tf/local_setup.zsh
-- Installing: /home/wublabdubdub/Learn/DFG/Ros2_WS/install/demo_tf/share/demo_tf/local_setup.dsv
-- Installing: /home/wublabdubdub/Learn/DFG/Ros2_WS/install/demo_tf/share/demo_tf/package.dsv
-- Installing: /home/wublabdubdub/Learn/DFG/Ros2_WS/install/demo_tf/share/ament_index/resource_index/packages/demo_tf
-- Installing: /home/wublabdubdub/Learn/DFG/Ros2_WS/install/demo_tf/share/demo_tf/cmake/demo_tfConfig.cmake
-- Installing: /home/wublabdubdub/Learn/DFG/Ros2_WS/install/demo_tf/share/demo_tf/cmake/demo_tfConfig-version.cmake
-- Installing: /home/wublabdubdub/Learn/DFG/Ros2_WS/install/demo_tf/share/demo_tf/package.xml
