[0.024s] Invoking command in '/home/wublabdubdub/Learn/DFG/build/robot_description': CMAKE_PREFIX_PATH=${CMAKE_PREFIX_PATH}:/opt/ros/humble /usr/bin/cmake /home/wublabdubdub/Learn/DFG/Ros2_WS/src/robot_description -DCMAKE_INSTALL_PREFIX=/home/wublabdubdub/Learn/DFG/install/robot_description
[0.250s] -- The C compiler identification is GNU 11.4.0
[0.555s] -- The CXX compiler identification is GNU 11.4.0
[0.597s] -- Detecting C compiler ABI info
[0.807s] -- Detecting C compiler ABI info - done
[0.814s] -- Check for working C compiler: /usr/bin/cc - skipped
[0.816s] -- Detecting C compile features
[0.820s] -- Detecting C compile features - done
[0.828s] -- Detecting CXX compiler ABI info
[0.982s] -- Detecting CXX compiler ABI info - done
[0.989s] -- Check for working CXX compiler: /usr/bin/c++ - skipped
[0.989s] -- Detecting CXX compile features
[0.990s] -- Detecting CXX compile features - done
[0.997s] -- Found ament_cmake: 1.3.12 (/opt/ros/humble/share/ament_cmake/cmake)
[1.324s] -- Found Python3: /usr/bin/python3 (found version "3.10.12") found components: Interpreter 
[1.626s] -- Found ament_lint_auto: 0.12.14 (/opt/ros/humble/share/ament_lint_auto/cmake)
[1.838s] -- Added test 'flake8' to check Python code syntax and style conventions
[1.845s] -- Added test 'lint_cmake' to check CMake code style
[1.845s] -- Added test 'pep257' to check Python code against some of the docstring style conventions in PEP 257
[1.855s] -- Added test 'xmllint' to check XML markup files
[1.860s] -- Configuring done
[1.874s] -- Generating done
[1.878s] -- Build files have been written to: /home/wublabdubdub/Learn/DFG/build/robot_description
[1.892s] Invoked command in '/home/wublabdubdub/Learn/DFG/build/robot_description' returned '0': CMAKE_PREFIX_PATH=${CMAKE_PREFIX_PATH}:/opt/ros/humble /usr/bin/cmake /home/wublabdubdub/Learn/DFG/Ros2_WS/src/robot_description -DCMAKE_INSTALL_PREFIX=/home/wublabdubdub/Learn/DFG/install/robot_description
[1.893s] Invoking command in '/home/wublabdubdub/Learn/DFG/build/robot_description': CMAKE_PREFIX_PATH=${CMAKE_PREFIX_PATH}:/opt/ros/humble /usr/bin/cmake --build /home/wublabdubdub/Learn/DFG/build/robot_description -- -j2 -l2
[1.999s] Invoked command in '/home/wublabdubdub/Learn/DFG/build/robot_description' returned '0': CMAKE_PREFIX_PATH=${CMAKE_PREFIX_PATH}:/opt/ros/humble /usr/bin/cmake --build /home/wublabdubdub/Learn/DFG/build/robot_description -- -j2 -l2
[2.026s] Invoking command in '/home/wublabdubdub/Learn/DFG/build/robot_description': CMAKE_PREFIX_PATH=${CMAKE_PREFIX_PATH}:/opt/ros/humble /usr/bin/cmake --install /home/wublabdubdub/Learn/DFG/build/robot_description
[2.063s] -- Install configuration: ""
[2.065s] -- Installing: /home/wublabdubdub/Learn/DFG/install/robot_description/share/robot_description/launch
[2.065s] -- Installing: /home/wublabdubdub/Learn/DFG/install/robot_description/share/robot_description/launch/gazebo_sim.launch.py
[2.066s] -- Installing: /home/wublabdubdub/Learn/DFG/install/robot_description/share/robot_description/launch/display_robot.launch.py
[2.066s] -- Installing: /home/wublabdubdub/Learn/DFG/install/robot_description/share/robot_description/urdf
[2.067s] -- Installing: /home/wublabdubdub/Learn/DFG/install/robot_description/share/robot_description/urdf/first_robot.urdf
[2.068s] -- Installing: /home/wublabdubdub/Learn/DFG/install/robot_description/share/robot_description/urdf/fishbot
[2.068s] -- Installing: /home/wublabdubdub/Learn/DFG/install/robot_description/share/robot_description/urdf/fishbot/sensor
[2.068s] -- Installing: /home/wublabdubdub/Learn/DFG/install/robot_description/share/robot_description/urdf/fishbot/sensor/camera.urdf.xacro
[2.071s] -- Installing: /home/wublabdubdub/Learn/DFG/install/robot_description/share/robot_description/urdf/fishbot/sensor/imu.urdf.xacro
[2.073s] -- Installing: /home/wublabdubdub/Learn/DFG/install/robot_description/share/robot_description/urdf/fishbot/sensor/laser.urdf.xacro
[2.074s] -- Installing: /home/wublabdubdub/Learn/DFG/install/robot_description/share/robot_description/urdf/fishbot/commom_inertial.xacro
[2.075s] -- Installing: /home/wublabdubdub/Learn/DFG/install/robot_description/share/robot_description/urdf/fishbot/base.urdf.xacro
[2.077s] -- Installing: /home/wublabdubdub/Learn/DFG/install/robot_description/share/robot_description/urdf/fishbot/actuator
[2.077s] -- Installing: /home/wublabdubdub/Learn/DFG/install/robot_description/share/robot_description/urdf/fishbot/actuator/wheel.urdf.xacro
[2.078s] -- Installing: /home/wublabdubdub/Learn/DFG/install/robot_description/share/robot_description/urdf/fishbot/actuator/caster.urdf.xacro
[2.080s] -- Installing: /home/wublabdubdub/Learn/DFG/install/robot_description/share/robot_description/urdf/fishbot/fishbot.urdf.xacro
[2.080s] -- Installing: /home/wublabdubdub/Learn/DFG/install/robot_description/share/robot_description/urdf/fishbot/plugins
[2.081s] -- Installing: /home/wublabdubdub/Learn/DFG/install/robot_description/share/robot_description/urdf/fishbot/plugins/gazebo_sensor_plugin.xacro
[2.081s] -- Installing: /home/wublabdubdub/Learn/DFG/install/robot_description/share/robot_description/urdf/fishbot/plugins/gazebo_control_plugin.xacro
[2.081s] -- Installing: /home/wublabdubdub/Learn/DFG/install/robot_description/share/robot_description/urdf/first_robot.gv
[2.081s] -- Installing: /home/wublabdubdub/Learn/DFG/install/robot_description/share/robot_description/urdf/first_robot.xacro
[2.081s] -- Installing: /home/wublabdubdub/Learn/DFG/install/robot_description/share/robot_description/urdf/first_robot.pdf
[2.081s] -- Installing: /home/wublabdubdub/Learn/DFG/install/robot_description/share/robot_description/world
[2.081s] -- Installing: /home/wublabdubdub/Learn/DFG/install/robot_description/share/robot_description/world/room
[2.082s] -- Installing: /home/wublabdubdub/Learn/DFG/install/robot_description/share/robot_description/world/room/model.config
[2.082s] -- Installing: /home/wublabdubdub/Learn/DFG/install/robot_description/share/robot_description/world/room/model.sdf
[2.083s] -- Installing: /home/wublabdubdub/Learn/DFG/install/robot_description/share/robot_description/world/custom_room.world
[2.085s] -- Installing: /home/wublabdubdub/Learn/DFG/install/robot_description/share/ament_index/resource_index/package_run_dependencies/robot_description
[2.085s] -- Installing: /home/wublabdubdub/Learn/DFG/install/robot_description/share/ament_index/resource_index/parent_prefix_path/robot_description
[2.086s] -- Installing: /home/wublabdubdub/Learn/DFG/install/robot_description/share/robot_description/environment/ament_prefix_path.sh
[2.086s] -- Installing: /home/wublabdubdub/Learn/DFG/install/robot_description/share/robot_description/environment/ament_prefix_path.dsv
[2.087s] -- Installing: /home/wublabdubdub/Learn/DFG/install/robot_description/share/robot_description/environment/path.sh
[2.087s] -- Installing: /home/wublabdubdub/Learn/DFG/install/robot_description/share/robot_description/environment/path.dsv
[2.087s] -- Installing: /home/wublabdubdub/Learn/DFG/install/robot_description/share/robot_description/local_setup.bash
[2.088s] -- Installing: /home/wublabdubdub/Learn/DFG/install/robot_description/share/robot_description/local_setup.sh
[2.088s] -- Installing: /home/wublabdubdub/Learn/DFG/install/robot_description/share/robot_description/local_setup.zsh
[2.088s] -- Installing: /home/wublabdubdub/Learn/DFG/install/robot_description/share/robot_description/local_setup.dsv
[2.088s] -- Installing: /home/wublabdubdub/Learn/DFG/install/robot_description/share/robot_description/package.dsv
[2.088s] -- Installing: /home/wublabdubdub/Learn/DFG/install/robot_description/share/ament_index/resource_index/packages/robot_description
[2.088s] -- Installing: /home/wublabdubdub/Learn/DFG/install/robot_description/share/robot_description/cmake/robot_descriptionConfig.cmake
[2.088s] -- Installing: /home/wublabdubdub/Learn/DFG/install/robot_description/share/robot_description/cmake/robot_descriptionConfig-version.cmake
[2.090s] -- Installing: /home/wublabdubdub/Learn/DFG/install/robot_description/share/robot_description/package.xml
[2.094s] Invoked command in '/home/wublabdubdub/Learn/DFG/build/robot_description' returned '0': CMAKE_PREFIX_PATH=${CMAKE_PREFIX_PATH}:/opt/ros/humble /usr/bin/cmake --install /home/wublabdubdub/Learn/DFG/build/robot_description
