-- Found ament_cmake: 1.3.12 (/opt/ros/humble/share/ament_cmake/cmake)
-- Found rclcpp: 16.0.15 (/opt/ros/humble/share/rclcpp/cmake)
-- Found rosidl_generator_c: 3.1.7 (/opt/ros/humble/share/rosidl_generator_c/cmake)
-- Found rosidl_adapter: 3.1.7 (/opt/ros/humble/share/rosidl_adapter/cmake)
-- Found rosidl_generator_cpp: 3.1.7 (/opt/ros/humble/share/rosidl_generator_cpp/cmake)
-- Using all available rosidl_typesupport_c: rosidl_typesupport_fastrtps_c;rosidl_typesupport_introspection_c
-- Using all available rosidl_typesupport_cpp: rosidl_typesupport_fastrtps_cpp;rosidl_typesupport_introspection_cpp
-- Found rmw_implementation_cmake: 6.1.2 (/opt/ros/humble/share/rmw_implementation_cmake/cmake)
-- Found rmw_fastrtps_cpp: 6.2.9 (/opt/ros/humble/share/rmw_fastrtps_cpp/cmake)
-- Using RMW implementation 'rmw_fastrtps_cpp' as default
-- Found tf2_ros: 0.25.16 (/opt/ros/humble/share/tf2_ros/cmake)
-- Found tf2_geometry_msgs: 0.25.16 (/opt/ros/humble/share/tf2_geometry_msgs/cmake)
-- Found eigen3_cmake_module: 0.1.1 (/opt/ros/humble/share/eigen3_cmake_module/cmake)
-- Ensuring Eigen3 include directory is part of orocos-kdl CMake target
-- Found ament_lint_auto: 0.12.14 (/opt/ros/humble/share/ament_lint_auto/cmake)
-- Added test 'cppcheck' to perform static code analysis on C / C++ code
-- Configured cppcheck include dirs: 
-- Configured cppcheck exclude dirs and/or files: 
-- Added test 'lint_cmake' to check CMake code style
-- Added test 'uncrustify' to check C / C++ code style
-- Configured uncrustify additional arguments: 
-- Added test 'xmllint' to check XML markup files
-- Configuring done
-- Generating done
-- Build files have been written to: /home/wublabdubdub/Learn/DFG/Ros2_WS/build/demo_tf
[ 25%] [32mBuilding CXX object CMakeFiles/static_tf_broadcaster.dir/src/static_tf.cpp.o[0m
[ 50%] [32mBuilding CXX object CMakeFiles/dynamic_tf_broadcaster.dir/src/dynamic_tf.cpp.o[0m
[01m[K/home/wublabdubdub/Learn/DFG/Ros2_WS/src/demo_tf/src/dynamic_tf.cpp:11:30:[m[K [01;31m[Kerror: [m[K‘[01m[KTransformBroadcaster[m[K’ is not a member of ‘[01m[Ktf2_ros[m[K’; did you mean ‘[01m[KStaticTransformBroadcaster[m[K’?
   11 |     std::shared_ptr<tf2_ros::[01;31m[KTransformBroadcaster[m[K> broadcaster_;
      |                              [01;31m[K^~~~~~~~~~~~~~~~~~~~[m[K
      |                              [32m[KStaticTransformBroadcaster[m[K
[01m[K/home/wublabdubdub/Learn/DFG/Ros2_WS/src/demo_tf/src/dynamic_tf.cpp:11:50:[m[K [01;31m[Kerror: [m[Ktemplate argument 1 is invalid
   11 |     std::shared_ptr<tf2_ros::TransformBroadcaster[01;31m[K>[m[K broadcaster_;
      |                                                  [01;31m[K^[m[K
[01m[K/home/wublabdubdub/Learn/DFG/Ros2_WS/src/demo_tf/src/dynamic_tf.cpp:[m[K In constructor ‘[01m[KDynamicTFBroadCaster::DynamicTFBroadCaster(std::string)[m[K’:
[01m[K/home/wublabdubdub/Learn/DFG/Ros2_WS/src/demo_tf/src/dynamic_tf.cpp:17:75:[m[K [01;31m[Kerror: [m[Kcannot convert ‘[01m[Kstd::shared_ptr<tf2_ros::StaticTransformBroadcaster>[m[K’ to ‘[01m[Kint[m[K’ in assignment
   17 |         broadcaster_=[01;31m[Kstd::make_shared<tf2_ros::StaticTransformBroadcaster>(this)[m[K;
      |                      [01;31m[K~~~~~~~~~~~~~~~~~~~~~~~~~~~~~~~~~~~~~~~~~~~~~~~~~~~~~^~~~~~[m[K
      |                                                                           [01;31m[K|[m[K
      |                                                                           [01;31m[Kstd::shared_ptr<tf2_ros::StaticTransformBroadcaster>[m[K
[01m[K/home/wublabdubdub/Learn/DFG/Ros2_WS/src/demo_tf/src/dynamic_tf.cpp:[m[K In member function ‘[01m[Kvoid DynamicTFBroadCaster::publish_tf()[m[K’:
[01m[K/home/wublabdubdub/Learn/DFG/Ros2_WS/src/demo_tf/src/dynamic_tf.cpp:34:27:[m[K [01;31m[Kerror: [m[Kbase operand of ‘[01m[K->[m[K’ is not a pointer
   34 |         this->broadcaster_[01;31m[K->[m[KsendTransform(tranform);
      |                           [01;31m[K^~[m[K
gmake[2]: *** [CMakeFiles/dynamic_tf_broadcaster.dir/build.make:76：CMakeFiles/dynamic_tf_broadcaster.dir/src/dynamic_tf.cpp.o] 错误 1
gmake[1]: *** [CMakeFiles/Makefile2:165：CMakeFiles/dynamic_tf_broadcaster.dir/all] 错误 2
gmake[1]: *** 正在等待未完成的任务....
[ 75%] [32m[1mLinking CXX executable static_tf_broadcaster[0m
[ 75%] Built target static_tf_broadcaster
gmake: *** [Makefile:146：all] 错误 2
