[0.033s] Invoking command in '/home/wublabdubdub/Learn/DFG/Ros2_WS/build/parameter': CMAKE_PREFIX_PATH=${CMAKE_PREFIX_PATH}:/opt/ros/humble /usr/bin/cmake /home/wublabdubdub/Learn/DFG/Ros2_WS/src/parameter -DCMAKE_INSTALL_PREFIX=/home/wublabdubdub/Learn/DFG/Ros2_WS/install/parameter
[0.071s] -- Found ament_cmake: 1.3.12 (/opt/ros/humble/share/ament_cmake/cmake)
[0.531s] -- Found rclcpp: 16.0.15 (/opt/ros/humble/share/rclcpp/cmake)
[0.607s] -- Found rosidl_generator_c: 3.1.7 (/opt/ros/humble/share/rosidl_generator_c/cmake)
[0.616s] -- Found rosidl_adapter: 3.1.7 (/opt/ros/humble/share/rosidl_adapter/cmake)
[0.637s] -- Found rosidl_generator_cpp: 3.1.7 (/opt/ros/humble/share/rosidl_generator_cpp/cmake)
[0.668s] -- Using all available rosidl_typesupport_c: rosidl_typesupport_fastrtps_c;rosidl_typesupport_introspection_c
[0.691s] -- Using all available rosidl_typesupport_cpp: rosidl_typesupport_fastrtps_cpp;rosidl_typesupport_introspection_cpp
[0.777s] -- Found rmw_implementation_cmake: 6.1.2 (/opt/ros/humble/share/rmw_implementation_cmake/cmake)
[0.778s] -- Found rmw_fastrtps_cpp: 6.2.9 (/opt/ros/humble/share/rmw_fastrtps_cpp/cmake)
[0.963s] -- Using RMW implementation 'rmw_fastrtps_cpp' as default
[1.065s] -- Found ament_lint_auto: 0.12.14 (/opt/ros/humble/share/ament_lint_auto/cmake)
[1.248s] -- Added test 'cppcheck' to perform static code analysis on C / C++ code
[1.248s] -- Configured cppcheck include dirs: 
[1.248s] -- Configured cppcheck exclude dirs and/or files: 
[1.250s] -- Added test 'lint_cmake' to check CMake code style
[1.251s] -- Added test 'uncrustify' to check C / C++ code style
[1.252s] -- Configured uncrustify additional arguments: 
[1.252s] -- Added test 'xmllint' to check XML markup files
[1.256s] -- Configuring done
[1.303s] -- Generating done
[1.313s] -- Build files have been written to: /home/wublabdubdub/Learn/DFG/Ros2_WS/build/parameter
[1.338s] Invoked command in '/home/wublabdubdub/Learn/DFG/Ros2_WS/build/parameter' returned '0': CMAKE_PREFIX_PATH=${CMAKE_PREFIX_PATH}:/opt/ros/humble /usr/bin/cmake /home/wublabdubdub/Learn/DFG/Ros2_WS/src/parameter -DCMAKE_INSTALL_PREFIX=/home/wublabdubdub/Learn/DFG/Ros2_WS/install/parameter
[1.339s] Invoking command in '/home/wublabdubdub/Learn/DFG/Ros2_WS/build/parameter': CMAKE_PREFIX_PATH=${CMAKE_PREFIX_PATH}:/opt/ros/humble /usr/bin/cmake --build /home/wublabdubdub/Learn/DFG/Ros2_WS/build/parameter -- -j2 -l2
[1.585s] [ 50%] [32mBuilding CXX object CMakeFiles/parameter.dir/src/parameter_basic.cpp.o[0m
[9.004s] [100%] [32m[1mLinking CXX executable parameter[0m
[9.354s] [100%] Built target parameter
[9.394s] Invoked command in '/home/wublabdubdub/Learn/DFG/Ros2_WS/build/parameter' returned '0': CMAKE_PREFIX_PATH=${CMAKE_PREFIX_PATH}:/opt/ros/humble /usr/bin/cmake --build /home/wublabdubdub/Learn/DFG/Ros2_WS/build/parameter -- -j2 -l2
[9.440s] Invoking command in '/home/wublabdubdub/Learn/DFG/Ros2_WS/build/parameter': CMAKE_PREFIX_PATH=${CMAKE_PREFIX_PATH}:/opt/ros/humble /usr/bin/cmake --install /home/wublabdubdub/Learn/DFG/Ros2_WS/build/parameter
[9.469s] -- Install configuration: ""
[9.470s] -- Installing: /home/wublabdubdub/Learn/DFG/Ros2_WS/install/parameter/lib/parameter/parameter
[9.472s] -- Set runtime path of "/home/wublabdubdub/Learn/DFG/Ros2_WS/install/parameter/lib/parameter/parameter" to ""
[9.472s] -- Installing: /home/wublabdubdub/Learn/DFG/Ros2_WS/install/parameter/share/ament_index/resource_index/package_run_dependencies/parameter
[9.476s] -- Installing: /home/wublabdubdub/Learn/DFG/Ros2_WS/install/parameter/share/ament_index/resource_index/parent_prefix_path/parameter
[9.477s] -- Installing: /home/wublabdubdub/Learn/DFG/Ros2_WS/install/parameter/share/parameter/environment/ament_prefix_path.sh
[9.477s] -- Installing: /home/wublabdubdub/Learn/DFG/Ros2_WS/install/parameter/share/parameter/environment/ament_prefix_path.dsv
[9.477s] -- Installing: /home/wublabdubdub/Learn/DFG/Ros2_WS/install/parameter/share/parameter/environment/path.sh
[9.477s] -- Installing: /home/wublabdubdub/Learn/DFG/Ros2_WS/install/parameter/share/parameter/environment/path.dsv
[9.477s] -- Installing: /home/wublabdubdub/Learn/DFG/Ros2_WS/install/parameter/share/parameter/local_setup.bash
[9.477s] -- Installing: /home/wublabdubdub/Learn/DFG/Ros2_WS/install/parameter/share/parameter/local_setup.sh
[9.477s] -- Installing: /home/wublabdubdub/Learn/DFG/Ros2_WS/install/parameter/share/parameter/local_setup.zsh
[9.480s] -- Installing: /home/wublabdubdub/Learn/DFG/Ros2_WS/install/parameter/share/parameter/local_setup.dsv
[9.480s] -- Installing: /home/wublabdubdub/Learn/DFG/Ros2_WS/install/parameter/share/parameter/package.dsv
[9.481s] -- Installing: /home/wublabdubdub/Learn/DFG/Ros2_WS/install/parameter/share/ament_index/resource_index/packages/parameter
[9.481s] -- Installing: /home/wublabdubdub/Learn/DFG/Ros2_WS/install/parameter/share/parameter/cmake/parameterConfig.cmake
[9.482s] -- Installing: /home/wublabdubdub/Learn/DFG/Ros2_WS/install/parameter/share/parameter/cmake/parameterConfig-version.cmake
[9.485s] -- Installing: /home/wublabdubdub/Learn/DFG/Ros2_WS/install/parameter/share/parameter/package.xml
[9.491s] Invoked command in '/home/wublabdubdub/Learn/DFG/Ros2_WS/build/parameter' returned '0': CMAKE_PREFIX_PATH=${CMAKE_PREFIX_PATH}:/opt/ros/humble /usr/bin/cmake --install /home/wublabdubdub/Learn/DFG/Ros2_WS/build/parameter
