[0.659s] DEBUG:colcon:Command line arguments: ['/usr/bin/colcon', 'build', '--packages-select', 'robot_desciption']
[0.660s] DEBUG:colcon:Parsed command line arguments: Namespace(log_base=None, log_level=None, verb_name='build', build_base='build', install_base='install', merge_install=False, symlink_install=False, test_result_base=None, continue_on_error=False, executor='parallel', parallel_workers=2, event_handlers=None, ignore_user_meta=False, metas=['./colcon.meta'], base_paths=['.'], packages_ignore=None, packages_ignore_regex=None, paths=None, packages_up_to=None, packages_up_to_regex=None, packages_above=None, packages_above_and_dependencies=None, packages_above_depth=None, packages_select_by_dep=None, packages_skip_by_dep=None, packages_skip_up_to=None, packages_select_build_failed=False, packages_skip_build_finished=False, packages_select_test_failures=False, packages_skip_test_passed=False, packages_select=['robot_desciption'], packages_skip=None, packages_select_regex=None, packages_skip_regex=None, packages_start=None, packages_end=None, allow_overriding=[], cmake_args=None, cmake_target=None, cmake_target_skip_unavailable=False, cmake_clean_cache=False, cmake_clean_first=False, cmake_force_configure=False, ament_cmake_args=None, catkin_cmake_args=None, catkin_skip_building_tests=False, verb_parser=<colcon_defaults.argument_parser.defaults.DefaultArgumentsDecorator object at 0x7bdd5dfa7880>, verb_extension=<colcon_core.verb.build.BuildVerb object at 0x7bdd5e170c40>, main=<bound method BuildVerb.main of <colcon_core.verb.build.BuildVerb object at 0x7bdd5e170c40>>)
[1.469s] Level 1:colcon.colcon_core.package_discovery:discover_packages(colcon_meta) check parameters
[1.469s] Level 1:colcon.colcon_core.package_discovery:discover_packages(recursive) check parameters
[1.469s] Level 1:colcon.colcon_core.package_discovery:discover_packages(ignore) check parameters
[1.469s] Level 1:colcon.colcon_core.package_discovery:discover_packages(path) check parameters
[1.469s] Level 1:colcon.colcon_core.package_discovery:discover_packages(colcon_meta) discover
[1.469s] Level 1:colcon.colcon_core.package_discovery:discover_packages(recursive) discover
[1.470s] INFO:colcon.colcon_core.package_discovery:Crawling recursively for packages in '/home/wublabdubdub/Learn/DFG/Ros2_WS'
[1.470s] Level 1:colcon.colcon_core.package_identification:_identify(.) by extensions ['ignore', 'ignore_ament_install']
[1.470s] Level 1:colcon.colcon_core.package_identification:_identify(.) by extension 'ignore'
[1.470s] Level 1:colcon.colcon_core.package_identification:_identify(.) by extension 'ignore_ament_install'
[1.470s] Level 1:colcon.colcon_core.package_identification:_identify(.) by extensions ['colcon_pkg']
[1.470s] Level 1:colcon.colcon_core.package_identification:_identify(.) by extension 'colcon_pkg'
[1.470s] Level 1:colcon.colcon_core.package_identification:_identify(.) by extensions ['colcon_meta']
[1.470s] Level 1:colcon.colcon_core.package_identification:_identify(.) by extension 'colcon_meta'
[1.470s] Level 1:colcon.colcon_core.package_identification:_identify(.) by extensions ['ros']
[1.470s] Level 1:colcon.colcon_core.package_identification:_identify(.) by extension 'ros'
[1.493s] Level 1:colcon.colcon_core.package_identification:_identify(.) by extensions ['cmake', 'python']
[1.493s] Level 1:colcon.colcon_core.package_identification:_identify(.) by extension 'cmake'
[1.493s] Level 1:colcon.colcon_core.package_identification:_identify(.) by extension 'python'
[1.493s] Level 1:colcon.colcon_core.package_identification:_identify(.) by extensions ['python_setup_py']
[1.493s] Level 1:colcon.colcon_core.package_identification:_identify(.) by extension 'python_setup_py'
[1.493s] Level 1:colcon.colcon_core.package_identification:_identify(build) by extensions ['ignore', 'ignore_ament_install']
[1.493s] Level 1:colcon.colcon_core.package_identification:_identify(build) by extension 'ignore'
[1.493s] Level 1:colcon.colcon_core.package_identification:_identify(build) ignored
[1.494s] Level 1:colcon.colcon_core.package_identification:_identify(install) by extensions ['ignore', 'ignore_ament_install']
[1.494s] Level 1:colcon.colcon_core.package_identification:_identify(install) by extension 'ignore'
[1.494s] Level 1:colcon.colcon_core.package_identification:_identify(install) ignored
[1.494s] Level 1:colcon.colcon_core.package_identification:_identify(log) by extensions ['ignore', 'ignore_ament_install']
[1.494s] Level 1:colcon.colcon_core.package_identification:_identify(log) by extension 'ignore'
[1.494s] Level 1:colcon.colcon_core.package_identification:_identify(log) ignored
[1.494s] Level 1:colcon.colcon_core.package_identification:_identify(src) by extensions ['ignore', 'ignore_ament_install']
[1.494s] Level 1:colcon.colcon_core.package_identification:_identify(src) by extension 'ignore'
[1.494s] Level 1:colcon.colcon_core.package_identification:_identify(src) by extension 'ignore_ament_install'
[1.495s] Level 1:colcon.colcon_core.package_identification:_identify(src) by extensions ['colcon_pkg']
[1.495s] Level 1:colcon.colcon_core.package_identification:_identify(src) by extension 'colcon_pkg'
[1.495s] Level 1:colcon.colcon_core.package_identification:_identify(src) by extensions ['colcon_meta']
[1.495s] Level 1:colcon.colcon_core.package_identification:_identify(src) by extension 'colcon_meta'
[1.495s] Level 1:colcon.colcon_core.package_identification:_identify(src) by extensions ['ros']
[1.495s] Level 1:colcon.colcon_core.package_identification:_identify(src) by extension 'ros'
[1.495s] Level 1:colcon.colcon_core.package_identification:_identify(src) by extensions ['cmake', 'python']
[1.495s] Level 1:colcon.colcon_core.package_identification:_identify(src) by extension 'cmake'
[1.495s] Level 1:colcon.colcon_core.package_identification:_identify(src) by extension 'python'
[1.495s] Level 1:colcon.colcon_core.package_identification:_identify(src) by extensions ['python_setup_py']
[1.495s] Level 1:colcon.colcon_core.package_identification:_identify(src) by extension 'python_setup_py'
[1.495s] Level 1:colcon.colcon_core.package_identification:_identify(src/demo_tf) by extensions ['ignore', 'ignore_ament_install']
[1.495s] Level 1:colcon.colcon_core.package_identification:_identify(src/demo_tf) by extension 'ignore'
[1.495s] Level 1:colcon.colcon_core.package_identification:_identify(src/demo_tf) by extension 'ignore_ament_install'
[1.495s] Level 1:colcon.colcon_core.package_identification:_identify(src/demo_tf) by extensions ['colcon_pkg']
[1.495s] Level 1:colcon.colcon_core.package_identification:_identify(src/demo_tf) by extension 'colcon_pkg'
[1.495s] Level 1:colcon.colcon_core.package_identification:_identify(src/demo_tf) by extensions ['colcon_meta']
[1.495s] Level 1:colcon.colcon_core.package_identification:_identify(src/demo_tf) by extension 'colcon_meta'
[1.495s] Level 1:colcon.colcon_core.package_identification:_identify(src/demo_tf) by extensions ['ros']
[1.495s] Level 1:colcon.colcon_core.package_identification:_identify(src/demo_tf) by extension 'ros'
[1.507s] DEBUG:colcon.colcon_core.package_identification:Package 'src/demo_tf' with type 'ros.ament_cmake' and name 'demo_tf'
[1.507s] Level 1:colcon.colcon_core.package_identification:_identify(src/my_interface) by extensions ['ignore', 'ignore_ament_install']
[1.507s] Level 1:colcon.colcon_core.package_identification:_identify(src/my_interface) by extension 'ignore'
[1.507s] Level 1:colcon.colcon_core.package_identification:_identify(src/my_interface) by extension 'ignore_ament_install'
[1.507s] Level 1:colcon.colcon_core.package_identification:_identify(src/my_interface) by extensions ['colcon_pkg']
[1.507s] Level 1:colcon.colcon_core.package_identification:_identify(src/my_interface) by extension 'colcon_pkg'
[1.507s] Level 1:colcon.colcon_core.package_identification:_identify(src/my_interface) by extensions ['colcon_meta']
[1.507s] Level 1:colcon.colcon_core.package_identification:_identify(src/my_interface) by extension 'colcon_meta'
[1.507s] Level 1:colcon.colcon_core.package_identification:_identify(src/my_interface) by extensions ['ros']
[1.507s] Level 1:colcon.colcon_core.package_identification:_identify(src/my_interface) by extension 'ros'
[1.512s] DEBUG:colcon.colcon_core.package_identification:Package 'src/my_interface' with type 'ros.ament_cmake' and name 'my_interface'
[1.513s] Level 1:colcon.colcon_core.package_identification:_identify(src/parameter) by extensions ['ignore', 'ignore_ament_install']
[1.513s] Level 1:colcon.colcon_core.package_identification:_identify(src/parameter) by extension 'ignore'
[1.513s] Level 1:colcon.colcon_core.package_identification:_identify(src/parameter) by extension 'ignore_ament_install'
[1.513s] Level 1:colcon.colcon_core.package_identification:_identify(src/parameter) by extensions ['colcon_pkg']
[1.513s] Level 1:colcon.colcon_core.package_identification:_identify(src/parameter) by extension 'colcon_pkg'
[1.513s] Level 1:colcon.colcon_core.package_identification:_identify(src/parameter) by extensions ['colcon_meta']
[1.513s] Level 1:colcon.colcon_core.package_identification:_identify(src/parameter) by extension 'colcon_meta'
[1.513s] Level 1:colcon.colcon_core.package_identification:_identify(src/parameter) by extensions ['ros']
[1.513s] Level 1:colcon.colcon_core.package_identification:_identify(src/parameter) by extension 'ros'
[1.515s] DEBUG:colcon.colcon_core.package_identification:Package 'src/parameter' with type 'ros.ament_cmake' and name 'parameter'
[1.515s] Level 1:colcon.colcon_core.package_identification:_identify(src/robot_description) by extensions ['ignore', 'ignore_ament_install']
[1.515s] Level 1:colcon.colcon_core.package_identification:_identify(src/robot_description) by extension 'ignore'
[1.515s] Level 1:colcon.colcon_core.package_identification:_identify(src/robot_description) by extension 'ignore_ament_install'
[1.515s] Level 1:colcon.colcon_core.package_identification:_identify(src/robot_description) by extensions ['colcon_pkg']
[1.515s] Level 1:colcon.colcon_core.package_identification:_identify(src/robot_description) by extension 'colcon_pkg'
[1.515s] Level 1:colcon.colcon_core.package_identification:_identify(src/robot_description) by extensions ['colcon_meta']
[1.515s] Level 1:colcon.colcon_core.package_identification:_identify(src/robot_description) by extension 'colcon_meta'
[1.515s] Level 1:colcon.colcon_core.package_identification:_identify(src/robot_description) by extensions ['ros']
[1.515s] Level 1:colcon.colcon_core.package_identification:_identify(src/robot_description) by extension 'ros'
[1.516s] DEBUG:colcon.colcon_core.package_identification:Package 'src/robot_description' with type 'ros.ament_cmake' and name 'robot_description'
[1.517s] Level 1:colcon.colcon_core.package_identification:_identify(src/service) by extensions ['ignore', 'ignore_ament_install']
[1.517s] Level 1:colcon.colcon_core.package_identification:_identify(src/service) by extension 'ignore'
[1.517s] Level 1:colcon.colcon_core.package_identification:_identify(src/service) by extension 'ignore_ament_install'
[1.517s] Level 1:colcon.colcon_core.package_identification:_identify(src/service) by extensions ['colcon_pkg']
[1.517s] Level 1:colcon.colcon_core.package_identification:_identify(src/service) by extension 'colcon_pkg'
[1.517s] Level 1:colcon.colcon_core.package_identification:_identify(src/service) by extensions ['colcon_meta']
[1.517s] Level 1:colcon.colcon_core.package_identification:_identify(src/service) by extension 'colcon_meta'
[1.517s] Level 1:colcon.colcon_core.package_identification:_identify(src/service) by extensions ['ros']
[1.517s] Level 1:colcon.colcon_core.package_identification:_identify(src/service) by extension 'ros'
[1.520s] DEBUG:colcon.colcon_core.package_identification:Package 'src/service' with type 'ros.ament_cmake' and name 'service'
[1.520s] Level 1:colcon.colcon_core.package_identification:_identify(src/topic) by extensions ['ignore', 'ignore_ament_install']
[1.521s] Level 1:colcon.colcon_core.package_identification:_identify(src/topic) by extension 'ignore'
[1.521s] Level 1:colcon.colcon_core.package_identification:_identify(src/topic) by extension 'ignore_ament_install'
[1.521s] Level 1:colcon.colcon_core.package_identification:_identify(src/topic) by extensions ['colcon_pkg']
[1.521s] Level 1:colcon.colcon_core.package_identification:_identify(src/topic) by extension 'colcon_pkg'
[1.521s] Level 1:colcon.colcon_core.package_identification:_identify(src/topic) by extensions ['colcon_meta']
[1.521s] Level 1:colcon.colcon_core.package_identification:_identify(src/topic) by extension 'colcon_meta'
[1.521s] Level 1:colcon.colcon_core.package_identification:_identify(src/topic) by extensions ['ros']
[1.521s] Level 1:colcon.colcon_core.package_identification:_identify(src/topic) by extension 'ros'
[1.523s] DEBUG:colcon.colcon_core.package_identification:Package 'src/topic' with type 'ros.ament_cmake' and name 'topic'
[1.523s] Level 1:colcon.colcon_core.package_discovery:discover_packages(recursive) using defaults
[1.523s] Level 1:colcon.colcon_core.package_discovery:discover_packages(ignore) discover
[1.523s] Level 1:colcon.colcon_core.package_discovery:discover_packages(ignore) using defaults
[1.523s] Level 1:colcon.colcon_core.package_discovery:discover_packages(path) discover
[1.523s] Level 1:colcon.colcon_core.package_discovery:discover_packages(path) using defaults
[1.523s] WARNING:colcon.colcon_core.package_selection:ignoring unknown package 'robot_desciption' in --packages-select
[1.581s] INFO:colcon.colcon_core.package_selection:Skipping not selected package 'demo_tf' in 'src/demo_tf'
[1.581s] INFO:colcon.colcon_core.package_selection:Skipping not selected package 'my_interface' in 'src/my_interface'
[1.581s] INFO:colcon.colcon_core.package_selection:Skipping not selected package 'parameter' in 'src/parameter'
[1.581s] INFO:colcon.colcon_core.package_selection:Skipping not selected package 'robot_description' in 'src/robot_description'
[1.581s] INFO:colcon.colcon_core.package_selection:Skipping not selected package 'service' in 'src/service'
[1.581s] INFO:colcon.colcon_core.package_selection:Skipping not selected package 'topic' in 'src/topic'
[1.583s] Level 1:colcon.colcon_core.package_discovery:discover_packages(prefix_path) check parameters
[1.583s] Level 1:colcon.colcon_core.package_discovery:discover_packages(prefix_path) discover
[1.592s] DEBUG:colcon.colcon_installed_package_information.package_discovery:Found 6 installed packages in /home/wublabdubdub/Learn/DFG/Ros2_WS/install
[1.593s] DEBUG:colcon.colcon_installed_package_information.package_discovery:Found 281 installed packages in /opt/ros/humble
[1.608s] Level 1:colcon.colcon_core.package_discovery:discover_packages(prefix_path) using defaults
[1.652s] INFO:colcon.colcon_core.executor:Executing jobs using 'parallel' executor
[1.654s] DEBUG:colcon.colcon_parallel_executor.executor.parallel:run_until_complete
[1.654s] DEBUG:colcon.colcon_parallel_executor.executor.parallel:closing loop
[1.654s] DEBUG:colcon.colcon_parallel_executor.executor.parallel:loop closed
[1.654s] DEBUG:colcon.colcon_parallel_executor.executor.parallel:run_until_complete finished with '0'
[1.654s] DEBUG:colcon.colcon_core.event_reactor:joining thread
[1.668s] INFO:colcon.colcon_core.plugin_system:Skipping extension 'colcon_notification.desktop_notification.terminal_notifier': Not used on non-Darwin systems
[1.668s] INFO:colcon.colcon_core.plugin_system:Skipping extension 'colcon_notification.desktop_notification.win32': Not used on non-Windows systems
[1.668s] INFO:colcon.colcon_notification.desktop_notification:Sending desktop notification using 'notify2'
[1.709s] DEBUG:colcon.colcon_core.event_reactor:joined thread
[1.723s] INFO:colcon.colcon_core.plugin_system:Skipping extension 'colcon_core.shell.bat': Not used on non-Windows systems
[1.723s] INFO:colcon.colcon_core.shell:Creating prefix script '/home/wublabdubdub/Learn/DFG/Ros2_WS/install/local_setup.ps1'
[1.724s] INFO:colcon.colcon_core.shell:Creating prefix util module '/home/wublabdubdub/Learn/DFG/Ros2_WS/install/_local_setup_util_ps1.py'
[1.727s] INFO:colcon.colcon_core.shell:Creating prefix chain script '/home/wublabdubdub/Learn/DFG/Ros2_WS/install/setup.ps1'
[1.729s] INFO:colcon.colcon_core.shell:Creating prefix script '/home/wublabdubdub/Learn/DFG/Ros2_WS/install/local_setup.sh'
[1.732s] INFO:colcon.colcon_core.shell:Creating prefix util module '/home/wublabdubdub/Learn/DFG/Ros2_WS/install/_local_setup_util_sh.py'
[1.733s] INFO:colcon.colcon_core.shell:Creating prefix chain script '/home/wublabdubdub/Learn/DFG/Ros2_WS/install/setup.sh'
[1.735s] INFO:colcon.colcon_core.shell:Creating prefix script '/home/wublabdubdub/Learn/DFG/Ros2_WS/install/local_setup.bash'
[1.736s] INFO:colcon.colcon_core.shell:Creating prefix chain script '/home/wublabdubdub/Learn/DFG/Ros2_WS/install/setup.bash'
[1.737s] INFO:colcon.colcon_core.shell:Creating prefix script '/home/wublabdubdub/Learn/DFG/Ros2_WS/install/local_setup.zsh'
[1.738s] INFO:colcon.colcon_core.shell:Creating prefix chain script '/home/wublabdubdub/Learn/DFG/Ros2_WS/install/setup.zsh'
