[0.169s] DEBUG:colcon:Command line arguments: ['/usr/bin/colcon', 'build', '--packages-select', 'interfaces']
[0.169s] DEBUG:colcon:Parsed command line arguments: Namespace(log_base=None, log_level=None, verb_name='build', build_base='build', install_base='install', merge_install=False, symlink_install=False, test_result_base=None, continue_on_error=False, executor='parallel', parallel_workers=2, event_handlers=None, ignore_user_meta=False, metas=['./colcon.meta'], base_paths=['.'], packages_ignore=None, packages_ignore_regex=None, paths=None, packages_up_to=None, packages_up_to_regex=None, packages_above=None, packages_above_and_dependencies=None, packages_above_depth=None, packages_select_by_dep=None, packages_skip_by_dep=None, packages_skip_up_to=None, packages_select_build_failed=False, packages_skip_build_finished=False, packages_select_test_failures=False, packages_skip_test_passed=False, packages_select=['interfaces'], packages_skip=None, packages_select_regex=None, packages_skip_regex=None, packages_start=None, packages_end=None, allow_overriding=[], cmake_args=None, cmake_target=None, cmake_target_skip_unavailable=False, cmake_clean_cache=False, cmake_clean_first=False, cmake_force_configure=False, ament_cmake_args=None, catkin_cmake_args=None, catkin_skip_building_tests=False, verb_parser=<colcon_defaults.argument_parser.defaults.DefaultArgumentsDecorator object at 0x7eec45f23460>, verb_extension=<colcon_core.verb.build.BuildVerb object at 0x7eec4606c820>, main=<bound method BuildVerb.main of <colcon_core.verb.build.BuildVerb object at 0x7eec4606c820>>)
[0.382s] Level 1:colcon.colcon_core.package_discovery:discover_packages(colcon_meta) check parameters
[0.382s] Level 1:colcon.colcon_core.package_discovery:discover_packages(recursive) check parameters
[0.382s] Level 1:colcon.colcon_core.package_discovery:discover_packages(ignore) check parameters
[0.382s] Level 1:colcon.colcon_core.package_discovery:discover_packages(path) check parameters
[0.382s] Level 1:colcon.colcon_core.package_discovery:discover_packages(colcon_meta) discover
[0.382s] Level 1:colcon.colcon_core.package_discovery:discover_packages(recursive) discover
[0.382s] INFO:colcon.colcon_core.package_discovery:Crawling recursively for packages in '/home/wublabdubdub/Learn/DFG/Ros2_WS'
[0.383s] Level 1:colcon.colcon_core.package_identification:_identify(.) by extensions ['ignore', 'ignore_ament_install']
[0.383s] Level 1:colcon.colcon_core.package_identification:_identify(.) by extension 'ignore'
[0.383s] Level 1:colcon.colcon_core.package_identification:_identify(.) by extension 'ignore_ament_install'
[0.383s] Level 1:colcon.colcon_core.package_identification:_identify(.) by extensions ['colcon_pkg']
[0.383s] Level 1:colcon.colcon_core.package_identification:_identify(.) by extension 'colcon_pkg'
[0.383s] Level 1:colcon.colcon_core.package_identification:_identify(.) by extensions ['colcon_meta']
[0.383s] Level 1:colcon.colcon_core.package_identification:_identify(.) by extension 'colcon_meta'
[0.383s] Level 1:colcon.colcon_core.package_identification:_identify(.) by extensions ['ros']
[0.383s] Level 1:colcon.colcon_core.package_identification:_identify(.) by extension 'ros'
[0.401s] Level 1:colcon.colcon_core.package_identification:_identify(.) by extensions ['cmake', 'python']
[0.402s] Level 1:colcon.colcon_core.package_identification:_identify(.) by extension 'cmake'
[0.402s] Level 1:colcon.colcon_core.package_identification:_identify(.) by extension 'python'
[0.402s] Level 1:colcon.colcon_core.package_identification:_identify(.) by extensions ['python_setup_py']
[0.402s] Level 1:colcon.colcon_core.package_identification:_identify(.) by extension 'python_setup_py'
[0.403s] Level 1:colcon.colcon_core.package_identification:_identify(build) by extensions ['ignore', 'ignore_ament_install']
[0.403s] Level 1:colcon.colcon_core.package_identification:_identify(build) by extension 'ignore'
[0.403s] Level 1:colcon.colcon_core.package_identification:_identify(build) ignored
[0.403s] Level 1:colcon.colcon_core.package_identification:_identify(install) by extensions ['ignore', 'ignore_ament_install']
[0.403s] Level 1:colcon.colcon_core.package_identification:_identify(install) by extension 'ignore'
[0.404s] Level 1:colcon.colcon_core.package_identification:_identify(install) ignored
[0.404s] Level 1:colcon.colcon_core.package_identification:_identify(log) by extensions ['ignore', 'ignore_ament_install']
[0.404s] Level 1:colcon.colcon_core.package_identification:_identify(log) by extension 'ignore'
[0.404s] Level 1:colcon.colcon_core.package_identification:_identify(log) ignored
[0.404s] Level 1:colcon.colcon_core.package_identification:_identify(src) by extensions ['ignore', 'ignore_ament_install']
[0.405s] Level 1:colcon.colcon_core.package_identification:_identify(src) by extension 'ignore'
[0.405s] Level 1:colcon.colcon_core.package_identification:_identify(src) by extension 'ignore_ament_install'
[0.405s] Level 1:colcon.colcon_core.package_identification:_identify(src) by extensions ['colcon_pkg']
[0.405s] Level 1:colcon.colcon_core.package_identification:_identify(src) by extension 'colcon_pkg'
[0.405s] Level 1:colcon.colcon_core.package_identification:_identify(src) by extensions ['colcon_meta']
[0.405s] Level 1:colcon.colcon_core.package_identification:_identify(src) by extension 'colcon_meta'
[0.405s] Level 1:colcon.colcon_core.package_identification:_identify(src) by extensions ['ros']
[0.405s] Level 1:colcon.colcon_core.package_identification:_identify(src) by extension 'ros'
[0.405s] Level 1:colcon.colcon_core.package_identification:_identify(src) by extensions ['cmake', 'python']
[0.405s] Level 1:colcon.colcon_core.package_identification:_identify(src) by extension 'cmake'
[0.406s] Level 1:colcon.colcon_core.package_identification:_identify(src) by extension 'python'
[0.406s] Level 1:colcon.colcon_core.package_identification:_identify(src) by extensions ['python_setup_py']
[0.406s] Level 1:colcon.colcon_core.package_identification:_identify(src) by extension 'python_setup_py'
[0.406s] Level 1:colcon.colcon_core.package_identification:_identify(src/interfaces) by extensions ['ignore', 'ignore_ament_install']
[0.406s] Level 1:colcon.colcon_core.package_identification:_identify(src/interfaces) by extension 'ignore'
[0.406s] Level 1:colcon.colcon_core.package_identification:_identify(src/interfaces) by extension 'ignore_ament_install'
[0.406s] Level 1:colcon.colcon_core.package_identification:_identify(src/interfaces) by extensions ['colcon_pkg']
[0.406s] Level 1:colcon.colcon_core.package_identification:_identify(src/interfaces) by extension 'colcon_pkg'
[0.406s] Level 1:colcon.colcon_core.package_identification:_identify(src/interfaces) by extensions ['colcon_meta']
[0.406s] Level 1:colcon.colcon_core.package_identification:_identify(src/interfaces) by extension 'colcon_meta'
[0.406s] Level 1:colcon.colcon_core.package_identification:_identify(src/interfaces) by extensions ['ros']
[0.406s] Level 1:colcon.colcon_core.package_identification:_identify(src/interfaces) by extension 'ros'
[0.410s] DEBUG:colcon.colcon_core.package_identification:Package 'src/interfaces' with type 'ros.ament_cmake' and name 'interfaces'
[0.410s] Level 1:colcon.colcon_core.package_identification:_identify(src/parameters) by extensions ['ignore', 'ignore_ament_install']
[0.410s] Level 1:colcon.colcon_core.package_identification:_identify(src/parameters) by extension 'ignore'
[0.411s] Level 1:colcon.colcon_core.package_identification:_identify(src/parameters) by extension 'ignore_ament_install'
[0.411s] Level 1:colcon.colcon_core.package_identification:_identify(src/parameters) by extensions ['colcon_pkg']
[0.411s] Level 1:colcon.colcon_core.package_identification:_identify(src/parameters) by extension 'colcon_pkg'
[0.411s] Level 1:colcon.colcon_core.package_identification:_identify(src/parameters) by extensions ['colcon_meta']
[0.411s] Level 1:colcon.colcon_core.package_identification:_identify(src/parameters) by extension 'colcon_meta'
[0.411s] Level 1:colcon.colcon_core.package_identification:_identify(src/parameters) by extensions ['ros']
[0.411s] Level 1:colcon.colcon_core.package_identification:_identify(src/parameters) by extension 'ros'
[0.412s] DEBUG:colcon.colcon_core.package_identification:Package 'src/parameters' with type 'ros.ament_cmake' and name 'parameters'
[0.412s] Level 1:colcon.colcon_core.package_identification:_identify(src/robot_startup) by extensions ['ignore', 'ignore_ament_install']
[0.412s] Level 1:colcon.colcon_core.package_identification:_identify(src/robot_startup) by extension 'ignore'
[0.413s] Level 1:colcon.colcon_core.package_identification:_identify(src/robot_startup) by extension 'ignore_ament_install'
[0.413s] Level 1:colcon.colcon_core.package_identification:_identify(src/robot_startup) by extensions ['colcon_pkg']
[0.413s] Level 1:colcon.colcon_core.package_identification:_identify(src/robot_startup) by extension 'colcon_pkg'
[0.413s] Level 1:colcon.colcon_core.package_identification:_identify(src/robot_startup) by extensions ['colcon_meta']
[0.413s] Level 1:colcon.colcon_core.package_identification:_identify(src/robot_startup) by extension 'colcon_meta'
[0.413s] Level 1:colcon.colcon_core.package_identification:_identify(src/robot_startup) by extensions ['ros']
[0.413s] Level 1:colcon.colcon_core.package_identification:_identify(src/robot_startup) by extension 'ros'
[0.414s] DEBUG:colcon.colcon_core.package_identification:Package 'src/robot_startup' with type 'ros.ament_cmake' and name 'robot_startup'
[0.414s] Level 1:colcon.colcon_core.package_identification:_identify(src/service) by extensions ['ignore', 'ignore_ament_install']
[0.414s] Level 1:colcon.colcon_core.package_identification:_identify(src/service) by extension 'ignore'
[0.414s] Level 1:colcon.colcon_core.package_identification:_identify(src/service) by extension 'ignore_ament_install'
[0.414s] Level 1:colcon.colcon_core.package_identification:_identify(src/service) by extensions ['colcon_pkg']
[0.414s] Level 1:colcon.colcon_core.package_identification:_identify(src/service) by extension 'colcon_pkg'
[0.414s] Level 1:colcon.colcon_core.package_identification:_identify(src/service) by extensions ['colcon_meta']
[0.414s] Level 1:colcon.colcon_core.package_identification:_identify(src/service) by extension 'colcon_meta'
[0.414s] Level 1:colcon.colcon_core.package_identification:_identify(src/service) by extensions ['ros']
[0.414s] Level 1:colcon.colcon_core.package_identification:_identify(src/service) by extension 'ros'
[0.415s] DEBUG:colcon.colcon_core.package_identification:Package 'src/service' with type 'ros.ament_cmake' and name 'service'
[0.415s] Level 1:colcon.colcon_core.package_identification:_identify(src/topic) by extensions ['ignore', 'ignore_ament_install']
[0.415s] Level 1:colcon.colcon_core.package_identification:_identify(src/topic) by extension 'ignore'
[0.416s] Level 1:colcon.colcon_core.package_identification:_identify(src/topic) by extension 'ignore_ament_install'
[0.416s] Level 1:colcon.colcon_core.package_identification:_identify(src/topic) by extensions ['colcon_pkg']
[0.416s] Level 1:colcon.colcon_core.package_identification:_identify(src/topic) by extension 'colcon_pkg'
[0.416s] Level 1:colcon.colcon_core.package_identification:_identify(src/topic) by extensions ['colcon_meta']
[0.416s] Level 1:colcon.colcon_core.package_identification:_identify(src/topic) by extension 'colcon_meta'
[0.416s] Level 1:colcon.colcon_core.package_identification:_identify(src/topic) by extensions ['ros']
[0.416s] Level 1:colcon.colcon_core.package_identification:_identify(src/topic) by extension 'ros'
[0.417s] DEBUG:colcon.colcon_core.package_identification:Package 'src/topic' with type 'ros.ament_cmake' and name 'topic'
[0.417s] Level 1:colcon.colcon_core.package_discovery:discover_packages(recursive) using defaults
[0.417s] Level 1:colcon.colcon_core.package_discovery:discover_packages(ignore) discover
[0.417s] Level 1:colcon.colcon_core.package_discovery:discover_packages(ignore) using defaults
[0.417s] Level 1:colcon.colcon_core.package_discovery:discover_packages(path) discover
[0.417s] Level 1:colcon.colcon_core.package_discovery:discover_packages(path) using defaults
[0.447s] INFO:colcon.colcon_core.package_selection:Skipping not selected package 'parameters' in 'src/parameters'
[0.448s] INFO:colcon.colcon_core.package_selection:Skipping not selected package 'robot_startup' in 'src/robot_startup'
[0.448s] INFO:colcon.colcon_core.package_selection:Skipping not selected package 'service' in 'src/service'
[0.448s] INFO:colcon.colcon_core.package_selection:Skipping not selected package 'topic' in 'src/topic'
[0.448s] Level 1:colcon.colcon_core.package_discovery:discover_packages(prefix_path) check parameters
[0.449s] Level 1:colcon.colcon_core.package_discovery:discover_packages(prefix_path) discover
[0.450s] WARNING:colcon.colcon_core.prefix_path.colcon:The path '/home/wublabdubdub/Learn/DFG/Ros_WorkSpace/install' in the environment variable COLCON_PREFIX_PATH doesn't exist
[0.453s] DEBUG:colcon.colcon_installed_package_information.package_discovery:Found 271 installed packages in /opt/ros/humble
[0.476s] Level 1:colcon.colcon_core.package_discovery:discover_packages(prefix_path) using defaults
[0.544s] Level 5:colcon.colcon_core.verb:set package 'interfaces' build argument 'cmake_args' from command line to 'None'
[0.544s] Level 5:colcon.colcon_core.verb:set package 'interfaces' build argument 'cmake_target' from command line to 'None'
[0.544s] Level 5:colcon.colcon_core.verb:set package 'interfaces' build argument 'cmake_target_skip_unavailable' from command line to 'False'
[0.544s] Level 5:colcon.colcon_core.verb:set package 'interfaces' build argument 'cmake_clean_cache' from command line to 'False'
[0.544s] Level 5:colcon.colcon_core.verb:set package 'interfaces' build argument 'cmake_clean_first' from command line to 'False'
[0.544s] Level 5:colcon.colcon_core.verb:set package 'interfaces' build argument 'cmake_force_configure' from command line to 'False'
[0.544s] Level 5:colcon.colcon_core.verb:set package 'interfaces' build argument 'ament_cmake_args' from command line to 'None'
[0.544s] Level 5:colcon.colcon_core.verb:set package 'interfaces' build argument 'catkin_cmake_args' from command line to 'None'
[0.544s] Level 5:colcon.colcon_core.verb:set package 'interfaces' build argument 'catkin_skip_building_tests' from command line to 'False'
[0.544s] DEBUG:colcon.colcon_core.verb:Building package 'interfaces' with the following arguments: {'ament_cmake_args': None, 'build_base': '/home/wublabdubdub/Learn/DFG/Ros2_WS/build/interfaces', 'catkin_cmake_args': None, 'catkin_skip_building_tests': False, 'cmake_args': None, 'cmake_clean_cache': False, 'cmake_clean_first': False, 'cmake_force_configure': False, 'cmake_target': None, 'cmake_target_skip_unavailable': False, 'install_base': '/home/wublabdubdub/Learn/DFG/Ros2_WS/install/interfaces', 'merge_install': False, 'path': '/home/wublabdubdub/Learn/DFG/Ros2_WS/src/interfaces', 'symlink_install': False, 'test_result_base': None}
[0.544s] INFO:colcon.colcon_core.executor:Executing jobs using 'parallel' executor
[0.547s] DEBUG:colcon.colcon_parallel_executor.executor.parallel:run_until_complete
[0.547s] INFO:colcon.colcon_ros.task.ament_cmake.build:Building ROS package in '/home/wublabdubdub/Learn/DFG/Ros2_WS/src/interfaces' with build type 'ament_cmake'
[0.548s] INFO:colcon.colcon_cmake.task.cmake.build:Building CMake package in '/home/wublabdubdub/Learn/DFG/Ros2_WS/src/interfaces'
[0.551s] INFO:colcon.colcon_core.plugin_system:Skipping extension 'colcon_core.shell.bat': Not used on non-Windows systems
[0.552s] INFO:colcon.colcon_core.shell:Skip shell extension 'powershell' for command environment: Not usable outside of PowerShell
[0.552s] DEBUG:colcon.colcon_core.shell:Skip shell extension 'dsv' for command environment
[0.575s] DEBUG:colcon.colcon_core.event_handler.log_command:Invoking command in '/home/wublabdubdub/Learn/DFG/Ros2_WS/build/interfaces': CMAKE_PREFIX_PATH=/opt/ros/humble /usr/bin/cmake /home/wublabdubdub/Learn/DFG/Ros2_WS/src/interfaces -DCMAKE_INSTALL_PREFIX=/home/wublabdubdub/Learn/DFG/Ros2_WS/install/interfaces
[1.135s] DEBUG:colcon.colcon_core.event_handler.log_command:Invoked command in '/home/wublabdubdub/Learn/DFG/Ros2_WS/build/interfaces' returned '1': CMAKE_PREFIX_PATH=/opt/ros/humble /usr/bin/cmake /home/wublabdubdub/Learn/DFG/Ros2_WS/src/interfaces -DCMAKE_INSTALL_PREFIX=/home/wublabdubdub/Learn/DFG/Ros2_WS/install/interfaces
[1.154s] Level 1:colcon.colcon_core.environment:create_environment_scripts_only(interfaces)
[1.158s] Level 1:colcon.colcon_core.environment:checking '/home/wublabdubdub/Learn/DFG/Ros2_WS/install/interfaces' for CMake module files
[1.158s] Level 1:colcon.colcon_core.environment:checking '/home/wublabdubdub/Learn/DFG/Ros2_WS/install/interfaces' for CMake config files
[1.159s] Level 1:colcon.colcon_core.environment:checking '/home/wublabdubdub/Learn/DFG/Ros2_WS/install/interfaces/bin'
[1.159s] Level 1:colcon.colcon_core.environment:checking '/home/wublabdubdub/Learn/DFG/Ros2_WS/install/interfaces/lib/pkgconfig/interfaces.pc'
[1.159s] Level 1:colcon.colcon_core.environment:checking '/home/wublabdubdub/Learn/DFG/Ros2_WS/install/interfaces/lib/python3.10/site-packages'
[1.160s] Level 1:colcon.colcon_core.environment:checking '/home/wublabdubdub/Learn/DFG/Ros2_WS/install/interfaces/bin'
[1.160s] INFO:colcon.colcon_core.shell:Creating package script '/home/wublabdubdub/Learn/DFG/Ros2_WS/install/interfaces/share/interfaces/package.ps1'
[1.163s] INFO:colcon.colcon_core.shell:Creating package descriptor '/home/wublabdubdub/Learn/DFG/Ros2_WS/install/interfaces/share/interfaces/package.dsv'
[1.164s] INFO:colcon.colcon_core.shell:Creating package script '/home/wublabdubdub/Learn/DFG/Ros2_WS/install/interfaces/share/interfaces/package.sh'
[1.170s] INFO:colcon.colcon_core.shell:Creating package script '/home/wublabdubdub/Learn/DFG/Ros2_WS/install/interfaces/share/interfaces/package.bash'
[1.172s] INFO:colcon.colcon_core.shell:Creating package script '/home/wublabdubdub/Learn/DFG/Ros2_WS/install/interfaces/share/interfaces/package.zsh'
[1.173s] Level 1:colcon.colcon_core.environment:create_file_with_runtime_dependencies(/home/wublabdubdub/Learn/DFG/Ros2_WS/install/interfaces/share/colcon-core/packages/interfaces)
[1.186s] DEBUG:colcon.colcon_parallel_executor.executor.parallel:closing loop
[1.187s] DEBUG:colcon.colcon_parallel_executor.executor.parallel:loop closed
[1.187s] DEBUG:colcon.colcon_parallel_executor.executor.parallel:run_until_complete finished with '1'
[1.187s] DEBUG:colcon.colcon_core.event_reactor:joining thread
[1.204s] INFO:colcon.colcon_core.plugin_system:Skipping extension 'colcon_notification.desktop_notification.terminal_notifier': Not used on non-Darwin systems
[1.205s] INFO:colcon.colcon_core.plugin_system:Skipping extension 'colcon_notification.desktop_notification.win32': Not used on non-Windows systems
[1.205s] INFO:colcon.colcon_notification.desktop_notification:Sending desktop notification using 'notify2'
[1.236s] DEBUG:colcon.colcon_core.event_reactor:joined thread
[1.236s] INFO:colcon.colcon_core.shell:Creating prefix script '/home/wublabdubdub/Learn/DFG/Ros2_WS/install/local_setup.ps1'
[1.242s] INFO:colcon.colcon_core.shell:Creating prefix util module '/home/wublabdubdub/Learn/DFG/Ros2_WS/install/_local_setup_util_ps1.py'
[1.248s] INFO:colcon.colcon_core.shell:Creating prefix chain script '/home/wublabdubdub/Learn/DFG/Ros2_WS/install/setup.ps1'
[1.256s] INFO:colcon.colcon_core.shell:Creating prefix script '/home/wublabdubdub/Learn/DFG/Ros2_WS/install/local_setup.sh'
[1.259s] INFO:colcon.colcon_core.shell:Creating prefix util module '/home/wublabdubdub/Learn/DFG/Ros2_WS/install/_local_setup_util_sh.py'
[1.261s] INFO:colcon.colcon_core.shell:Creating prefix chain script '/home/wublabdubdub/Learn/DFG/Ros2_WS/install/setup.sh'
[1.266s] INFO:colcon.colcon_core.shell:Creating prefix script '/home/wublabdubdub/Learn/DFG/Ros2_WS/install/local_setup.bash'
[1.269s] INFO:colcon.colcon_core.shell:Creating prefix chain script '/home/wublabdubdub/Learn/DFG/Ros2_WS/install/setup.bash'
[1.272s] INFO:colcon.colcon_core.shell:Creating prefix script '/home/wublabdubdub/Learn/DFG/Ros2_WS/install/local_setup.zsh'
[1.273s] INFO:colcon.colcon_core.shell:Creating prefix chain script '/home/wublabdubdub/Learn/DFG/Ros2_WS/install/setup.zsh'
