[0.027s] Invoking command in '/home/wublabdubdub/Learn/DFG/Ros2_WS/build/topic': CMAKE_PREFIX_PATH=${CMAKE_PREFIX_PATH}:/opt/ros/humble /usr/bin/cmake --build /home/wublabdubdub/Learn/DFG/Ros2_WS/build/topic -- -j2 -l2
[0.074s] -- Found ament_cmake: 1.3.12 (/opt/ros/humble/share/ament_cmake/cmake)
[0.258s] -- Found rclcpp: 16.0.15 (/opt/ros/humble/share/rclcpp/cmake)
[0.291s] -- Found rosidl_generator_c: 3.1.7 (/opt/ros/humble/share/rosidl_generator_c/cmake)
[0.294s] -- Found rosidl_adapter: 3.1.7 (/opt/ros/humble/share/rosidl_adapter/cmake)
[0.303s] -- Found rosidl_generator_cpp: 3.1.7 (/opt/ros/humble/share/rosidl_generator_cpp/cmake)
[0.317s] -- Using all available rosidl_typesupport_c: rosidl_typesupport_fastrtps_c;rosidl_typesupport_introspection_c
[0.333s] -- Using all available rosidl_typesupport_cpp: rosidl_typesupport_fastrtps_cpp;rosidl_typesupport_introspection_cpp
[0.371s] -- Found rmw_implementation_cmake: 6.1.2 (/opt/ros/humble/share/rmw_implementation_cmake/cmake)
[0.372s] -- Found rmw_fastrtps_cpp: 6.2.9 (/opt/ros/humble/share/rmw_fastrtps_cpp/cmake)
[0.504s] -- Using RMW implementation 'rmw_fastrtps_cpp' as default
[0.563s] -- Found ament_lint_auto: 0.12.14 (/opt/ros/humble/share/ament_lint_auto/cmake)
[0.651s] -- Added test 'cppcheck' to perform static code analysis on C / C++ code
[0.651s] -- Configured cppcheck include dirs: 
[0.651s] -- Configured cppcheck exclude dirs and/or files: 
[0.655s] [31mCMake Error at CMakeLists.txt:27 (ament_target_dependencise):
[0.655s]   Unknown CMake command "ament_target_dependencise".
[0.655s] 
[0.655s] [0m
[0.655s] -- Added test 'lint_cmake' to check CMake code style
[0.655s] -- Added test 'uncrustify' to check C / C++ code style
[0.655s] -- Configured uncrustify additional arguments: 
[0.655s] -- Added test 'xmllint' to check XML markup files
[0.655s] -- Configuring incomplete, errors occurred!
[0.655s] See also "/home/wublabdubdub/Learn/DFG/Ros2_WS/build/topic/CMakeFiles/CMakeOutput.log".
[0.668s] gmake: *** [Makefile:226：cmake_check_build_system] 错误 1
[0.671s] Invoked command in '/home/wublabdubdub/Learn/DFG/Ros2_WS/build/topic' returned '2': CMAKE_PREFIX_PATH=${CMAKE_PREFIX_PATH}:/opt/ros/humble /usr/bin/cmake --build /home/wublabdubdub/Learn/DFG/Ros2_WS/build/topic -- -j2 -l2
