[01m[K/home/wublabdubdub/Learn/DFG/Ros2_WS/src/demo_tf/src/dynamic_tf.cpp:11:30:[m[K [01;31m[Kerror: [m[K‘[01m[KTransformBroadcaster[m[K’ is not a member of ‘[01m[Ktf2_ros[m[K’; did you mean ‘[01m[KStaticTransformBroadcaster[m[K’?
   11 |     std::shared_ptr<tf2_ros::[01;31m[KTransformBroadcaster[m[K> broadcaster_;
      |                              [01;31m[K^~~~~~~~~~~~~~~~~~~~[m[K
      |                              [32m[KStaticTransformBroadcaster[m[K
[01m[K/home/wublabdubdub/Learn/DFG/Ros2_WS/src/demo_tf/src/dynamic_tf.cpp:11:50:[m[K [01;31m[Kerror: [m[Ktemplate argument 1 is invalid
   11 |     std::shared_ptr<tf2_ros::TransformBroadcaster[01;31m[K>[m[K broadcaster_;
      |                                                  [01;31m[K^[m[K
[01m[K/home/wublabdubdub/Learn/DFG/Ros2_WS/src/demo_tf/src/dynamic_tf.cpp:[m[K In constructor ‘[01m[KDynamicTFBroadCaster::DynamicTFBroadCaster(std::string)[m[K’:
[01m[K/home/wublabdubdub/Learn/DFG/Ros2_WS/src/demo_tf/src/dynamic_tf.cpp:17:48:[m[K [01;31m[Kerror: [m[K‘[01m[KTransformBroadcaster[m[K’ is not a member of ‘[01m[Ktf2_ros[m[K’; did you mean ‘[01m[KStaticTransformBroadcaster[m[K’?
   17 |         broadcaster_=std::make_shared<tf2_ros::[01;31m[KTransformBroadcaster[m[K>(this);
      |                                                [01;31m[K^~~~~~~~~~~~~~~~~~~~[m[K
      |                                                [32m[KStaticTransformBroadcaster[m[K
[01m[K/home/wublabdubdub/Learn/DFG/Ros2_WS/src/demo_tf/src/dynamic_tf.cpp:17:69:[m[K [01;31m[Kerror: [m[Kno matching function for call to ‘[01m[Kmake_shared<<expression error> >(DynamicTFBroadCaster*)[m[K’
   17 |         broadcaster_=[01;31m[Kstd::make_shared<tf2_ros::TransformBroadcaster>(this)[m[K;
      |                      [01;31m[K~~~~~~~~~~~~~~~~~~~~~~~~~~~~~~~~~~~~~~~~~~~~~~~^~~~~~[m[K
In file included from [01m[K/usr/include/c++/11/memory:77[m[K,
                 from [01m[K/opt/ros/humble/include/rclcpp/rclcpp/rclcpp.hpp:153[m[K,
                 from [01m[K/home/wublabdubdub/Learn/DFG/Ros2_WS/src/demo_tf/src/dynamic_tf.cpp:1[m[K:
[01m[K/usr/include/c++/11/bits/shared_ptr.h:875:5:[m[K [01;36m[Knote: [m[Kcandidate: ‘[01m[Ktemplate<class _Tp, class ... _Args> std::shared_ptr<_Tp> std::make_shared(_Args&& ...)[m[K’
  875 |     [01;36m[Kmake_shared[m[K(_Args&&... __args)
      |     [01;36m[K^~~~~~~~~~~[m[K
[01m[K/usr/include/c++/11/bits/shared_ptr.h:875:5:[m[K [01;36m[Knote: [m[K  template argument deduction/substitution failed:
[01m[K/home/wublabdubdub/Learn/DFG/Ros2_WS/src/demo_tf/src/dynamic_tf.cpp:17:69:[m[K [01;31m[Kerror: [m[Ktemplate argument 1 is invalid
   17 |         broadcaster_=[01;31m[Kstd::make_shared<tf2_ros::TransformBroadcaster>(this)[m[K;
      |                      [01;31m[K~~~~~~~~~~~~~~~~~~~~~~~~~~~~~~~~~~~~~~~~~~~~~~~^~~~~~[m[K
[01m[K/home/wublabdubdub/Learn/DFG/Ros2_WS/src/demo_tf/src/dynamic_tf.cpp:[m[K In member function ‘[01m[Kvoid DynamicTFBroadCaster::publish_tf()[m[K’:
[01m[K/home/wublabdubdub/Learn/DFG/Ros2_WS/src/demo_tf/src/dynamic_tf.cpp:34:27:[m[K [01;31m[Kerror: [m[Kbase operand of ‘[01m[K->[m[K’ is not a pointer
   34 |         this->broadcaster_[01;31m[K->[m[KsendTransform(tranform);
      |                           [01;31m[K^~[m[K
gmake[2]: *** [CMakeFiles/dynamic_tf_broadcaster.dir/build.make:76：CMakeFiles/dynamic_tf_broadcaster.dir/src/dynamic_tf.cpp.o] 错误 1
gmake[1]: *** [CMakeFiles/Makefile2:165：CMakeFiles/dynamic_tf_broadcaster.dir/all] 错误 2
gmake: *** [Makefile:146：all] 错误 2
