[0.060s] Invoking command in '/home/wublabdubdub/Learn/DFG/Ros2_WS/build/demo_tf': CMAKE_PREFIX_PATH=${CMAKE_PREFIX_PATH}:/opt/ros/humble /usr/bin/cmake /home/wublabdubdub/Learn/DFG/Ros2_WS/src/demo_tf -DCMAKE_INSTALL_PREFIX=/home/wublabdubdub/Learn/DFG/Ros2_WS/install/demo_tf
[0.598s] -- The C compiler identification is GNU 11.4.0
[0.956s] -- The CXX compiler identification is GNU 11.4.0
[1.006s] -- Detecting C compiler ABI info
[1.296s] -- Detecting C compiler ABI info - done
[1.306s] -- Check for working C compiler: /usr/bin/cc - skipped
[1.308s] -- Detecting C compile features
[1.312s] -- Detecting C compile features - done
[1.321s] -- Detecting CXX compiler ABI info
[1.645s] -- Detecting CXX compiler ABI info - done
[1.663s] -- Check for working CXX compiler: /usr/bin/c++ - skipped
[1.663s] -- Detecting CXX compile features
[1.666s] -- Detecting CXX compile features - done
[1.687s] -- Found ament_cmake: 1.3.12 (/opt/ros/humble/share/ament_cmake/cmake)
[2.067s] -- Found Python3: /usr/bin/python3 (found version "3.10.12") found components: Interpreter 
[2.457s] -- Found rclcpp: 16.0.15 (/opt/ros/humble/share/rclcpp/cmake)
[2.694s] -- Found rosidl_generator_c: 3.1.7 (/opt/ros/humble/share/rosidl_generator_c/cmake)
[2.725s] -- Found rosidl_adapter: 3.1.7 (/opt/ros/humble/share/rosidl_adapter/cmake)
[2.774s] -- Found rosidl_generator_cpp: 3.1.7 (/opt/ros/humble/share/rosidl_generator_cpp/cmake)
[2.863s] -- Using all available rosidl_typesupport_c: rosidl_typesupport_fastrtps_c;rosidl_typesupport_introspection_c
[2.944s] -- Using all available rosidl_typesupport_cpp: rosidl_typesupport_fastrtps_cpp;rosidl_typesupport_introspection_cpp
[3.200s] -- Found rmw_implementation_cmake: 6.1.2 (/opt/ros/humble/share/rmw_implementation_cmake/cmake)
[3.217s] -- Found rmw_fastrtps_cpp: 6.2.9 (/opt/ros/humble/share/rmw_fastrtps_cpp/cmake)
[3.625s] -- Found OpenSSL: /usr/lib/x86_64-linux-gnu/libcrypto.so (found version "3.0.2")  
[3.687s] -- Found FastRTPS: /opt/ros/humble/include  
[3.773s] -- Using RMW implementation 'rmw_fastrtps_cpp' as default
[3.812s] -- Looking for pthread.h
[4.079s] -- Looking for pthread.h - found
[4.091s] -- Performing Test CMAKE_HAVE_LIBC_PTHREAD
[4.451s] -- Performing Test CMAKE_HAVE_LIBC_PTHREAD - Success
[4.456s] -- Found Threads: TRUE  
[4.736s] -- Found tf2_ros: 0.25.16 (/opt/ros/humble/share/tf2_ros/cmake)
[5.468s] -- Found tf2_geometry_msgs: 0.25.16 (/opt/ros/humble/share/tf2_geometry_msgs/cmake)
[5.544s] -- Found eigen3_cmake_module: 0.1.1 (/opt/ros/humble/share/eigen3_cmake_module/cmake)
[5.553s] -- Found Eigen3: TRUE (found version "3.4.0") 
[5.553s] -- Ensuring Eigen3 include directory is part of orocos-kdl CMake target
[5.572s] -- Found ament_lint_auto: 0.12.14 (/opt/ros/humble/share/ament_lint_auto/cmake)
[6.103s] -- Added test 'cppcheck' to perform static code analysis on C / C++ code
[6.103s] -- Configured cppcheck include dirs: 
[6.103s] -- Configured cppcheck exclude dirs and/or files: 
[6.108s] -- Added test 'lint_cmake' to check CMake code style
[6.116s] -- Added test 'uncrustify' to check C / C++ code style
[6.116s] -- Configured uncrustify additional arguments: 
[6.119s] -- Added test 'xmllint' to check XML markup files
[6.125s] -- Configuring done
[6.148s] [31mCMake Error at CMakeLists.txt:18 (add_executable):
[6.149s]   Cannot find source file:
[6.149s] 
[6.149s]     src/danamic_tf.cpp
[6.149s] 
[6.149s]   Tried extensions .c .C .c++ .cc .cpp .cxx .cu .mpp .m .M .mm .ixx .cppm .h
[6.149s]   .hh .h++ .hm .hpp .hxx .in .txx .f .F .for .f77 .f90 .f95 .f03 .hip .ispc
[6.149s] 
[6.149s] [0m
[6.156s] [31mCMake Error at CMakeLists.txt:18 (add_executable):
[6.157s]   No SOURCES given to target: dynamic_tf_broadcaster
[6.157s] 
[6.157s] [0m
[6.157s] [0mCMake Generate step failed.  Build files cannot be regenerated correctly.[0m
[6.177s] Invoked command in '/home/wublabdubdub/Learn/DFG/Ros2_WS/build/demo_tf' returned '1': CMAKE_PREFIX_PATH=${CMAKE_PREFIX_PATH}:/opt/ros/humble /usr/bin/cmake /home/wublabdubdub/Learn/DFG/Ros2_WS/src/demo_tf -DCMAKE_INSTALL_PREFIX=/home/wublabdubdub/Learn/DFG/Ros2_WS/install/demo_tf
