[0.032s] Invoking command in '/home/wublabdubdub/Learn/DFG/Ros2_WS/build/robot_description': CMAKE_PREFIX_PATH=${CMAKE_PREFIX_PATH}:/opt/ros/humble /usr/bin/cmake --build /home/wublabdubdub/Learn/DFG/Ros2_WS/build/robot_description -- -j2 -l2
[0.170s] Invoked command in '/home/wublabdubdub/Learn/DFG/Ros2_WS/build/robot_description' returned '0': CMAKE_PREFIX_PATH=${CMAKE_PREFIX_PATH}:/opt/ros/humble /usr/bin/cmake --build /home/wublabdubdub/Learn/DFG/Ros2_WS/build/robot_description -- -j2 -l2
[0.203s] Invoking command in '/home/wublabdubdub/Learn/DFG/Ros2_WS/build/robot_description': CMAKE_PREFIX_PATH=${CMAKE_PREFIX_PATH}:/opt/ros/humble /usr/bin/cmake --install /home/wublabdubdub/Learn/DFG/Ros2_WS/build/robot_description
[0.257s] -- Install configuration: ""
[0.259s] -- Up-to-date: /home/wublabdubdub/Learn/DFG/Ros2_WS/install/robot_description/share/robot_description/launch
[0.259s] -- Up-to-date: /home/wublabdubdub/Learn/DFG/Ros2_WS/install/robot_description/share/robot_description/launch/gazebo_sim.launch.py
[0.260s] -- Up-to-date: /home/wublabdubdub/Learn/DFG/Ros2_WS/install/robot_description/share/robot_description/launch/display_robot.launch.py
[0.260s] -- Up-to-date: /home/wublabdubdub/Learn/DFG/Ros2_WS/install/robot_description/share/robot_description/urdf
[0.261s] -- Up-to-date: /home/wublabdubdub/Learn/DFG/Ros2_WS/install/robot_description/share/robot_description/urdf/first_robot.urdf
[0.263s] -- Up-to-date: /home/wublabdubdub/Learn/DFG/Ros2_WS/install/robot_description/share/robot_description/urdf/fishbot
[0.263s] -- Up-to-date: /home/wublabdubdub/Learn/DFG/Ros2_WS/install/robot_description/share/robot_description/urdf/fishbot/sensor
[0.263s] -- Up-to-date: /home/wublabdubdub/Learn/DFG/Ros2_WS/install/robot_description/share/robot_description/urdf/fishbot/sensor/camera.urdf.xacro
[0.265s] -- Up-to-date: /home/wublabdubdub/Learn/DFG/Ros2_WS/install/robot_description/share/robot_description/urdf/fishbot/sensor/imu.urdf.xacro
[0.265s] -- Up-to-date: /home/wublabdubdub/Learn/DFG/Ros2_WS/install/robot_description/share/robot_description/urdf/fishbot/sensor/laser.urdf.xacro
[0.265s] -- Up-to-date: /home/wublabdubdub/Learn/DFG/Ros2_WS/install/robot_description/share/robot_description/urdf/fishbot/commom_inertial.xacro
[0.265s] -- Up-to-date: /home/wublabdubdub/Learn/DFG/Ros2_WS/install/robot_description/share/robot_description/urdf/fishbot/base.urdf.xacro
[0.265s] -- Up-to-date: /home/wublabdubdub/Learn/DFG/Ros2_WS/install/robot_description/share/robot_description/urdf/fishbot/actuator
[0.266s] -- Up-to-date: /home/wublabdubdub/Learn/DFG/Ros2_WS/install/robot_description/share/robot_description/urdf/fishbot/actuator/wheel.urdf.xacro
[0.266s] -- Up-to-date: /home/wublabdubdub/Learn/DFG/Ros2_WS/install/robot_description/share/robot_description/urdf/fishbot/actuator/caster.urdf.xacro
[0.266s] -- Up-to-date: /home/wublabdubdub/Learn/DFG/Ros2_WS/install/robot_description/share/robot_description/urdf/fishbot/fishbot.urdf.xacro
[0.266s] -- Up-to-date: /home/wublabdubdub/Learn/DFG/Ros2_WS/install/robot_description/share/robot_description/urdf/fishbot/plugins
[0.266s] -- Installing: /home/wublabdubdub/Learn/DFG/Ros2_WS/install/robot_description/share/robot_description/urdf/fishbot/plugins/gazebo_sensor_plugin.xacro
[0.273s] -- Up-to-date: /home/wublabdubdub/Learn/DFG/Ros2_WS/install/robot_description/share/robot_description/urdf/fishbot/plugins/gazebo_control_plugin.xacro
[0.273s] -- Up-to-date: /home/wublabdubdub/Learn/DFG/Ros2_WS/install/robot_description/share/robot_description/urdf/first_robot.gv
[0.274s] -- Up-to-date: /home/wublabdubdub/Learn/DFG/Ros2_WS/install/robot_description/share/robot_description/urdf/first_robot.xacro
[0.275s] -- Up-to-date: /home/wublabdubdub/Learn/DFG/Ros2_WS/install/robot_description/share/robot_description/urdf/first_robot.pdf
[0.275s] -- Up-to-date: /home/wublabdubdub/Learn/DFG/Ros2_WS/install/robot_description/share/robot_description/world
[0.275s] -- Up-to-date: /home/wublabdubdub/Learn/DFG/Ros2_WS/install/robot_description/share/robot_description/world/room
[0.275s] -- Up-to-date: /home/wublabdubdub/Learn/DFG/Ros2_WS/install/robot_description/share/robot_description/world/room/model.config
[0.275s] -- Up-to-date: /home/wublabdubdub/Learn/DFG/Ros2_WS/install/robot_description/share/robot_description/world/room/model.sdf
[0.275s] -- Up-to-date: /home/wublabdubdub/Learn/DFG/Ros2_WS/install/robot_description/share/robot_description/world/custom_room.world
[0.275s] -- Up-to-date: /home/wublabdubdub/Learn/DFG/Ros2_WS/install/robot_description/share/ament_index/resource_index/package_run_dependencies/robot_description
[0.275s] -- Up-to-date: /home/wublabdubdub/Learn/DFG/Ros2_WS/install/robot_description/share/ament_index/resource_index/parent_prefix_path/robot_description
[0.275s] -- Up-to-date: /home/wublabdubdub/Learn/DFG/Ros2_WS/install/robot_description/share/robot_description/environment/ament_prefix_path.sh
[0.275s] -- Up-to-date: /home/wublabdubdub/Learn/DFG/Ros2_WS/install/robot_description/share/robot_description/environment/ament_prefix_path.dsv
[0.276s] -- Up-to-date: /home/wublabdubdub/Learn/DFG/Ros2_WS/install/robot_description/share/robot_description/environment/path.sh
[0.276s] -- Up-to-date: /home/wublabdubdub/Learn/DFG/Ros2_WS/install/robot_description/share/robot_description/environment/path.dsv
[0.276s] -- Up-to-date: /home/wublabdubdub/Learn/DFG/Ros2_WS/install/robot_description/share/robot_description/local_setup.bash
[0.276s] -- Up-to-date: /home/wublabdubdub/Learn/DFG/Ros2_WS/install/robot_description/share/robot_description/local_setup.sh
[0.276s] -- Up-to-date: /home/wublabdubdub/Learn/DFG/Ros2_WS/install/robot_description/share/robot_description/local_setup.zsh
[0.276s] -- Up-to-date: /home/wublabdubdub/Learn/DFG/Ros2_WS/install/robot_description/share/robot_description/local_setup.dsv
[0.276s] -- Installing: /home/wublabdubdub/Learn/DFG/Ros2_WS/install/robot_description/share/robot_description/package.dsv
[0.276s] -- Up-to-date: /home/wublabdubdub/Learn/DFG/Ros2_WS/install/robot_description/share/ament_index/resource_index/packages/robot_description
[0.276s] -- Up-to-date: /home/wublabdubdub/Learn/DFG/Ros2_WS/install/robot_description/share/robot_description/cmake/robot_descriptionConfig.cmake
[0.282s] -- Up-to-date: /home/wublabdubdub/Learn/DFG/Ros2_WS/install/robot_description/share/robot_description/cmake/robot_descriptionConfig-version.cmake
[0.283s] -- Up-to-date: /home/wublabdubdub/Learn/DFG/Ros2_WS/install/robot_description/share/robot_description/package.xml
[0.285s] Invoked command in '/home/wublabdubdub/Learn/DFG/Ros2_WS/build/robot_description' returned '0': CMAKE_PREFIX_PATH=${CMAKE_PREFIX_PATH}:/opt/ros/humble /usr/bin/cmake --install /home/wublabdubdub/Learn/DFG/Ros2_WS/build/robot_description
