[0.016s] Invoking command in '/home/wublabdubdub/Learn/DFG/Ros2_WS/build/service': CMAKE_PREFIX_PATH=${CMAKE_PREFIX_PATH}:/opt/ros/humble /usr/bin/cmake --build /home/wublabdubdub/Learn/DFG/Ros2_WS/build/service -- -j2 -l2
[0.076s] [35m[1mConsolidate compiler generated dependencies of target ServiceServer[0m
[0.105s] [ 25%] [32mBuilding CXX object CMakeFiles/ServiceServer.dir/src/Service_Server.cpp.o[0m
[2.997s] In file included from [01m[K/opt/ros/humble/include/rclcpp/rclcpp/logging.hpp:24[m[K,
[2.997s]                  from [01m[K/opt/ros/humble/include/rclcpp/rclcpp/client.hpp:40[m[K,
[2.997s]                  from [01m[K/opt/ros/humble/include/rclcpp/rclcpp/callback_group.hpp:24[m[K,
[2.997s]                  from [01m[K/opt/ros/humble/include/rclcpp/rclcpp/any_executable.hpp:20[m[K,
[2.997s]                  from [01m[K/opt/ros/humble/include/rclcpp/rclcpp/memory_strategy.hpp:25[m[K,
[2.997s]                  from [01m[K/opt/ros/humble/include/rclcpp/rclcpp/memory_strategies.hpp:18[m[K,
[2.997s]                  from [01m[K/opt/ros/humble/include/rclcpp/rclcpp/executor_options.hpp:20[m[K,
[2.997s]                  from [01m[K/opt/ros/humble/include/rclcpp/rclcpp/executor.hpp:37[m[K,
[2.997s]                  from [01m[K/opt/ros/humble/include/rclcpp/rclcpp/executors/multi_threaded_executor.hpp:25[m[K,
[2.997s]                  from [01m[K/opt/ros/humble/include/rclcpp/rclcpp/executors.hpp:21[m[K,
[2.997s]                  from [01m[K/opt/ros/humble/include/rclcpp/rclcpp/rclcpp.hpp:155[m[K,
[2.997s]                  from [01m[K/home/wublabdubdub/Learn/DFG/Ros2_WS/src/service/src/Service_Server.cpp:1[m[K:
[2.997s] [01m[K/home/wublabdubdub/Learn/DFG/Ros2_WS/src/service/src/Service_Server.cpp:[m[K In member function ‘[01m[Kvoid ServiceServer::handle_add_two_ints(std::shared_ptr<example_interfaces::srv::AddTwoInts_Request_<std::allocator<void> > >, std::shared_ptr<example_interfaces::srv::AddTwoInts_Response_<std::allocator<void> > >)[m[K’:
[2.997s] [01m[K/home/wublabdubdub/Learn/DFG/Ros2_WS/src/service/src/Service_Server.cpp:16:40:[m[K [01;35m[Kwarning: [m[Kformat ‘[01m[K%d[m[K’ expects argument of type ‘[01m[Kint[m[K’, but argument 6 has type ‘[01m[Kexample_interfaces::srv::AddTwoInts_Request_<std::allocator<void> >::_b_type[m[K’ {aka ‘[01m[Klong int[m[K’} [[01;35m[K]8;;https://gcc.gnu.org/onlinedocs/gcc/Warning-Options.html#index-Wformat=-Wformat=]8;;[m[K]
[2.997s]    16 |         RCLCPP_INFO(this->get_logger(),[01;35m[K"get: %ld + %d\n"[m[K,request->a,[32m[Krequest->b[m[K);
[2.997s]       |                                        [01;35m[K^~~~~~~~~~~~~~~~~[m[K            [32m[K~~~~~~~~~~[m[K
[2.997s]       |                                                                              [32m[K|[m[K
[2.997s]       |                                                                              [32m[Kexample_interfaces::srv::AddTwoInts_Request_<std::allocator<void> >::_b_type {aka long int}[m[K
[2.997s] [01m[K/home/wublabdubdub/Learn/DFG/Ros2_WS/src/service/src/Service_Server.cpp:16:53:[m[K [01;36m[Knote: [m[Kformat string is defined here
[2.997s]    16 |         RCLCPP_INFO(this->get_logger(),"get: %ld + [01;36m[K%d[m[K\n",request->a,request->b);
[2.997s]       |                                                    [01;36m[K~^[m[K
[2.997s]       |                                                     [01;36m[K|[m[K
[2.997s]       |                                                     [01;36m[Kint[m[K
[2.997s]       |                                                    [32m[K%ld[m[K
[4.224s] [ 50%] [32m[1mLinking CXX executable ServiceServer[0m
[4.386s] [ 50%] Built target ServiceServer
[4.404s] [35m[1mConsolidate compiler generated dependencies of target ServiceClient[0m
[4.425s] [ 75%] [32mBuilding CXX object CMakeFiles/ServiceClient.dir/src/Service_Client.cpp.o[0m
[10.821s] [100%] [32m[1mLinking CXX executable ServiceClient[0m
[10.941s] [100%] Built target ServiceClient
[10.956s] Invoked command in '/home/wublabdubdub/Learn/DFG/Ros2_WS/build/service' returned '0': CMAKE_PREFIX_PATH=${CMAKE_PREFIX_PATH}:/opt/ros/humble /usr/bin/cmake --build /home/wublabdubdub/Learn/DFG/Ros2_WS/build/service -- -j2 -l2
[10.975s] Invoking command in '/home/wublabdubdub/Learn/DFG/Ros2_WS/build/service': CMAKE_PREFIX_PATH=${CMAKE_PREFIX_PATH}:/opt/ros/humble /usr/bin/cmake --install /home/wublabdubdub/Learn/DFG/Ros2_WS/build/service
[10.979s] -- Install configuration: ""
[10.979s] -- Installing: /home/wublabdubdub/Learn/DFG/Ros2_WS/install/service/share/ament_index/resource_index/package_run_dependencies/service
[10.980s] -- Installing: /home/wublabdubdub/Learn/DFG/Ros2_WS/install/service/share/ament_index/resource_index/parent_prefix_path/service
[10.980s] -- Up-to-date: /home/wublabdubdub/Learn/DFG/Ros2_WS/install/service/share/service/environment/ament_prefix_path.sh
[10.980s] -- Installing: /home/wublabdubdub/Learn/DFG/Ros2_WS/install/service/share/service/environment/ament_prefix_path.dsv
[10.981s] -- Up-to-date: /home/wublabdubdub/Learn/DFG/Ros2_WS/install/service/share/service/environment/path.sh
[10.982s] -- Installing: /home/wublabdubdub/Learn/DFG/Ros2_WS/install/service/share/service/environment/path.dsv
[10.982s] -- Up-to-date: /home/wublabdubdub/Learn/DFG/Ros2_WS/install/service/share/service/local_setup.bash
[10.982s] -- Up-to-date: /home/wublabdubdub/Learn/DFG/Ros2_WS/install/service/share/service/local_setup.sh
[10.982s] -- Up-to-date: /home/wublabdubdub/Learn/DFG/Ros2_WS/install/service/share/service/local_setup.zsh
[10.982s] -- Installing: /home/wublabdubdub/Learn/DFG/Ros2_WS/install/service/share/service/local_setup.dsv
[10.982s] -- Installing: /home/wublabdubdub/Learn/DFG/Ros2_WS/install/service/share/service/package.dsv
[10.982s] -- Up-to-date: /home/wublabdubdub/Learn/DFG/Ros2_WS/install/service/share/ament_index/resource_index/packages/service
[10.982s] -- Up-to-date: /home/wublabdubdub/Learn/DFG/Ros2_WS/install/service/share/service/cmake/serviceConfig.cmake
[10.982s] -- Up-to-date: /home/wublabdubdub/Learn/DFG/Ros2_WS/install/service/share/service/cmake/serviceConfig-version.cmake
[10.984s] -- Installing: /home/wublabdubdub/Learn/DFG/Ros2_WS/install/service/share/service/package.xml
[10.984s] -- Installing: /home/wublabdubdub/Learn/DFG/Ros2_WS/install/service/lib/service/ServiceServer
[10.986s] -- Set runtime path of "/home/wublabdubdub/Learn/DFG/Ros2_WS/install/service/lib/service/ServiceServer" to ""
[10.986s] -- Installing: /home/wublabdubdub/Learn/DFG/Ros2_WS/install/service/lib/service/ServiceClient
[10.986s] -- Set runtime path of "/home/wublabdubdub/Learn/DFG/Ros2_WS/install/service/lib/service/ServiceClient" to ""
[10.989s] Invoked command in '/home/wublabdubdub/Learn/DFG/Ros2_WS/build/service' returned '0': CMAKE_PREFIX_PATH=${CMAKE_PREFIX_PATH}:/opt/ros/humble /usr/bin/cmake --install /home/wublabdubdub/Learn/DFG/Ros2_WS/build/service
