[0.171s] DEBUG:colcon:Command line arguments: ['/usr/bin/colcon', 'build', '--packages-select', 'robot_description']
[0.171s] DEBUG:colcon:Parsed command line arguments: Namespace(log_base=None, log_level=None, verb_name='build', build_base='build', install_base='install', merge_install=False, symlink_install=False, test_result_base=None, continue_on_error=False, executor='parallel', parallel_workers=2, event_handlers=None, ignore_user_meta=False, metas=['./colcon.meta'], base_paths=['.'], packages_ignore=None, packages_ignore_regex=None, paths=None, packages_up_to=None, packages_up_to_regex=None, packages_above=None, packages_above_and_dependencies=None, packages_above_depth=None, packages_select_by_dep=None, packages_skip_by_dep=None, packages_skip_up_to=None, packages_select_build_failed=False, packages_skip_build_finished=False, packages_select_test_failures=False, packages_skip_test_passed=False, packages_select=['robot_description'], packages_skip=None, packages_select_regex=None, packages_skip_regex=None, packages_start=None, packages_end=None, allow_overriding=[], cmake_args=None, cmake_target=None, cmake_target_skip_unavailable=False, cmake_clean_cache=False, cmake_clean_first=False, cmake_force_configure=False, ament_cmake_args=None, catkin_cmake_args=None, catkin_skip_building_tests=False, verb_parser=<colcon_defaults.argument_parser.defaults.DefaultArgumentsDecorator object at 0x7c14af21b880>, verb_extension=<colcon_core.verb.build.BuildVerb object at 0x7c14af364c40>, main=<bound method BuildVerb.main of <colcon_core.verb.build.BuildVerb object at 0x7c14af364c40>>)
[0.403s] Level 1:colcon.colcon_core.package_discovery:discover_packages(colcon_meta) check parameters
[0.403s] Level 1:colcon.colcon_core.package_discovery:discover_packages(recursive) check parameters
[0.403s] Level 1:colcon.colcon_core.package_discovery:discover_packages(ignore) check parameters
[0.403s] Level 1:colcon.colcon_core.package_discovery:discover_packages(path) check parameters
[0.403s] Level 1:colcon.colcon_core.package_discovery:discover_packages(colcon_meta) discover
[0.403s] Level 1:colcon.colcon_core.package_discovery:discover_packages(recursive) discover
[0.403s] INFO:colcon.colcon_core.package_discovery:Crawling recursively for packages in '/home/wublabdubdub/Learn/DFG/Ros2_WS'
[0.404s] Level 1:colcon.colcon_core.package_identification:_identify(.) by extensions ['ignore', 'ignore_ament_install']
[0.404s] Level 1:colcon.colcon_core.package_identification:_identify(.) by extension 'ignore'
[0.404s] Level 1:colcon.colcon_core.package_identification:_identify(.) by extension 'ignore_ament_install'
[0.404s] Level 1:colcon.colcon_core.package_identification:_identify(.) by extensions ['colcon_pkg']
[0.404s] Level 1:colcon.colcon_core.package_identification:_identify(.) by extension 'colcon_pkg'
[0.404s] Level 1:colcon.colcon_core.package_identification:_identify(.) by extensions ['colcon_meta']
[0.404s] Level 1:colcon.colcon_core.package_identification:_identify(.) by extension 'colcon_meta'
[0.404s] Level 1:colcon.colcon_core.package_identification:_identify(.) by extensions ['ros']
[0.404s] Level 1:colcon.colcon_core.package_identification:_identify(.) by extension 'ros'
[0.424s] Level 1:colcon.colcon_core.package_identification:_identify(.) by extensions ['cmake', 'python']
[0.424s] Level 1:colcon.colcon_core.package_identification:_identify(.) by extension 'cmake'
[0.424s] Level 1:colcon.colcon_core.package_identification:_identify(.) by extension 'python'
[0.424s] Level 1:colcon.colcon_core.package_identification:_identify(.) by extensions ['python_setup_py']
[0.424s] Level 1:colcon.colcon_core.package_identification:_identify(.) by extension 'python_setup_py'
[0.424s] Level 1:colcon.colcon_core.package_identification:_identify(build) by extensions ['ignore', 'ignore_ament_install']
[0.425s] Level 1:colcon.colcon_core.package_identification:_identify(build) by extension 'ignore'
[0.425s] Level 1:colcon.colcon_core.package_identification:_identify(build) ignored
[0.425s] Level 1:colcon.colcon_core.package_identification:_identify(install) by extensions ['ignore', 'ignore_ament_install']
[0.425s] Level 1:colcon.colcon_core.package_identification:_identify(install) by extension 'ignore'
[0.425s] Level 1:colcon.colcon_core.package_identification:_identify(install) ignored
[0.425s] Level 1:colcon.colcon_core.package_identification:_identify(log) by extensions ['ignore', 'ignore_ament_install']
[0.425s] Level 1:colcon.colcon_core.package_identification:_identify(log) by extension 'ignore'
[0.425s] Level 1:colcon.colcon_core.package_identification:_identify(log) ignored
[0.425s] Level 1:colcon.colcon_core.package_identification:_identify(src) by extensions ['ignore', 'ignore_ament_install']
[0.425s] Level 1:colcon.colcon_core.package_identification:_identify(src) by extension 'ignore'
[0.426s] Level 1:colcon.colcon_core.package_identification:_identify(src) by extension 'ignore_ament_install'
[0.426s] Level 1:colcon.colcon_core.package_identification:_identify(src) by extensions ['colcon_pkg']
[0.426s] Level 1:colcon.colcon_core.package_identification:_identify(src) by extension 'colcon_pkg'
[0.426s] Level 1:colcon.colcon_core.package_identification:_identify(src) by extensions ['colcon_meta']
[0.426s] Level 1:colcon.colcon_core.package_identification:_identify(src) by extension 'colcon_meta'
[0.426s] Level 1:colcon.colcon_core.package_identification:_identify(src) by extensions ['ros']
[0.426s] Level 1:colcon.colcon_core.package_identification:_identify(src) by extension 'ros'
[0.426s] Level 1:colcon.colcon_core.package_identification:_identify(src) by extensions ['cmake', 'python']
[0.426s] Level 1:colcon.colcon_core.package_identification:_identify(src) by extension 'cmake'
[0.426s] Level 1:colcon.colcon_core.package_identification:_identify(src) by extension 'python'
[0.426s] Level 1:colcon.colcon_core.package_identification:_identify(src) by extensions ['python_setup_py']
[0.426s] Level 1:colcon.colcon_core.package_identification:_identify(src) by extension 'python_setup_py'
[0.426s] Level 1:colcon.colcon_core.package_identification:_identify(src/demo_tf) by extensions ['ignore', 'ignore_ament_install']
[0.426s] Level 1:colcon.colcon_core.package_identification:_identify(src/demo_tf) by extension 'ignore'
[0.427s] Level 1:colcon.colcon_core.package_identification:_identify(src/demo_tf) by extension 'ignore_ament_install'
[0.427s] Level 1:colcon.colcon_core.package_identification:_identify(src/demo_tf) by extensions ['colcon_pkg']
[0.427s] Level 1:colcon.colcon_core.package_identification:_identify(src/demo_tf) by extension 'colcon_pkg'
[0.427s] Level 1:colcon.colcon_core.package_identification:_identify(src/demo_tf) by extensions ['colcon_meta']
[0.427s] Level 1:colcon.colcon_core.package_identification:_identify(src/demo_tf) by extension 'colcon_meta'
[0.427s] Level 1:colcon.colcon_core.package_identification:_identify(src/demo_tf) by extensions ['ros']
[0.427s] Level 1:colcon.colcon_core.package_identification:_identify(src/demo_tf) by extension 'ros'
[0.431s] DEBUG:colcon.colcon_core.package_identification:Package 'src/demo_tf' with type 'ros.ament_cmake' and name 'demo_tf'
[0.432s] Level 1:colcon.colcon_core.package_identification:_identify(src/my_interface) by extensions ['ignore', 'ignore_ament_install']
[0.432s] Level 1:colcon.colcon_core.package_identification:_identify(src/my_interface) by extension 'ignore'
[0.432s] Level 1:colcon.colcon_core.package_identification:_identify(src/my_interface) by extension 'ignore_ament_install'
[0.432s] Level 1:colcon.colcon_core.package_identification:_identify(src/my_interface) by extensions ['colcon_pkg']
[0.432s] Level 1:colcon.colcon_core.package_identification:_identify(src/my_interface) by extension 'colcon_pkg'
[0.432s] Level 1:colcon.colcon_core.package_identification:_identify(src/my_interface) by extensions ['colcon_meta']
[0.432s] Level 1:colcon.colcon_core.package_identification:_identify(src/my_interface) by extension 'colcon_meta'
[0.432s] Level 1:colcon.colcon_core.package_identification:_identify(src/my_interface) by extensions ['ros']
[0.432s] Level 1:colcon.colcon_core.package_identification:_identify(src/my_interface) by extension 'ros'
[0.433s] DEBUG:colcon.colcon_core.package_identification:Package 'src/my_interface' with type 'ros.ament_cmake' and name 'my_interface'
[0.434s] Level 1:colcon.colcon_core.package_identification:_identify(src/parameter) by extensions ['ignore', 'ignore_ament_install']
[0.434s] Level 1:colcon.colcon_core.package_identification:_identify(src/parameter) by extension 'ignore'
[0.434s] Level 1:colcon.colcon_core.package_identification:_identify(src/parameter) by extension 'ignore_ament_install'
[0.434s] Level 1:colcon.colcon_core.package_identification:_identify(src/parameter) by extensions ['colcon_pkg']
[0.434s] Level 1:colcon.colcon_core.package_identification:_identify(src/parameter) by extension 'colcon_pkg'
[0.434s] Level 1:colcon.colcon_core.package_identification:_identify(src/parameter) by extensions ['colcon_meta']
[0.434s] Level 1:colcon.colcon_core.package_identification:_identify(src/parameter) by extension 'colcon_meta'
[0.434s] Level 1:colcon.colcon_core.package_identification:_identify(src/parameter) by extensions ['ros']
[0.434s] Level 1:colcon.colcon_core.package_identification:_identify(src/parameter) by extension 'ros'
[0.435s] DEBUG:colcon.colcon_core.package_identification:Package 'src/parameter' with type 'ros.ament_cmake' and name 'parameter'
[0.436s] Level 1:colcon.colcon_core.package_identification:_identify(src/robot_description) by extensions ['ignore', 'ignore_ament_install']
[0.436s] Level 1:colcon.colcon_core.package_identification:_identify(src/robot_description) by extension 'ignore'
[0.436s] Level 1:colcon.colcon_core.package_identification:_identify(src/robot_description) by extension 'ignore_ament_install'
[0.436s] Level 1:colcon.colcon_core.package_identification:_identify(src/robot_description) by extensions ['colcon_pkg']
[0.436s] Level 1:colcon.colcon_core.package_identification:_identify(src/robot_description) by extension 'colcon_pkg'
[0.436s] Level 1:colcon.colcon_core.package_identification:_identify(src/robot_description) by extensions ['colcon_meta']
[0.436s] Level 1:colcon.colcon_core.package_identification:_identify(src/robot_description) by extension 'colcon_meta'
[0.436s] Level 1:colcon.colcon_core.package_identification:_identify(src/robot_description) by extensions ['ros']
[0.436s] Level 1:colcon.colcon_core.package_identification:_identify(src/robot_description) by extension 'ros'
[0.437s] DEBUG:colcon.colcon_core.package_identification:Package 'src/robot_description' with type 'ros.ament_cmake' and name 'robot_description'
[0.437s] Level 1:colcon.colcon_core.package_identification:_identify(src/service) by extensions ['ignore', 'ignore_ament_install']
[0.437s] Level 1:colcon.colcon_core.package_identification:_identify(src/service) by extension 'ignore'
[0.437s] Level 1:colcon.colcon_core.package_identification:_identify(src/service) by extension 'ignore_ament_install'
[0.438s] Level 1:colcon.colcon_core.package_identification:_identify(src/service) by extensions ['colcon_pkg']
[0.438s] Level 1:colcon.colcon_core.package_identification:_identify(src/service) by extension 'colcon_pkg'
[0.438s] Level 1:colcon.colcon_core.package_identification:_identify(src/service) by extensions ['colcon_meta']
[0.438s] Level 1:colcon.colcon_core.package_identification:_identify(src/service) by extension 'colcon_meta'
[0.438s] Level 1:colcon.colcon_core.package_identification:_identify(src/service) by extensions ['ros']
[0.438s] Level 1:colcon.colcon_core.package_identification:_identify(src/service) by extension 'ros'
[0.439s] DEBUG:colcon.colcon_core.package_identification:Package 'src/service' with type 'ros.ament_cmake' and name 'service'
[0.439s] Level 1:colcon.colcon_core.package_identification:_identify(src/topic) by extensions ['ignore', 'ignore_ament_install']
[0.439s] Level 1:colcon.colcon_core.package_identification:_identify(src/topic) by extension 'ignore'
[0.439s] Level 1:colcon.colcon_core.package_identification:_identify(src/topic) by extension 'ignore_ament_install'
[0.439s] Level 1:colcon.colcon_core.package_identification:_identify(src/topic) by extensions ['colcon_pkg']
[0.439s] Level 1:colcon.colcon_core.package_identification:_identify(src/topic) by extension 'colcon_pkg'
[0.440s] Level 1:colcon.colcon_core.package_identification:_identify(src/topic) by extensions ['colcon_meta']
[0.440s] Level 1:colcon.colcon_core.package_identification:_identify(src/topic) by extension 'colcon_meta'
[0.440s] Level 1:colcon.colcon_core.package_identification:_identify(src/topic) by extensions ['ros']
[0.440s] Level 1:colcon.colcon_core.package_identification:_identify(src/topic) by extension 'ros'
[0.441s] DEBUG:colcon.colcon_core.package_identification:Package 'src/topic' with type 'ros.ament_cmake' and name 'topic'
[0.441s] Level 1:colcon.colcon_core.package_discovery:discover_packages(recursive) using defaults
[0.441s] Level 1:colcon.colcon_core.package_discovery:discover_packages(ignore) discover
[0.441s] Level 1:colcon.colcon_core.package_discovery:discover_packages(ignore) using defaults
[0.441s] Level 1:colcon.colcon_core.package_discovery:discover_packages(path) discover
[0.441s] Level 1:colcon.colcon_core.package_discovery:discover_packages(path) using defaults
[0.473s] INFO:colcon.colcon_core.package_selection:Skipping not selected package 'demo_tf' in 'src/demo_tf'
[0.473s] INFO:colcon.colcon_core.package_selection:Skipping not selected package 'my_interface' in 'src/my_interface'
[0.473s] INFO:colcon.colcon_core.package_selection:Skipping not selected package 'parameter' in 'src/parameter'
[0.473s] INFO:colcon.colcon_core.package_selection:Skipping not selected package 'service' in 'src/service'
[0.473s] INFO:colcon.colcon_core.package_selection:Skipping not selected package 'topic' in 'src/topic'
[0.473s] Level 1:colcon.colcon_core.package_discovery:discover_packages(prefix_path) check parameters
[0.473s] Level 1:colcon.colcon_core.package_discovery:discover_packages(prefix_path) discover
[0.476s] DEBUG:colcon.colcon_installed_package_information.package_discovery:Found 6 installed packages in /home/wublabdubdub/Learn/DFG/Ros2_WS/install
[0.478s] DEBUG:colcon.colcon_installed_package_information.package_discovery:Found 281 installed packages in /opt/ros/humble
[0.496s] Level 1:colcon.colcon_core.package_discovery:discover_packages(prefix_path) using defaults
[0.551s] Level 5:colcon.colcon_core.verb:set package 'robot_description' build argument 'cmake_args' from command line to 'None'
[0.551s] Level 5:colcon.colcon_core.verb:set package 'robot_description' build argument 'cmake_target' from command line to 'None'
[0.551s] Level 5:colcon.colcon_core.verb:set package 'robot_description' build argument 'cmake_target_skip_unavailable' from command line to 'False'
[0.552s] Level 5:colcon.colcon_core.verb:set package 'robot_description' build argument 'cmake_clean_cache' from command line to 'False'
[0.552s] Level 5:colcon.colcon_core.verb:set package 'robot_description' build argument 'cmake_clean_first' from command line to 'False'
[0.552s] Level 5:colcon.colcon_core.verb:set package 'robot_description' build argument 'cmake_force_configure' from command line to 'False'
[0.552s] Level 5:colcon.colcon_core.verb:set package 'robot_description' build argument 'ament_cmake_args' from command line to 'None'
[0.552s] Level 5:colcon.colcon_core.verb:set package 'robot_description' build argument 'catkin_cmake_args' from command line to 'None'
[0.552s] Level 5:colcon.colcon_core.verb:set package 'robot_description' build argument 'catkin_skip_building_tests' from command line to 'False'
[0.552s] DEBUG:colcon.colcon_core.verb:Building package 'robot_description' with the following arguments: {'ament_cmake_args': None, 'build_base': '/home/wublabdubdub/Learn/DFG/Ros2_WS/build/robot_description', 'catkin_cmake_args': None, 'catkin_skip_building_tests': False, 'cmake_args': None, 'cmake_clean_cache': False, 'cmake_clean_first': False, 'cmake_force_configure': False, 'cmake_target': None, 'cmake_target_skip_unavailable': False, 'install_base': '/home/wublabdubdub/Learn/DFG/Ros2_WS/install/robot_description', 'merge_install': False, 'path': '/home/wublabdubdub/Learn/DFG/Ros2_WS/src/robot_description', 'symlink_install': False, 'test_result_base': None}
[0.552s] INFO:colcon.colcon_core.executor:Executing jobs using 'parallel' executor
[0.555s] DEBUG:colcon.colcon_parallel_executor.executor.parallel:run_until_complete
[0.556s] INFO:colcon.colcon_ros.task.ament_cmake.build:Building ROS package in '/home/wublabdubdub/Learn/DFG/Ros2_WS/src/robot_description' with build type 'ament_cmake'
[0.556s] INFO:colcon.colcon_cmake.task.cmake.build:Building CMake package in '/home/wublabdubdub/Learn/DFG/Ros2_WS/src/robot_description'
[0.558s] INFO:colcon.colcon_core.plugin_system:Skipping extension 'colcon_core.shell.bat': Not used on non-Windows systems
[0.559s] INFO:colcon.colcon_core.shell:Skip shell extension 'powershell' for command environment: Not usable outside of PowerShell
[0.559s] DEBUG:colcon.colcon_core.shell:Skip shell extension 'dsv' for command environment
[0.586s] DEBUG:colcon.colcon_core.event_handler.log_command:Invoking command in '/home/wublabdubdub/Learn/DFG/Ros2_WS/build/robot_description': CMAKE_PREFIX_PATH=${CMAKE_PREFIX_PATH}:/opt/ros/humble /usr/bin/cmake --build /home/wublabdubdub/Learn/DFG/Ros2_WS/build/robot_description -- -j2 -l2
[0.754s] DEBUG:colcon.colcon_core.event_handler.log_command:Invoked command in '/home/wublabdubdub/Learn/DFG/Ros2_WS/build/robot_description' returned '0': CMAKE_PREFIX_PATH=${CMAKE_PREFIX_PATH}:/opt/ros/humble /usr/bin/cmake --build /home/wublabdubdub/Learn/DFG/Ros2_WS/build/robot_description -- -j2 -l2
[0.803s] DEBUG:colcon.colcon_core.event_handler.log_command:Invoking command in '/home/wublabdubdub/Learn/DFG/Ros2_WS/build/robot_description': CMAKE_PREFIX_PATH=${CMAKE_PREFIX_PATH}:/opt/ros/humble /usr/bin/cmake --install /home/wublabdubdub/Learn/DFG/Ros2_WS/build/robot_description
[0.855s] Level 1:colcon.colcon_core.environment:create_environment_scripts_only(robot_description)
[0.869s] Level 1:colcon.colcon_core.environment:checking '/home/wublabdubdub/Learn/DFG/Ros2_WS/install/robot_description' for CMake module files
[0.871s] DEBUG:colcon.colcon_core.event_handler.log_command:Invoked command in '/home/wublabdubdub/Learn/DFG/Ros2_WS/build/robot_description' returned '0': CMAKE_PREFIX_PATH=${CMAKE_PREFIX_PATH}:/opt/ros/humble /usr/bin/cmake --install /home/wublabdubdub/Learn/DFG/Ros2_WS/build/robot_description
[0.872s] Level 1:colcon.colcon_core.environment:checking '/home/wublabdubdub/Learn/DFG/Ros2_WS/install/robot_description' for CMake config files
[0.876s] Level 1:colcon.colcon_core.shell:create_environment_hook('robot_description', 'cmake_prefix_path')
[0.876s] INFO:colcon.colcon_core.shell:Creating environment hook '/home/wublabdubdub/Learn/DFG/Ros2_WS/install/robot_description/share/robot_description/hook/cmake_prefix_path.ps1'
[0.886s] INFO:colcon.colcon_core.shell:Creating environment descriptor '/home/wublabdubdub/Learn/DFG/Ros2_WS/install/robot_description/share/robot_description/hook/cmake_prefix_path.dsv'
[0.891s] INFO:colcon.colcon_core.shell:Creating environment hook '/home/wublabdubdub/Learn/DFG/Ros2_WS/install/robot_description/share/robot_description/hook/cmake_prefix_path.sh'
[0.900s] Level 1:colcon.colcon_core.environment:checking '/home/wublabdubdub/Learn/DFG/Ros2_WS/install/robot_description/bin'
[0.900s] Level 1:colcon.colcon_core.environment:checking '/home/wublabdubdub/Learn/DFG/Ros2_WS/install/robot_description/lib/pkgconfig/robot_description.pc'
[0.904s] Level 1:colcon.colcon_core.environment:checking '/home/wublabdubdub/Learn/DFG/Ros2_WS/install/robot_description/lib/python3.10/site-packages'
[0.905s] Level 1:colcon.colcon_core.environment:checking '/home/wublabdubdub/Learn/DFG/Ros2_WS/install/robot_description/bin'
[0.905s] INFO:colcon.colcon_core.shell:Creating package script '/home/wublabdubdub/Learn/DFG/Ros2_WS/install/robot_description/share/robot_description/package.ps1'
[0.912s] INFO:colcon.colcon_core.shell:Creating package descriptor '/home/wublabdubdub/Learn/DFG/Ros2_WS/install/robot_description/share/robot_description/package.dsv'
[0.915s] INFO:colcon.colcon_core.shell:Creating package script '/home/wublabdubdub/Learn/DFG/Ros2_WS/install/robot_description/share/robot_description/package.sh'
[0.918s] INFO:colcon.colcon_core.shell:Creating package script '/home/wublabdubdub/Learn/DFG/Ros2_WS/install/robot_description/share/robot_description/package.bash'
[0.927s] INFO:colcon.colcon_core.shell:Creating package script '/home/wublabdubdub/Learn/DFG/Ros2_WS/install/robot_description/share/robot_description/package.zsh'
[0.932s] Level 1:colcon.colcon_core.environment:create_file_with_runtime_dependencies(/home/wublabdubdub/Learn/DFG/Ros2_WS/install/robot_description/share/colcon-core/packages/robot_description)
[0.934s] Level 1:colcon.colcon_core.environment:create_environment_scripts_only(robot_description)
[0.934s] Level 1:colcon.colcon_core.environment:checking '/home/wublabdubdub/Learn/DFG/Ros2_WS/install/robot_description' for CMake module files
[0.937s] Level 1:colcon.colcon_core.environment:checking '/home/wublabdubdub/Learn/DFG/Ros2_WS/install/robot_description' for CMake config files
[0.940s] Level 1:colcon.colcon_core.shell:create_environment_hook('robot_description', 'cmake_prefix_path')
[0.940s] INFO:colcon.colcon_core.shell:Creating environment hook '/home/wublabdubdub/Learn/DFG/Ros2_WS/install/robot_description/share/robot_description/hook/cmake_prefix_path.ps1'
[0.944s] INFO:colcon.colcon_core.shell:Creating environment descriptor '/home/wublabdubdub/Learn/DFG/Ros2_WS/install/robot_description/share/robot_description/hook/cmake_prefix_path.dsv'
[0.945s] INFO:colcon.colcon_core.shell:Creating environment hook '/home/wublabdubdub/Learn/DFG/Ros2_WS/install/robot_description/share/robot_description/hook/cmake_prefix_path.sh'
[0.949s] Level 1:colcon.colcon_core.environment:checking '/home/wublabdubdub/Learn/DFG/Ros2_WS/install/robot_description/bin'
[0.950s] Level 1:colcon.colcon_core.environment:checking '/home/wublabdubdub/Learn/DFG/Ros2_WS/install/robot_description/lib/pkgconfig/robot_description.pc'
[0.950s] Level 1:colcon.colcon_core.environment:checking '/home/wublabdubdub/Learn/DFG/Ros2_WS/install/robot_description/lib/python3.10/site-packages'
[0.950s] Level 1:colcon.colcon_core.environment:checking '/home/wublabdubdub/Learn/DFG/Ros2_WS/install/robot_description/bin'
[0.951s] INFO:colcon.colcon_core.shell:Creating package script '/home/wublabdubdub/Learn/DFG/Ros2_WS/install/robot_description/share/robot_description/package.ps1'
[0.958s] INFO:colcon.colcon_core.shell:Creating package descriptor '/home/wublabdubdub/Learn/DFG/Ros2_WS/install/robot_description/share/robot_description/package.dsv'
[0.960s] INFO:colcon.colcon_core.shell:Creating package script '/home/wublabdubdub/Learn/DFG/Ros2_WS/install/robot_description/share/robot_description/package.sh'
[0.963s] INFO:colcon.colcon_core.shell:Creating package script '/home/wublabdubdub/Learn/DFG/Ros2_WS/install/robot_description/share/robot_description/package.bash'
[0.966s] INFO:colcon.colcon_core.shell:Creating package script '/home/wublabdubdub/Learn/DFG/Ros2_WS/install/robot_description/share/robot_description/package.zsh'
[0.968s] Level 1:colcon.colcon_core.environment:create_file_with_runtime_dependencies(/home/wublabdubdub/Learn/DFG/Ros2_WS/install/robot_description/share/colcon-core/packages/robot_description)
[0.970s] DEBUG:colcon.colcon_parallel_executor.executor.parallel:closing loop
[0.971s] DEBUG:colcon.colcon_parallel_executor.executor.parallel:loop closed
[0.971s] DEBUG:colcon.colcon_parallel_executor.executor.parallel:run_until_complete finished with '0'
[0.972s] DEBUG:colcon.colcon_core.event_reactor:joining thread
[0.989s] INFO:colcon.colcon_core.plugin_system:Skipping extension 'colcon_notification.desktop_notification.terminal_notifier': Not used on non-Darwin systems
[0.990s] INFO:colcon.colcon_core.plugin_system:Skipping extension 'colcon_notification.desktop_notification.win32': Not used on non-Windows systems
[0.991s] INFO:colcon.colcon_notification.desktop_notification:Sending desktop notification using 'notify2'
[1.031s] DEBUG:colcon.colcon_core.event_reactor:joined thread
[1.032s] INFO:colcon.colcon_core.shell:Creating prefix script '/home/wublabdubdub/Learn/DFG/Ros2_WS/install/local_setup.ps1'
[1.042s] INFO:colcon.colcon_core.shell:Creating prefix util module '/home/wublabdubdub/Learn/DFG/Ros2_WS/install/_local_setup_util_ps1.py'
[1.052s] INFO:colcon.colcon_core.shell:Creating prefix chain script '/home/wublabdubdub/Learn/DFG/Ros2_WS/install/setup.ps1'
[1.060s] INFO:colcon.colcon_core.shell:Creating prefix script '/home/wublabdubdub/Learn/DFG/Ros2_WS/install/local_setup.sh'
[1.064s] INFO:colcon.colcon_core.shell:Creating prefix util module '/home/wublabdubdub/Learn/DFG/Ros2_WS/install/_local_setup_util_sh.py'
[1.069s] INFO:colcon.colcon_core.shell:Creating prefix chain script '/home/wublabdubdub/Learn/DFG/Ros2_WS/install/setup.sh'
[1.075s] INFO:colcon.colcon_core.shell:Creating prefix script '/home/wublabdubdub/Learn/DFG/Ros2_WS/install/local_setup.bash'
[1.076s] INFO:colcon.colcon_core.shell:Creating prefix chain script '/home/wublabdubdub/Learn/DFG/Ros2_WS/install/setup.bash'
[1.082s] INFO:colcon.colcon_core.shell:Creating prefix script '/home/wublabdubdub/Learn/DFG/Ros2_WS/install/local_setup.zsh'
[1.086s] INFO:colcon.colcon_core.shell:Creating prefix chain script '/home/wublabdubdub/Learn/DFG/Ros2_WS/install/setup.zsh'
