[0.028s] Invoking command in '/home/wublabdubdub/Learn/DFG/Ros2_WS/build/topic': CMAKE_PREFIX_PATH=${CMAKE_PREFIX_PATH}:/opt/ros/humble /usr/bin/cmake --build /home/wublabdubdub/Learn/DFG/Ros2_WS/build/topic -- -j2 -l2
[0.122s] -- Found ament_cmake: 1.3.12 (/opt/ros/humble/share/ament_cmake/cmake)
[0.558s] -- Found rclcpp: 16.0.15 (/opt/ros/humble/share/rclcpp/cmake)
[0.613s] -- Found rosidl_generator_c: 3.1.7 (/opt/ros/humble/share/rosidl_generator_c/cmake)
[0.624s] -- Found rosidl_adapter: 3.1.7 (/opt/ros/humble/share/rosidl_adapter/cmake)
[0.638s] -- Found rosidl_generator_cpp: 3.1.7 (/opt/ros/humble/share/rosidl_generator_cpp/cmake)
[0.667s] -- Using all available rosidl_typesupport_c: rosidl_typesupport_fastrtps_c;rosidl_typesupport_introspection_c
[0.701s] -- Using all available rosidl_typesupport_cpp: rosidl_typesupport_fastrtps_cpp;rosidl_typesupport_introspection_cpp
[0.793s] -- Found rmw_implementation_cmake: 6.1.2 (/opt/ros/humble/share/rmw_implementation_cmake/cmake)
[0.793s] -- Found rmw_fastrtps_cpp: 6.2.9 (/opt/ros/humble/share/rmw_fastrtps_cpp/cmake)
[0.951s] -- Using RMW implementation 'rmw_fastrtps_cpp' as default
[0.991s] -- Found ament_lint_auto: 0.12.14 (/opt/ros/humble/share/ament_lint_auto/cmake)
[1.067s] -- Added test 'cppcheck' to perform static code analysis on C / C++ code
[1.067s] -- Configured cppcheck include dirs: 
[1.067s] -- Configured cppcheck exclude dirs and/or files: 
[1.069s] -- Added test 'lint_cmake' to check CMake code style
[1.069s] -- Added test 'uncrustify' to check C / C++ code style
[1.069s] -- Configured uncrustify additional arguments: 
[1.069s] -- Added test 'xmllint' to check XML markup files
[1.070s] -- Configuring incomplete, errors occurred!
[1.070s] See also "/home/wublabdubdub/Learn/DFG/Ros2_WS/build/topic/CMakeFiles/CMakeOutput.log".
[1.070s] [31mCMake Error at CMakeLists.txt:29 (install):
[1.071s]   install does not recognize sub-command TAPGETS
[1.071s] 
[1.071s] [0m
[1.082s] gmake: *** [Makefile:226：cmake_check_build_system] 错误 1
[1.086s] Invoked command in '/home/wublabdubdub/Learn/DFG/Ros2_WS/build/topic' returned '2': CMAKE_PREFIX_PATH=${CMAKE_PREFIX_PATH}:/opt/ros/humble /usr/bin/cmake --build /home/wublabdubdub/Learn/DFG/Ros2_WS/build/topic -- -j2 -l2
