In file included from [01m[K/opt/ros/humble/include/rclcpp/rclcpp/logging.hpp:24[m[K,
                 from [01m[K/opt/ros/humble/include/rclcpp/rclcpp/client.hpp:40[m[K,
                 from [01m[K/opt/ros/humble/include/rclcpp/rclcpp/callback_group.hpp:24[m[K,
                 from [01m[K/opt/ros/humble/include/rclcpp/rclcpp/any_executable.hpp:20[m[K,
                 from [01m[K/opt/ros/humble/include/rclcpp/rclcpp/memory_strategy.hpp:25[m[K,
                 from [01m[K/opt/ros/humble/include/rclcpp/rclcpp/memory_strategies.hpp:18[m[K,
                 from [01m[K/opt/ros/humble/include/rclcpp/rclcpp/executor_options.hpp:20[m[K,
                 from [01m[K/opt/ros/humble/include/rclcpp/rclcpp/executor.hpp:37[m[K,
                 from [01m[K/opt/ros/humble/include/rclcpp/rclcpp/executors/multi_threaded_executor.hpp:25[m[K,
                 from [01m[K/opt/ros/humble/include/rclcpp/rclcpp/executors.hpp:21[m[K,
                 from [01m[K/opt/ros/humble/include/rclcpp/rclcpp/rclcpp.hpp:155[m[K,
                 from [01m[K/home/wublabdubdub/Learn/DFG/Ros2_WS/src/topic/src/Topic_Publisher.cpp:1[m[K:
[01m[K/home/wublabdubdub/Learn/DFG/Ros2_WS/src/topic/src/Topic_Publisher.cpp:[m[K In member function ‘[01m[Kvoid TopicPublisher::timer_callback()[m[K’:
[01m[K/home/wublabdubdub/Learn/DFG/Ros2_WS/src/topic/src/Topic_Publisher.cpp:20:40:[m[K [01;35m[Kwarning: [m[Kformat ‘[01m[K%lld[m[K’ expects argument of type ‘[01m[Klong long int[m[K’, but argument 6 has type ‘[01m[Kmy_interface::msg::Example_<std::allocator<void> >::_data2_type[m[K’ {aka ‘[01m[Klong int[m[K’} [[01;35m[K]8;;https://gcc.gnu.org/onlinedocs/gcc/Warning-Options.html#index-Wformat=-Wformat=]8;;[m[K]
   20 |         RCLCPP_INFO(this->get_logger(),[01;35m[K"Publish: %d,%lld"[m[K,message.data1,[32m[Kmessage.data2[m[K);
      |                                        [01;35m[K^~~~~~~~~~~~~~~~~~[m[K               [32m[K~~~~~~~~~~~~~[m[K
      |                                                                                 [32m[K|[m[K
      |                                                                                 [32m[Kmy_interface::msg::Example_<std::allocator<void> >::_data2_type {aka long int}[m[K
[01m[K/home/wublabdubdub/Learn/DFG/Ros2_WS/src/topic/src/Topic_Publisher.cpp:20:56:[m[K [01;36m[Knote: [m[Kformat string is defined here
   20 |         RCLCPP_INFO(this->get_logger(),"Publish: %d,[01;36m[K%lld[m[K",message.data1,message.data2);
      |                                                     [01;36m[K~~~^[m[K
      |                                                        [01;36m[K|[m[K
      |                                                        [01;36m[Klong long int[m[K
      |                                                     [32m[K%ld[m[K
