[0.071s] Invoking command in '/home/wublabdubdub/Learn/DFG/Ros2_WS/build/topic': CMAKE_PREFIX_PATH=/home/wublabdubdub/Learn/DFG/Ros2_WS/install/my_interface:/home/wublabdubdub/Learn/DFG/Ros2_WS/install/topic:/home/wublabdubdub/Learn/DFG/Ros2_WS/install/service:/opt/ros/humble /usr/bin/cmake --build /home/wublabdubdub/Learn/DFG/Ros2_WS/build/topic -- -j2 -l2
[0.365s] [35m[1mConsolidate compiler generated dependencies of target TopicPublisher[0m
[0.437s] [ 25%] [32mBuilding CXX object CMakeFiles/TopicPublisher.dir/src/Topic_Publisher.cpp.o[0m
[5.061s] In file included from [01m[K/opt/ros/humble/include/rclcpp/rclcpp/logging.hpp:24[m[K,
[5.061s]                  from [01m[K/opt/ros/humble/include/rclcpp/rclcpp/client.hpp:40[m[K,
[5.061s]                  from [01m[K/opt/ros/humble/include/rclcpp/rclcpp/callback_group.hpp:24[m[K,
[5.061s]                  from [01m[K/opt/ros/humble/include/rclcpp/rclcpp/any_executable.hpp:20[m[K,
[5.061s]                  from [01m[K/opt/ros/humble/include/rclcpp/rclcpp/memory_strategy.hpp:25[m[K,
[5.062s]                  from [01m[K/opt/ros/humble/include/rclcpp/rclcpp/memory_strategies.hpp:18[m[K,
[5.062s]                  from [01m[K/opt/ros/humble/include/rclcpp/rclcpp/executor_options.hpp:20[m[K,
[5.062s]                  from [01m[K/opt/ros/humble/include/rclcpp/rclcpp/executor.hpp:37[m[K,
[5.062s]                  from [01m[K/opt/ros/humble/include/rclcpp/rclcpp/executors/multi_threaded_executor.hpp:25[m[K,
[5.062s]                  from [01m[K/opt/ros/humble/include/rclcpp/rclcpp/executors.hpp:21[m[K,
[5.062s]                  from [01m[K/opt/ros/humble/include/rclcpp/rclcpp/rclcpp.hpp:155[m[K,
[5.062s]                  from [01m[K/home/wublabdubdub/Learn/DFG/Ros2_WS/src/topic/src/Topic_Publisher.cpp:1[m[K:
[5.062s] [01m[K/home/wublabdubdub/Learn/DFG/Ros2_WS/src/topic/src/Topic_Publisher.cpp:[m[K In member function ‘[01m[Kvoid TopicPublisher::timer_callback()[m[K’:
[5.062s] [01m[K/home/wublabdubdub/Learn/DFG/Ros2_WS/src/topic/src/Topic_Publisher.cpp:20:40:[m[K [01;35m[Kwarning: [m[Kformat ‘[01m[K%lld[m[K’ expects argument of type ‘[01m[Klong long int[m[K’, but argument 6 has type ‘[01m[Kmy_interface::msg::Example_<std::allocator<void> >::_data2_type[m[K’ {aka ‘[01m[Klong int[m[K’} [[01;35m[K]8;;https://gcc.gnu.org/onlinedocs/gcc/Warning-Options.html#index-Wformat=-Wformat=]8;;[m[K]
[5.062s]    20 |         RCLCPP_INFO(this->get_logger(),[01;35m[K"Publish: %d,%lld"[m[K,message.data1,[32m[Kmessage.data2[m[K);
[5.068s]       |                                        [01;35m[K^~~~~~~~~~~~~~~~~~[m[K               [32m[K~~~~~~~~~~~~~[m[K
[5.068s]       |                                                                                 [32m[K|[m[K
[5.068s]       |                                                                                 [32m[Kmy_interface::msg::Example_<std::allocator<void> >::_data2_type {aka long int}[m[K
[5.068s] [01m[K/home/wublabdubdub/Learn/DFG/Ros2_WS/src/topic/src/Topic_Publisher.cpp:20:56:[m[K [01;36m[Knote: [m[Kformat string is defined here
[5.068s]    20 |         RCLCPP_INFO(this->get_logger(),"Publish: %d,[01;36m[K%lld[m[K",message.data1,message.data2);
[5.068s]       |                                                     [01;36m[K~~~^[m[K
[5.068s]       |                                                        [01;36m[K|[m[K
[5.068s]       |                                                        [01;36m[Klong long int[m[K
[5.069s]       |                                                     [32m[K%ld[m[K
[8.154s] [ 50%] [32m[1mLinking CXX executable TopicPublisher[0m
[8.445s] [ 50%] Built target TopicPublisher
[8.535s] [100%] Built target TopicSubscriber
[8.601s] Invoked command in '/home/wublabdubdub/Learn/DFG/Ros2_WS/build/topic' returned '0': CMAKE_PREFIX_PATH=/home/wublabdubdub/Learn/DFG/Ros2_WS/install/my_interface:/home/wublabdubdub/Learn/DFG/Ros2_WS/install/topic:/home/wublabdubdub/Learn/DFG/Ros2_WS/install/service:/opt/ros/humble /usr/bin/cmake --build /home/wublabdubdub/Learn/DFG/Ros2_WS/build/topic -- -j2 -l2
[8.674s] Invoking command in '/home/wublabdubdub/Learn/DFG/Ros2_WS/build/topic': CMAKE_PREFIX_PATH=/home/wublabdubdub/Learn/DFG/Ros2_WS/install/my_interface:/home/wublabdubdub/Learn/DFG/Ros2_WS/install/topic:/home/wublabdubdub/Learn/DFG/Ros2_WS/install/service:/opt/ros/humble /usr/bin/cmake --install /home/wublabdubdub/Learn/DFG/Ros2_WS/build/topic
[8.730s] -- Install configuration: ""
[8.730s] -- Installing: /home/wublabdubdub/Learn/DFG/Ros2_WS/install/topic/share/ament_index/resource_index/package_run_dependencies/topic
[8.734s] -- Up-to-date: /home/wublabdubdub/Learn/DFG/Ros2_WS/install/topic/share/ament_index/resource_index/parent_prefix_path/topic
[8.734s] -- Up-to-date: /home/wublabdubdub/Learn/DFG/Ros2_WS/install/topic/share/topic/environment/ament_prefix_path.sh
[8.734s] -- Installing: /home/wublabdubdub/Learn/DFG/Ros2_WS/install/topic/share/topic/environment/ament_prefix_path.dsv
[8.734s] -- Up-to-date: /home/wublabdubdub/Learn/DFG/Ros2_WS/install/topic/share/topic/environment/path.sh
[8.734s] -- Installing: /home/wublabdubdub/Learn/DFG/Ros2_WS/install/topic/share/topic/environment/path.dsv
[8.734s] -- Up-to-date: /home/wublabdubdub/Learn/DFG/Ros2_WS/install/topic/share/topic/local_setup.bash
[8.737s] -- Up-to-date: /home/wublabdubdub/Learn/DFG/Ros2_WS/install/topic/share/topic/local_setup.sh
[8.738s] -- Up-to-date: /home/wublabdubdub/Learn/DFG/Ros2_WS/install/topic/share/topic/local_setup.zsh
[8.738s] -- Installing: /home/wublabdubdub/Learn/DFG/Ros2_WS/install/topic/share/topic/local_setup.dsv
[8.738s] -- Installing: /home/wublabdubdub/Learn/DFG/Ros2_WS/install/topic/share/topic/package.dsv
[8.738s] -- Up-to-date: /home/wublabdubdub/Learn/DFG/Ros2_WS/install/topic/share/ament_index/resource_index/packages/topic
[8.738s] -- Up-to-date: /home/wublabdubdub/Learn/DFG/Ros2_WS/install/topic/share/topic/cmake/topicConfig.cmake
[8.740s] -- Up-to-date: /home/wublabdubdub/Learn/DFG/Ros2_WS/install/topic/share/topic/cmake/topicConfig-version.cmake
[8.740s] -- Installing: /home/wublabdubdub/Learn/DFG/Ros2_WS/install/topic/share/topic/package.xml
[8.742s] -- Installing: /home/wublabdubdub/Learn/DFG/Ros2_WS/install/topic/lib/topic/TopicPublisher
[8.751s] -- Set runtime path of "/home/wublabdubdub/Learn/DFG/Ros2_WS/install/topic/lib/topic/TopicPublisher" to ""
[8.751s] -- Up-to-date: /home/wublabdubdub/Learn/DFG/Ros2_WS/install/topic/lib/topic/TopicSubscriber
[8.762s] Invoked command in '/home/wublabdubdub/Learn/DFG/Ros2_WS/build/topic' returned '0': CMAKE_PREFIX_PATH=/home/wublabdubdub/Learn/DFG/Ros2_WS/install/my_interface:/home/wublabdubdub/Learn/DFG/Ros2_WS/install/topic:/home/wublabdubdub/Learn/DFG/Ros2_WS/install/service:/opt/ros/humble /usr/bin/cmake --install /home/wublabdubdub/Learn/DFG/Ros2_WS/build/topic
