[0.327s] Invoking command in '/home/wublabdubdub/Learn/DFG/Ros2_WS/build/demo_tf': CMAKE_PREFIX_PATH=${CMAKE_PREFIX_PATH}:/opt/ros/humble /usr/bin/cmake --build /home/wublabdubdub/Learn/DFG/Ros2_WS/build/demo_tf -- -j2 -l2
[0.936s] -- Found ament_cmake: 1.3.12 (/opt/ros/humble/share/ament_cmake/cmake)
[2.650s] -- Found rclcpp: 16.0.15 (/opt/ros/humble/share/rclcpp/cmake)
[2.801s] -- Found rosidl_generator_c: 3.1.7 (/opt/ros/humble/share/rosidl_generator_c/cmake)
[2.829s] -- Found rosidl_adapter: 3.1.7 (/opt/ros/humble/share/rosidl_adapter/cmake)
[2.869s] -- Found rosidl_generator_cpp: 3.1.7 (/opt/ros/humble/share/rosidl_generator_cpp/cmake)
[2.969s] -- Using all available rosidl_typesupport_c: rosidl_typesupport_fastrtps_c;rosidl_typesupport_introspection_c
[3.094s] -- Using all available rosidl_typesupport_cpp: rosidl_typesupport_fastrtps_cpp;rosidl_typesupport_introspection_cpp
[3.417s] -- Found rmw_implementation_cmake: 6.1.2 (/opt/ros/humble/share/rmw_implementation_cmake/cmake)
[3.479s] -- Found rmw_fastrtps_cpp: 6.2.9 (/opt/ros/humble/share/rmw_fastrtps_cpp/cmake)
[4.944s] -- Using RMW implementation 'rmw_fastrtps_cpp' as default
[5.728s] -- Found tf2_ros: 0.25.16 (/opt/ros/humble/share/tf2_ros/cmake)
[7.024s] -- Found tf2_geometry_msgs: 0.25.16 (/opt/ros/humble/share/tf2_geometry_msgs/cmake)
[7.055s] -- Found eigen3_cmake_module: 0.1.1 (/opt/ros/humble/share/eigen3_cmake_module/cmake)
[7.063s] -- Ensuring Eigen3 include directory is part of orocos-kdl CMake target
[7.089s] -- Found ament_lint_auto: 0.12.14 (/opt/ros/humble/share/ament_lint_auto/cmake)
[7.761s] -- Added test 'cppcheck' to perform static code analysis on C / C++ code
[7.766s] -- Configured cppcheck include dirs: 
[7.779s] -- Configured cppcheck exclude dirs and/or files: 
[7.791s] -- Added test 'flake8' to check Python code syntax and style conventions
[7.804s] -- Added test 'lint_cmake' to check CMake code style
[7.804s] -- Added test 'pep257' to check Python code against some of the docstring style conventions in PEP 257
[7.822s] -- Added test 'uncrustify' to check C / C++ code style
[7.823s] -- Configured uncrustify additional arguments: 
[7.823s] -- Added test 'xmllint' to check XML markup files
[7.838s] -- Configuring done
[8.269s] -- Generating done
[8.336s] -- Build files have been written to: /home/wublabdubdub/Learn/DFG/Ros2_WS/build/demo_tf
[8.986s] [35m[1mConsolidate compiler generated dependencies of target static_tf_broadcaster[0m
[9.378s] [ 33%] Built target static_tf_broadcaster
[9.806s] [35m[1mConsolidate compiler generated dependencies of target dynamic_tf_broadcaster[0m
[10.279s] [ 66%] Built target dynamic_tf_broadcaster
[10.485s] [35m[1mConsolidate compiler generated dependencies of target tf_listener[0m
[11.142s] [100%] Built target tf_listener
[11.415s] Invoked command in '/home/wublabdubdub/Learn/DFG/Ros2_WS/build/demo_tf' returned '0': CMAKE_PREFIX_PATH=${CMAKE_PREFIX_PATH}:/opt/ros/humble /usr/bin/cmake --build /home/wublabdubdub/Learn/DFG/Ros2_WS/build/demo_tf -- -j2 -l2
[11.859s] Invoking command in '/home/wublabdubdub/Learn/DFG/Ros2_WS/build/demo_tf': CMAKE_PREFIX_PATH=${CMAKE_PREFIX_PATH}:/opt/ros/humble /usr/bin/cmake --install /home/wublabdubdub/Learn/DFG/Ros2_WS/build/demo_tf
[11.985s] -- Install configuration: ""
[11.996s] -- Up-to-date: /home/wublabdubdub/Learn/DFG/Ros2_WS/install/demo_tf/lib/demo_tf/static_tf_broadcaster
[12.001s] -- Up-to-date: /home/wublabdubdub/Learn/DFG/Ros2_WS/install/demo_tf/lib/demo_tf/dynamic_tf_broadcaster
[12.019s] -- Up-to-date: /home/wublabdubdub/Learn/DFG/Ros2_WS/install/demo_tf/lib/demo_tf/tf_listener
[12.019s] -- Installing: /home/wublabdubdub/Learn/DFG/Ros2_WS/install/demo_tf/share/demo_tf/launch
[12.033s] -- Installing: /home/wublabdubdub/Learn/DFG/Ros2_WS/install/demo_tf/share/demo_tf/launch/tf.launch.py
[12.033s] -- Up-to-date: /home/wublabdubdub/Learn/DFG/Ros2_WS/install/demo_tf/share/ament_index/resource_index/package_run_dependencies/demo_tf
[12.034s] -- Up-to-date: /home/wublabdubdub/Learn/DFG/Ros2_WS/install/demo_tf/share/ament_index/resource_index/parent_prefix_path/demo_tf
[12.040s] -- Up-to-date: /home/wublabdubdub/Learn/DFG/Ros2_WS/install/demo_tf/share/demo_tf/environment/ament_prefix_path.sh
[12.040s] -- Installing: /home/wublabdubdub/Learn/DFG/Ros2_WS/install/demo_tf/share/demo_tf/environment/ament_prefix_path.dsv
[12.045s] -- Up-to-date: /home/wublabdubdub/Learn/DFG/Ros2_WS/install/demo_tf/share/demo_tf/environment/path.sh
[12.045s] -- Installing: /home/wublabdubdub/Learn/DFG/Ros2_WS/install/demo_tf/share/demo_tf/environment/path.dsv
[12.046s] -- Up-to-date: /home/wublabdubdub/Learn/DFG/Ros2_WS/install/demo_tf/share/demo_tf/local_setup.bash
[12.046s] -- Up-to-date: /home/wublabdubdub/Learn/DFG/Ros2_WS/install/demo_tf/share/demo_tf/local_setup.sh
[12.051s] -- Up-to-date: /home/wublabdubdub/Learn/DFG/Ros2_WS/install/demo_tf/share/demo_tf/local_setup.zsh
[12.051s] -- Installing: /home/wublabdubdub/Learn/DFG/Ros2_WS/install/demo_tf/share/demo_tf/local_setup.dsv
[12.057s] -- Installing: /home/wublabdubdub/Learn/DFG/Ros2_WS/install/demo_tf/share/demo_tf/package.dsv
[12.057s] -- Up-to-date: /home/wublabdubdub/Learn/DFG/Ros2_WS/install/demo_tf/share/ament_index/resource_index/packages/demo_tf
[12.062s] -- Up-to-date: /home/wublabdubdub/Learn/DFG/Ros2_WS/install/demo_tf/share/demo_tf/cmake/demo_tfConfig.cmake
[12.068s] -- Up-to-date: /home/wublabdubdub/Learn/DFG/Ros2_WS/install/demo_tf/share/demo_tf/cmake/demo_tfConfig-version.cmake
[12.069s] -- Up-to-date: /home/wublabdubdub/Learn/DFG/Ros2_WS/install/demo_tf/share/demo_tf/package.xml
[12.134s] Invoked command in '/home/wublabdubdub/Learn/DFG/Ros2_WS/build/demo_tf' returned '0': CMAKE_PREFIX_PATH=${CMAKE_PREFIX_PATH}:/opt/ros/humble /usr/bin/cmake --install /home/wublabdubdub/Learn/DFG/Ros2_WS/build/demo_tf
